../Core/Src/console.c:435:20:console_get_parameter	12	static
../Core/Src/console.c:379:13:console_history_command	16	static
../Core/Src/console.c:119:13:console_help_command	16	static
../Core/Src/console.c:429:13:console_arg_is	16	static
../Core/Src/console.c:318:6:console_example_command	24	static
../Core/Src/console.c:71:6:console_gps_command	32	static
../Core/Src/console.c:242:13:console_rm_command	16	static
../Core/Src/console.c:226:13:console_ls_command	328	static
../Core/Src/console.c:168:13:console_info_command	8	static
../Core/Src/console.c:128:13:console_clock_command	64	static
../Core/Src/console.c:209:13:console_test_command	96	static
../Core/Src/console.c:180:13:console_format_command	16	static
../Core/Src/console.c:265:13:console_cat_command	440	static
../Core/Src/console.c:506:6:console_init	8	static
../Core/Src/console.c:513:6:console_process_key	32	static
