../Core/Src/flash.c:18:6:FSH_ResetEnable	32	static
../Core/Src/flash.c:28:6:FSH_Reset	32	static
../Core/Src/flash.c:38:6:FSH_GlobalUnlock	32	static
../Core/Src/flash.c:48:10:FSH_ReadJedecID	32	static,ignoring_inline_asm
../Core/Src/flash.c:64:6:FSH_Read	40	static,ignoring_inline_asm
../Core/Src/flash.c:80:6:FSH_EraseSector	32	static
../Core/Src/flash.c:90:6:FSH_EraseChip	32	static
../Core/Src/flash.c:100:6:FSH_ProgramPage	40	static,ignoring_inline_asm
../Core/Src/flash.c:117:6:FSH_WriteEnable	32	static
../Core/Src/flash.c:127:6:FSH_WriteDisable	32	static
../Core/Src/flash.c:137:6:FSH_ClearBlockProtectionRegister	48	static
../Core/Src/flash.c:147:9:FSH_ReadStatus	32	static
../Core/Src/flash.c:159:9:FSH_ReadConfig	32	static
../Core/Src/flash.c:171:6:FSH_WaitWhileBusy	8	static
