../Drivers/STM32F0xx_HAL_Driver/Src/stm32f0xx_hal_rtc_ex.c:159:19:HAL_RTCEx_SetTimeStamp	32	static
../Drivers/STM32F0xx_HAL_Driver/Src/stm32f0xx_hal_rtc_ex.c:229:19:HAL_RTCEx_SetTimeStamp_IT	32	static
../Drivers/STM32F0xx_HAL_Driver/Src/stm32f0xx_hal_rtc_ex.c:293:19:HAL_RTCEx_DeactivateTimeStamp	24	static
../Drivers/STM32F0xx_HAL_Driver/Src/stm32f0xx_hal_rtc_ex.c:337:19:HAL_RTCEx_GetTimeStamp	32	static
../Drivers/STM32F0xx_HAL_Driver/Src/stm32f0xx_hal_rtc_ex.c:390:19:HAL_RTCEx_SetTamper	24	static
../Drivers/STM32F0xx_HAL_Driver/Src/stm32f0xx_hal_rtc_ex.c:464:19:HAL_RTCEx_SetTamper_IT	24	static
../Drivers/STM32F0xx_HAL_Driver/Src/stm32f0xx_hal_rtc_ex.c:547:19:HAL_RTCEx_DeactivateTamper	16	static
../Drivers/STM32F0xx_HAL_Driver/Src/stm32f0xx_hal_rtc_ex.c:573:6:HAL_RTCEx_TamperTimeStampIRQHandler	16	static
../Drivers/STM32F0xx_HAL_Driver/Src/stm32f0xx_hal_rtc_ex.c:663:13:HAL_RTCEx_TimeStampEventCallback	16	static
../Drivers/STM32F0xx_HAL_Driver/Src/stm32f0xx_hal_rtc_ex.c:679:13:HAL_RTCEx_Tamper1EventCallback	16	static
../Drivers/STM32F0xx_HAL_Driver/Src/stm32f0xx_hal_rtc_ex.c:695:13:HAL_RTCEx_Tamper2EventCallback	16	static
../Drivers/STM32F0xx_HAL_Driver/Src/stm32f0xx_hal_rtc_ex.c:712:13:HAL_RTCEx_Tamper3EventCallback	16	static
../Drivers/STM32F0xx_HAL_Driver/Src/stm32f0xx_hal_rtc_ex.c:730:19:HAL_RTCEx_PollForTimeStampEvent	24	static
../Drivers/STM32F0xx_HAL_Driver/Src/stm32f0xx_hal_rtc_ex.c:773:19:HAL_RTCEx_PollForTamper1Event	24	static
../Drivers/STM32F0xx_HAL_Driver/Src/stm32f0xx_hal_rtc_ex.c:809:19:HAL_RTCEx_PollForTamper2Event	24	static
../Drivers/STM32F0xx_HAL_Driver/Src/stm32f0xx_hal_rtc_ex.c:846:19:HAL_RTCEx_PollForTamper3Event	24	static
../Drivers/STM32F0xx_HAL_Driver/Src/stm32f0xx_hal_rtc_ex.c:900:19:HAL_RTCEx_SetWakeUpTimer	32	static
../Drivers/STM32F0xx_HAL_Driver/Src/stm32f0xx_hal_rtc_ex.c:996:19:HAL_RTCEx_SetWakeUpTimer_IT	32	static
../Drivers/STM32F0xx_HAL_Driver/Src/stm32f0xx_hal_rtc_ex.c:1097:19:HAL_RTCEx_DeactivateWakeUpTimer	24	static
../Drivers/STM32F0xx_HAL_Driver/Src/stm32f0xx_hal_rtc_ex.c:1152:10:HAL_RTCEx_GetWakeUpTimer	16	static
../Drivers/STM32F0xx_HAL_Driver/Src/stm32f0xx_hal_rtc_ex.c:1164:6:HAL_RTCEx_WakeUpTimerIRQHandler	16	static
../Drivers/STM32F0xx_HAL_Driver/Src/stm32f0xx_hal_rtc_ex.c:1197:13:HAL_RTCEx_WakeUpTimerEventCallback	16	static
../Drivers/STM32F0xx_HAL_Driver/Src/stm32f0xx_hal_rtc_ex.c:1214:19:HAL_RTCEx_PollForWakeUpTimerEvent	24	static
../Drivers/STM32F0xx_HAL_Driver/Src/stm32f0xx_hal_rtc_ex.c:1282:6:HAL_RTCEx_BKUPWrite	32	static
../Drivers/STM32F0xx_HAL_Driver/Src/stm32f0xx_hal_rtc_ex.c:1305:10:HAL_RTCEx_BKUPRead	24	static
../Drivers/STM32F0xx_HAL_Driver/Src/stm32f0xx_hal_rtc_ex.c:1340:19:HAL_RTCEx_SetSmoothCalib	32	static
../Drivers/STM32F0xx_HAL_Driver/Src/stm32f0xx_hal_rtc_ex.c:1412:19:HAL_RTCEx_SetSynchroShift	32	static
../Drivers/STM32F0xx_HAL_Driver/Src/stm32f0xx_hal_rtc_ex.c:1507:19:HAL_RTCEx_SetCalibrationOutPut	16	static
../Drivers/STM32F0xx_HAL_Driver/Src/stm32f0xx_hal_rtc_ex.c:1546:19:HAL_RTCEx_DeactivateCalibrationOutPut	16	static
../Drivers/STM32F0xx_HAL_Driver/Src/stm32f0xx_hal_rtc_ex.c:1576:19:HAL_RTCEx_SetRefClock	32	static
../Drivers/STM32F0xx_HAL_Driver/Src/stm32f0xx_hal_rtc_ex.c:1620:19:HAL_RTCEx_DeactivateRefClock	32	static
../Drivers/STM32F0xx_HAL_Driver/Src/stm32f0xx_hal_rtc_ex.c:1666:19:HAL_RTCEx_EnableBypassShadow	16	static
../Drivers/STM32F0xx_HAL_Driver/Src/stm32f0xx_hal_rtc_ex.c:1699:19:HAL_RTCEx_DisableBypassShadow	16	static
