../Drivers/STM32F0xx_HAL_Driver/Src/stm32f0xx_hal_rtc.c:246:19:HAL_RTC_Init	32	static
../Drivers/STM32F0xx_HAL_Driver/Src/stm32f0xx_hal_rtc.c:362:19:HAL_RTC_DeInit	32	static
../Drivers/STM32F0xx_HAL_Driver/Src/stm32f0xx_hal_rtc.c:643:13:HAL_RTC_MspInit	16	static
../Drivers/STM32F0xx_HAL_Driver/Src/stm32f0xx_hal_rtc.c:659:13:HAL_RTC_MspDeInit	16	static
../Drivers/STM32F0xx_HAL_Driver/Src/stm32f0xx_hal_rtc.c:700:19:HAL_RTC_SetTime	40	static
../Drivers/STM32F0xx_HAL_Driver/Src/stm32f0xx_hal_rtc.c:814:19:HAL_RTC_GetTime	32	static
../Drivers/STM32F0xx_HAL_Driver/Src/stm32f0xx_hal_rtc.c:859:19:HAL_RTC_SetDate	40	static
../Drivers/STM32F0xx_HAL_Driver/Src/stm32f0xx_hal_rtc.c:948:19:HAL_RTC_GetDate	32	static
../Drivers/STM32F0xx_HAL_Driver/Src/stm32f0xx_hal_rtc.c:1006:19:HAL_RTC_SetAlarm	48	static
../Drivers/STM32F0xx_HAL_Driver/Src/stm32f0xx_hal_rtc.c:1162:19:HAL_RTC_SetAlarm_IT	48	static
../Drivers/STM32F0xx_HAL_Driver/Src/stm32f0xx_hal_rtc.c:1314:19:HAL_RTC_DeactivateAlarm	24	static
../Drivers/STM32F0xx_HAL_Driver/Src/stm32f0xx_hal_rtc.c:1380:19:HAL_RTC_GetAlarm	32	static
../Drivers/STM32F0xx_HAL_Driver/Src/stm32f0xx_hal_rtc.c:1421:6:HAL_RTC_AlarmIRQHandler	16	static
../Drivers/STM32F0xx_HAL_Driver/Src/stm32f0xx_hal_rtc.c:1454:13:HAL_RTC_AlarmAEventCallback	16	static
../Drivers/STM32F0xx_HAL_Driver/Src/stm32f0xx_hal_rtc.c:1471:19:HAL_RTC_PollForAlarmAEvent	24	static
../Drivers/STM32F0xx_HAL_Driver/Src/stm32f0xx_hal_rtc.c:1535:19:HAL_RTC_WaitForSynchro	24	static
../Drivers/STM32F0xx_HAL_Driver/Src/stm32f0xx_hal_rtc.c:1564:6:HAL_RTC_DST_Add1Hour	16	static
../Drivers/STM32F0xx_HAL_Driver/Src/stm32f0xx_hal_rtc.c:1578:6:HAL_RTC_DST_Sub1Hour	16	static
../Drivers/STM32F0xx_HAL_Driver/Src/stm32f0xx_hal_rtc.c:1592:6:HAL_RTC_DST_SetStoreOperation	16	static
../Drivers/STM32F0xx_HAL_Driver/Src/stm32f0xx_hal_rtc.c:1605:6:HAL_RTC_DST_ClearStoreOperation	16	static
../Drivers/STM32F0xx_HAL_Driver/Src/stm32f0xx_hal_rtc.c:1617:10:HAL_RTC_DST_ReadStoreOperation	16	static
../Drivers/STM32F0xx_HAL_Driver/Src/stm32f0xx_hal_rtc.c:1646:21:HAL_RTC_GetState	16	static
../Drivers/STM32F0xx_HAL_Driver/Src/stm32f0xx_hal_rtc.c:1672:19:RTC_EnterInitMode	24	static
../Drivers/STM32F0xx_HAL_Driver/Src/stm32f0xx_hal_rtc.c:1707:19:RTC_ExitInitMode	32	static
../Drivers/STM32F0xx_HAL_Driver/Src/stm32f0xx_hal_rtc.c:1733:9:RTC_ByteToBcd2	24	static
../Drivers/STM32F0xx_HAL_Driver/Src/stm32f0xx_hal_rtc.c:1751:9:RTC_Bcd2ToByte	24	static
