../Core/Src/console.c:71:6:console_gps_command	40	static
../Core/Src/console.c:111:13:console_help_command	24	static
../Core/Src/console.c:120:13:console_clock_command	112	static
../Core/Src/console.c:160:13:console_info_command	24	static
../Core/Src/console.c:172:13:console_format_command	24	static
../Core/Src/console.c:201:13:console_test_command	112	static
../Core/Src/console.c:218:13:console_ls_command	344	static
../Core/Src/console.c:234:13:console_rm_command	24	static
../Core/Src/console.c:257:13:console_cat_command	424	static
../Core/Src/console.c:310:6:console_example_command	40	static
../Core/Src/console.c:337:13:put_history	16	static
../Core/Src/console.c:348:13:get_history	16	static
../Core/Src/console.c:371:13:console_history_command	32	static
../Core/Src/console.c:382:13:console_print_array	64	static
../Core/Src/console.c:421:13:console_arg_is	32	static
../Core/Src/console.c:427:20:console_get_parameter	32	static
../Core/Src/console.c:483:13:process_command	32	static
../Core/Src/console.c:498:6:console_init	8	static
../Core/Src/console.c:505:6:console_process_key	16	static
