../Middlewares/littlefs/lfs_util.h:110:24:lfs_max	16	static
../Middlewares/littlefs/lfs_util.h:114:24:lfs_min	16	static
../Middlewares/littlefs/lfs_util.h:119:24:lfs_aligndown	16	static
../Middlewares/littlefs/lfs_util.h:123:24:lfs_alignup	16	static
../Middlewares/littlefs/lfs_util.h:128:24:lfs_npw2	16	static
../Middlewares/littlefs/lfs_util.h:145:24:lfs_ctz	16	static
../Middlewares/littlefs/lfs_util.h:154:24:lfs_popc	16	static
../Middlewares/littlefs/lfs_util.h:166:19:lfs_scmp	16	static
../Middlewares/littlefs/lfs_util.h:171:24:lfs_fromle32	16	static
../Middlewares/littlefs/lfs_util.h:189:24:lfs_tole32	16	static
../Middlewares/littlefs/lfs_util.h:194:24:lfs_frombe32	16	static
../Middlewares/littlefs/lfs_util.h:212:24:lfs_tobe32	16	static
../Middlewares/littlefs/lfs_util.h:221:21:lfs_malloc	16	static
../Middlewares/littlefs/lfs_util.h:231:20:lfs_free	16	static
../Middlewares/littlefs/lfs.c:30:20:lfs_cache_drop	16	static
../Middlewares/littlefs/lfs.c:37:20:lfs_cache_zero	16	static
../Middlewares/littlefs/lfs.c:43:12:lfs_bd_read	56	static
../Middlewares/littlefs/lfs.c:126:12:lfs_bd_cmp	80	static
../Middlewares/littlefs/lfs.c:153:12:lfs_bd_crc	72	static
../Middlewares/littlefs/lfs.c:175:12:lfs_bd_flush	72	static
../Middlewares/littlefs/lfs.c:210:12:lfs_bd_sync	32	static
../Middlewares/littlefs/lfs.c:226:12:lfs_bd_prog	40	static
../Middlewares/littlefs/lfs.c:274:12:lfs_bd_erase	24	static
../Middlewares/littlefs/lfs.c:285:20:lfs_pair_swap	24	static
../Middlewares/littlefs/lfs.c:291:20:lfs_pair_isnull	16	static
../Middlewares/littlefs/lfs.c:295:19:lfs_pair_cmp	16	static
../Middlewares/littlefs/lfs.c:302:20:lfs_pair_issync	16	static
../Middlewares/littlefs/lfs.c:309:20:lfs_pair_fromle32	24	static
../Middlewares/littlefs/lfs.c:315:20:lfs_pair_tole32	24	static
../Middlewares/littlefs/lfs.c:334:20:lfs_tag_isvalid	16	static
../Middlewares/littlefs/lfs.c:338:20:lfs_tag_isdelete	16	static
../Middlewares/littlefs/lfs.c:342:24:lfs_tag_type1	16	static
../Middlewares/littlefs/lfs.c:346:24:lfs_tag_type2	16	static
../Middlewares/littlefs/lfs.c:350:24:lfs_tag_type3	16	static
../Middlewares/littlefs/lfs.c:354:23:lfs_tag_chunk	16	static
../Middlewares/littlefs/lfs.c:358:22:lfs_tag_splice	16	static
../Middlewares/littlefs/lfs.c:362:24:lfs_tag_id	16	static
../Middlewares/littlefs/lfs.c:366:26:lfs_tag_size	16	static
../Middlewares/littlefs/lfs.c:370:26:lfs_tag_dsize	16	static
../Middlewares/littlefs/lfs.c:390:20:lfs_gstate_xor	24	static
../Middlewares/littlefs/lfs.c:396:20:lfs_gstate_iszero	24	static
../Middlewares/littlefs/lfs.c:406:20:lfs_gstate_hasorphans	16	static
../Middlewares/littlefs/lfs.c:410:23:lfs_gstate_getorphans	16	static
../Middlewares/littlefs/lfs.c:414:20:lfs_gstate_hasmove	16	static
../Middlewares/littlefs/lfs.c:419:20:lfs_gstate_needssuperblock	16	static
../Middlewares/littlefs/lfs.c:423:20:lfs_gstate_hasmovehere	16	static
../Middlewares/littlefs/lfs.c:428:20:lfs_gstate_fromle32	16	static
../Middlewares/littlefs/lfs.c:435:20:lfs_gstate_tole32	16	static
../Middlewares/littlefs/lfs.c:448:13:lfs_fcrc_fromle32	16	static
../Middlewares/littlefs/lfs.c:454:13:lfs_fcrc_tole32	16	static
../Middlewares/littlefs/lfs.c:461:13:lfs_ctz_fromle32	16	static
../Middlewares/littlefs/lfs.c:467:13:lfs_ctz_tole32	16	static
../Middlewares/littlefs/lfs.c:473:20:lfs_superblock_fromle32	16	static
../Middlewares/littlefs/lfs.c:483:20:lfs_superblock_tole32	16	static
../Middlewares/littlefs/lfs.c:494:13:lfs_mlist_isopen	24	static
../Middlewares/littlefs/lfs.c:506:13:lfs_mlist_remove	24	static
../Middlewares/littlefs/lfs.c:515:13:lfs_mlist_append	16	static
../Middlewares/littlefs/lfs.c:521:17:lfs_fs_disk_version	16	static
../Middlewares/littlefs/lfs.c:533:17:lfs_fs_disk_version_major	16	static
../Middlewares/littlefs/lfs.c:538:17:lfs_fs_disk_version_minor	16	static
../Middlewares/littlefs/lfs.c:596:12:lfs_alloc_lookahead	24	static
../Middlewares/littlefs/lfs.c:612:13:lfs_alloc_ack	16	static
../Middlewares/littlefs/lfs.c:618:13:lfs_alloc_drop	16	static
../Middlewares/littlefs/lfs.c:625:12:lfs_fs_rawgc	24	static
../Middlewares/littlefs/lfs.c:645:12:lfs_alloc	40	static
../Middlewares/littlefs/lfs.c:685:19:lfs_dir_getslice	72	static
../Middlewares/littlefs/lfs.c:747:19:lfs_dir_get	48	static
../Middlewares/littlefs/lfs.c:754:12:lfs_dir_getread	72	static
../Middlewares/littlefs/lfs.c:816:12:lfs_dir_traverse_filter	40	static
../Middlewares/littlefs/lfs.c:876:12:lfs_dir_traverse	280	static
../Middlewares/littlefs/lfs.c:1071:19:lfs_dir_fetchmatch	160	static
../Middlewares/littlefs/lfs.c:1350:12:lfs_dir_fetch	48	static
../Middlewares/littlefs/lfs.c:1358:12:lfs_dir_getgstate	56	static
../Middlewares/littlefs/lfs.c:1376:12:lfs_dir_getinfo	56	static
../Middlewares/littlefs/lfs.c:1416:12:lfs_dir_find_match	80	static
../Middlewares/littlefs/lfs.c:1440:19:lfs_dir_find	96	static
../Middlewares/littlefs/lfs.c:1552:12:lfs_dir_commitprog	56	static
../Middlewares/littlefs/lfs.c:1569:12:lfs_dir_commitattr	72	static
../Middlewares/littlefs/lfs.c:1617:12:lfs_dir_commitcrc	112	static
../Middlewares/littlefs/lfs.c:1763:12:lfs_dir_alloc	56	static
../Middlewares/littlefs/lfs.c:1807:12:lfs_dir_drop	48	static
../Middlewares/littlefs/lfs.c:1828:12:lfs_dir_split	88	static
../Middlewares/littlefs/lfs.c:1863:12:lfs_dir_commit_size	32	static
../Middlewares/littlefs/lfs.c:1880:12:lfs_dir_commit_commit	32	static
../Middlewares/littlefs/lfs.c:1887:13:lfs_dir_needsrelocation	16	static
../Middlewares/littlefs/lfs.c:1900:12:lfs_dir_compact	168	static
../Middlewares/littlefs/lfs.c:2073:12:lfs_dir_splittingcompact	104	static
../Middlewares/littlefs/lfs.c:2178:12:lfs_dir_relocatingcommit	176	static
../Middlewares/littlefs/lfs.c:2349:12:lfs_dir_orphaningcommit	248	static
../Middlewares/littlefs/lfs.c:2542:12:lfs_dir_commit	32	static
../Middlewares/littlefs/lfs.c:2566:12:lfs_rawmkdir	248	static
../Middlewares/littlefs/lfs.c:2662:12:lfs_dir_rawopen	64	static
../Middlewares/littlefs/lfs.c:2706:12:lfs_dir_rawclose	16	static
../Middlewares/littlefs/lfs.c:2713:12:lfs_dir_rawread	32	static
../Middlewares/littlefs/lfs.c:2758:12:lfs_dir_rawseek	32	static
../Middlewares/littlefs/lfs.c:2795:19:lfs_dir_rawtell	16	static
../Middlewares/littlefs/lfs.c:2800:12:lfs_dir_rawrewind	24	static
../Middlewares/littlefs/lfs.c:2814:12:lfs_ctz_index	40	static
../Middlewares/littlefs/lfs.c:2827:12:lfs_ctz_find	72	static
../Middlewares/littlefs/lfs.c:2862:12:lfs_ctz_extend	88	static
../Middlewares/littlefs/lfs.c:2961:12:lfs_ctz_traverse	80	static
../Middlewares/littlefs/lfs.c:3006:12:lfs_file_rawopencfg	120	static
../Middlewares/littlefs/lfs.c:3173:12:lfs_file_rawopen	48	static
../Middlewares/littlefs/lfs.c:3181:12:lfs_file_rawclose	24	static
../Middlewares/littlefs/lfs.c:3201:12:lfs_file_relocate	64	static
../Middlewares/littlefs/lfs.c:3272:12:lfs_file_outline	24	static
../Middlewares/littlefs/lfs.c:3285:12:lfs_file_flush	128	static
../Middlewares/littlefs/lfs.c:3366:12:lfs_file_rawsync	80	static
../Middlewares/littlefs/lfs.c:3418:20:lfs_file_flushedread	88	static
../Middlewares/littlefs/lfs.c:3479:20:lfs_file_rawread	32	static
../Middlewares/littlefs/lfs.c:3498:20:lfs_file_flushedwrite	88	static
../Middlewares/littlefs/lfs.c:3586:20:lfs_file_rawwrite	48	static
../Middlewares/littlefs/lfs.c:3630:19:lfs_file_rawseek	56	static
../Middlewares/littlefs/lfs.c:3694:12:lfs_file_rawtruncate	88	static
../Middlewares/littlefs/lfs.c:3779:19:lfs_file_rawtell	16	static
../Middlewares/littlefs/lfs.c:3784:12:lfs_file_rawrewind	24	static
../Middlewares/littlefs/lfs.c:3793:19:lfs_file_rawsize	16	static
../Middlewares/littlefs/lfs.c:3807:12:lfs_rawstat	64	static
../Middlewares/littlefs/lfs.c:3818:12:lfs_rawremove	144	static
../Middlewares/littlefs/lfs.c:3897:12:lfs_rawrename	288	static
../Middlewares/littlefs/lfs.c:4032:20:lfs_rawgetattr	88	static
../Middlewares/littlefs/lfs.c:4066:12:lfs_commitattr	96	static
../Middlewares/littlefs/lfs.c:4090:12:lfs_rawsetattr	40	static
../Middlewares/littlefs/lfs.c:4101:12:lfs_rawremoveattr	32	static
../Middlewares/littlefs/lfs.c:4108:12:lfs_init	56	static
../Middlewares/littlefs/lfs.c:4236:12:lfs_deinit	16	static
../Middlewares/littlefs/lfs.c:4256:12:lfs_rawformat	144	static
../Middlewares/littlefs/lfs.c:4323:12:lfs_rawmount	144	static
../Middlewares/littlefs/lfs.c:4490:12:lfs_rawunmount	16	static
../Middlewares/littlefs/lfs.c:4496:12:lfs_fs_rawstat	96	static
../Middlewares/littlefs/lfs.c:4536:5:lfs_fs_rawtraverse	144	static
../Middlewares/littlefs/lfs.c:4644:12:lfs_fs_pred	48	static
../Middlewares/littlefs/lfs.c:4688:12:lfs_fs_parent_match	80	static
../Middlewares/littlefs/lfs.c:4709:19:lfs_fs_parent	80	static
../Middlewares/littlefs/lfs.c:4746:13:lfs_fs_prepsuperblock	16	static
../Middlewares/littlefs/lfs.c:4752:12:lfs_fs_preporphans	24	static
../Middlewares/littlefs/lfs.c:4764:13:lfs_fs_prepmove	24	static
../Middlewares/littlefs/lfs.c:4774:12:lfs_fs_desuperblock	104	static
../Middlewares/littlefs/lfs.c:4813:12:lfs_fs_demove	80	static
../Middlewares/littlefs/lfs.c:4849:12:lfs_fs_deorphan	208	static
../Middlewares/littlefs/lfs.c:4980:12:lfs_fs_forceconsistency	24	static
../Middlewares/littlefs/lfs.c:5001:12:lfs_fs_rawmkconsistent	72	static
../Middlewares/littlefs/lfs.c:5030:12:lfs_fs_size_count	24	static
../Middlewares/littlefs/lfs.c:5037:20:lfs_fs_rawsize	24	static
../Middlewares/littlefs/lfs.c:5048:12:lfs_fs_rawgrow	112	static
../Middlewares/littlefs/lfs.c:5752:5:lfs_format	24	static
../Middlewares/littlefs/lfs.c:5782:5:lfs_mount	24	static
../Middlewares/littlefs/lfs.c:5811:5:lfs_unmount	24	static
../Middlewares/littlefs/lfs.c:5826:5:lfs_remove	24	static
../Middlewares/littlefs/lfs.c:5842:5:lfs_rename	32	static
../Middlewares/littlefs/lfs.c:5857:5:lfs_stat	32	static
../Middlewares/littlefs/lfs.c:5871:13:lfs_getattr	48	static
../Middlewares/littlefs/lfs.c:5888:5:lfs_setattr	48	static
../Middlewares/littlefs/lfs.c:5906:5:lfs_removeattr	32	static
../Middlewares/littlefs/lfs.c:5922:5:lfs_file_open	32	static
../Middlewares/littlefs/lfs.c:5939:5:lfs_file_opencfg	48	static
../Middlewares/littlefs/lfs.c:5959:5:lfs_file_close	24	static
../Middlewares/littlefs/lfs.c:5975:5:lfs_file_sync	24	static
../Middlewares/littlefs/lfs.c:5991:13:lfs_file_read	32	static
../Middlewares/littlefs/lfs.c:6009:13:lfs_file_write	32	static
../Middlewares/littlefs/lfs.c:6027:12:lfs_file_seek	32	static
../Middlewares/littlefs/lfs.c:6045:5:lfs_file_truncate	32	static
../Middlewares/littlefs/lfs.c:6062:12:lfs_file_tell	24	static
../Middlewares/littlefs/lfs.c:6077:5:lfs_file_rewind	24	static
../Middlewares/littlefs/lfs.c:6091:12:lfs_file_size	24	static
../Middlewares/littlefs/lfs.c:6107:5:lfs_mkdir	24	static
../Middlewares/littlefs/lfs.c:6122:5:lfs_dir_open	32	static
../Middlewares/littlefs/lfs.c:6137:5:lfs_dir_close	24	static
../Middlewares/littlefs/lfs.c:6151:5:lfs_dir_read	32	static
../Middlewares/littlefs/lfs.c:6166:5:lfs_dir_seek	32	static
../Middlewares/littlefs/lfs.c:6181:12:lfs_dir_tell	24	static
../Middlewares/littlefs/lfs.c:6195:5:lfs_dir_rewind	24	static
../Middlewares/littlefs/lfs.c:6209:5:lfs_fs_stat	24	static
../Middlewares/littlefs/lfs.c:6223:13:lfs_fs_size	24	static
../Middlewares/littlefs/lfs.c:6237:5:lfs_fs_traverse	32	static
../Middlewares/littlefs/lfs.c:6253:5:lfs_fs_gc	24	static
../Middlewares/littlefs/lfs.c:6269:5:lfs_fs_mkconsistent	24	static
../Middlewares/littlefs/lfs.c:6285:5:lfs_fs_grow	24	static
