Archive member included to satisfy reference by file (symbol)

/opt/st/stm32cubeide_1.12.0/plugins/com.st.stm32cube.ide.mcu.externaltools.gnu-tools-for-stm32.10.3-2021.10.linux64_1.0.200.202301161003/tools/bin/../lib/gcc/arm-none-eabi/10.3.1/../../../../arm-none-eabi/lib/thumb/v6-m/nofp/libc_nano.a(lib_a-assert.o)
                              ./Core/Src/queue.o (__assert_func)
/opt/st/stm32cubeide_1.12.0/plugins/com.st.stm32cube.ide.mcu.externaltools.gnu-tools-for-stm32.10.3-2021.10.linux64_1.0.200.202301161003/tools/bin/../lib/gcc/arm-none-eabi/10.3.1/../../../../arm-none-eabi/lib/thumb/v6-m/nofp/libc_nano.a(lib_a-atof.o)
                              ./Core/Src/gps.o (atof)
/opt/st/stm32cubeide_1.12.0/plugins/com.st.stm32cube.ide.mcu.externaltools.gnu-tools-for-stm32.10.3-2021.10.linux64_1.0.200.202301161003/tools/bin/../lib/gcc/arm-none-eabi/10.3.1/../../../../arm-none-eabi/lib/thumb/v6-m/nofp/libc_nano.a(lib_a-atoi.o)
                              ./Core/Src/gps.o (atoi)
/opt/st/stm32cubeide_1.12.0/plugins/com.st.stm32cube.ide.mcu.externaltools.gnu-tools-for-stm32.10.3-2021.10.linux64_1.0.200.202301161003/tools/bin/../lib/gcc/arm-none-eabi/10.3.1/../../../../arm-none-eabi/lib/thumb/v6-m/nofp/libc_nano.a(lib_a-errno.o)
                              ./Core/Src/syscalls.o (__errno)
/opt/st/stm32cubeide_1.12.0/plugins/com.st.stm32cube.ide.mcu.externaltools.gnu-tools-for-stm32.10.3-2021.10.linux64_1.0.200.202301161003/tools/bin/../lib/gcc/arm-none-eabi/10.3.1/../../../../arm-none-eabi/lib/thumb/v6-m/nofp/libc_nano.a(lib_a-exit.o)
                              /opt/st/stm32cubeide_1.12.0/plugins/com.st.stm32cube.ide.mcu.externaltools.gnu-tools-for-stm32.10.3-2021.10.linux64_1.0.200.202301161003/tools/bin/../lib/gcc/arm-none-eabi/10.3.1/../../../../arm-none-eabi/lib/thumb/v6-m/nofp/crt0.o (exit)
/opt/st/stm32cubeide_1.12.0/plugins/com.st.stm32cube.ide.mcu.externaltools.gnu-tools-for-stm32.10.3-2021.10.linux64_1.0.200.202301161003/tools/bin/../lib/gcc/arm-none-eabi/10.3.1/../../../../arm-none-eabi/lib/thumb/v6-m/nofp/libc_nano.a(lib_a-fprintf.o)
                              /opt/st/stm32cubeide_1.12.0/plugins/com.st.stm32cube.ide.mcu.externaltools.gnu-tools-for-stm32.10.3-2021.10.linux64_1.0.200.202301161003/tools/bin/../lib/gcc/arm-none-eabi/10.3.1/../../../../arm-none-eabi/lib/thumb/v6-m/nofp/libc_nano.a(lib_a-assert.o) (fiprintf)
/opt/st/stm32cubeide_1.12.0/plugins/com.st.stm32cube.ide.mcu.externaltools.gnu-tools-for-stm32.10.3-2021.10.linux64_1.0.200.202301161003/tools/bin/../lib/gcc/arm-none-eabi/10.3.1/../../../../arm-none-eabi/lib/thumb/v6-m/nofp/libc_nano.a(lib_a-getchar.o)
                              ./Core/Src/console.o (getchar)
/opt/st/stm32cubeide_1.12.0/plugins/com.st.stm32cube.ide.mcu.externaltools.gnu-tools-for-stm32.10.3-2021.10.linux64_1.0.200.202301161003/tools/bin/../lib/gcc/arm-none-eabi/10.3.1/../../../../arm-none-eabi/lib/thumb/v6-m/nofp/libc_nano.a(lib_a-impure.o)
                              /opt/st/stm32cubeide_1.12.0/plugins/com.st.stm32cube.ide.mcu.externaltools.gnu-tools-for-stm32.10.3-2021.10.linux64_1.0.200.202301161003/tools/bin/../lib/gcc/arm-none-eabi/10.3.1/../../../../arm-none-eabi/lib/thumb/v6-m/nofp/libc_nano.a(lib_a-exit.o) (_global_impure_ptr)
/opt/st/stm32cubeide_1.12.0/plugins/com.st.stm32cube.ide.mcu.externaltools.gnu-tools-for-stm32.10.3-2021.10.linux64_1.0.200.202301161003/tools/bin/../lib/gcc/arm-none-eabi/10.3.1/../../../../arm-none-eabi/lib/thumb/v6-m/nofp/libc_nano.a(lib_a-init.o)
                              /opt/st/stm32cubeide_1.12.0/plugins/com.st.stm32cube.ide.mcu.externaltools.gnu-tools-for-stm32.10.3-2021.10.linux64_1.0.200.202301161003/tools/bin/../lib/gcc/arm-none-eabi/10.3.1/../../../../arm-none-eabi/lib/thumb/v6-m/nofp/crt0.o (__libc_init_array)
/opt/st/stm32cubeide_1.12.0/plugins/com.st.stm32cube.ide.mcu.externaltools.gnu-tools-for-stm32.10.3-2021.10.linux64_1.0.200.202301161003/tools/bin/../lib/gcc/arm-none-eabi/10.3.1/../../../../arm-none-eabi/lib/thumb/v6-m/nofp/libc_nano.a(lib_a-malloc.o)
                              ./Core/Src/queue.o (malloc)
/opt/st/stm32cubeide_1.12.0/plugins/com.st.stm32cube.ide.mcu.externaltools.gnu-tools-for-stm32.10.3-2021.10.linux64_1.0.200.202301161003/tools/bin/../lib/gcc/arm-none-eabi/10.3.1/../../../../arm-none-eabi/lib/thumb/v6-m/nofp/libc_nano.a(lib_a-memcmp.o)
                              ./Middlewares/littlefs/lfs.o (memcmp)
/opt/st/stm32cubeide_1.12.0/plugins/com.st.stm32cube.ide.mcu.externaltools.gnu-tools-for-stm32.10.3-2021.10.linux64_1.0.200.202301161003/tools/bin/../lib/gcc/arm-none-eabi/10.3.1/../../../../arm-none-eabi/lib/thumb/v6-m/nofp/libc_nano.a(lib_a-memcpy-stub.o)
                              ./Core/Src/gps.o (memcpy)
/opt/st/stm32cubeide_1.12.0/plugins/com.st.stm32cube.ide.mcu.externaltools.gnu-tools-for-stm32.10.3-2021.10.linux64_1.0.200.202301161003/tools/bin/../lib/gcc/arm-none-eabi/10.3.1/../../../../arm-none-eabi/lib/thumb/v6-m/nofp/libc_nano.a(lib_a-memset.o)
[...]
Memory Configuration

Name             Origin             Length             Attributes
RAM              0x0000000020000000 0x0000000000004000 xrw
FLASH            0x0000000008000000 0x0000000000020000 xr
*default*        0x0000000000000000 0xffffffffffffffff

Linker script and memory map

LOAD /opt/st/stm32cubeide_1.12.0/plugins/com.st.stm32cube.ide.mcu.externaltools.gnu-tools-for-stm32.10.3-2021.10.linux64_1.0.200.202301161003/tools/bin/../lib/gcc/arm-none-eabi/10.3.1/thumb/v6-m/nofp/crti.o
LOAD /opt/st/stm32cubeide_1.12.0/plugins/com.st.stm32cube.ide.mcu.externaltools.gnu-tools-for-stm32.10.3-2021.10.linux64_1.0.200.202301161003/tools/bin/../lib/gcc/arm-none-eabi/10.3.1/thumb/v6-m/nofp/crtbegin.o
LOAD /opt/st/stm32cubeide_1.12.0/plugins/com.st.stm32cube.ide.mcu.externaltools.gnu-tools-for-stm32.10.3-2021.10.linux64_1.0.200.202301161003/tools/bin/../lib/gcc/arm-none-eabi/10.3.1/../../../../arm-none-eabi/lib/thumb/v6-m/nofp/crt0.o
LOAD ./Core/Src/clock.o
LOAD ./Core/Src/console.o
LOAD ./Core/Src/flash.o
LOAD ./Core/Src/fs.o
LOAD ./Core/Src/gps.o
LOAD ./Core/Src/main.o
LOAD ./Core/Src/main_task.o
LOAD ./Core/Src/queue.o
LOAD ./Core/Src/stm32f0xx_hal_msp.o
LOAD ./Core/Src/stm32f0xx_it.o
LOAD ./Core/Src/syscalls.o
LOAD ./Core/Src/sysmem.o
LOAD ./Core/Src/system_stm32f0xx.o
LOAD ./Core/Startup/startup_stm32f072cbtx.o
LOAD ./Drivers/STM32F0xx_HAL_Driver/Src/stm32f0xx_hal.o
LOAD ./Drivers/STM32F0xx_HAL_Driver/Src/stm32f0xx_hal_cortex.o
LOAD ./Drivers/STM32F0xx_HAL_Driver/Src/stm32f0xx_hal_dma.o
LOAD ./Drivers/STM32F0xx_HAL_Driver/Src/stm32f0xx_hal_exti.o
LOAD ./Drivers/STM32F0xx_HAL_Driver/Src/stm32f0xx_hal_flash.o
LOAD ./Drivers/STM32F0xx_HAL_Driver/Src/stm32f0xx_hal_flash_ex.o
LOAD ./Drivers/STM32F0xx_HAL_Driver/Src/stm32f0xx_hal_gpio.o
LOAD ./Drivers/STM32F0xx_HAL_Driver/Src/stm32f0xx_hal_i2c.o
LOAD ./Drivers/STM32F0xx_HAL_Driver/Src/stm32f0xx_hal_i2c_ex.o
LOAD ./Drivers/STM32F0xx_HAL_Driver/Src/stm32f0xx_hal_pcd.o
LOAD ./Drivers/STM32F0xx_HAL_Driver/Src/stm32f0xx_hal_pcd_ex.o
LOAD ./Drivers/STM32F0xx_HAL_Driver/Src/stm32f0xx_hal_pwr.o
LOAD ./Drivers/STM32F0xx_HAL_Driver/Src/stm32f0xx_hal_pwr_ex.o
LOAD ./Drivers/STM32F0xx_HAL_Driver/Src/stm32f0xx_hal_rcc.o
LOAD ./Drivers/STM32F0xx_HAL_Driver/Src/stm32f0xx_hal_rcc_ex.o
LOAD ./Drivers/STM32F0xx_HAL_Driver/Src/stm32f0xx_hal_rtc.o
LOAD ./Drivers/STM32F0xx_HAL_Driver/Src/stm32f0xx_hal_rtc_ex.o
LOAD ./Drivers/STM32F0xx_HAL_Driver/Src/stm32f0xx_hal_spi.o
LOAD ./Drivers/STM32F0xx_HAL_Driver/Src/stm32f0xx_hal_spi_ex.o
LOAD ./Drivers/STM32F0xx_HAL_Driver/Src/stm32f0xx_hal_tim.o
LOAD ./Drivers/STM32F0xx_HAL_Driver/Src/stm32f0xx_hal_tim_ex.o
LOAD ./Drivers/STM32F0xx_HAL_Driver/Src/stm32f0xx_hal_uart.o
LOAD ./Drivers/STM32F0xx_HAL_Driver/Src/stm32f0xx_hal_uart_ex.o
LOAD ./Drivers/STM32F0xx_HAL_Driver/Src/stm32f0xx_ll_usb.o
LOAD ./Middlewares/ST/STM32_USB_Device_Library/Class/CDC/Src/usbd_cdc.o
LOAD ./Middlewares/ST/STM32_USB_Device_Library/Core/Src/usbd_core.o
LOAD ./Middlewares/ST/STM32_USB_Device_Library/Core/Src/usbd_ctlreq.o
LOAD ./Middlewares/ST/STM32_USB_Device_Library/Core/Src/usbd_ioreq.o
LOAD ./Middlewares/littlefs/lfs.o
LOAD ./Middlewares/littlefs/lfs_util.o
LOAD ./USB_DEVICE/App/usb_device.o
LOAD ./USB_DEVICE/App/usbd_cdc_if.o
LOAD ./USB_DEVICE/App/usbd_desc.o
LOAD ./USB_DEVICE/Target/usbd_conf.o
START GROUP
LOAD /opt/st/stm32cubeide_1.12.0/plugins/com.st.stm32cube.ide.mcu.externaltools.gnu-tools-for-stm32.10.3-2021.10.linux64_1.0.200.202301161003/tools/bin/../lib/gcc/arm-none-eabi/10.3.1/../../../../arm-none-eabi/lib/thumb/v6-m/nofp/libc_nano.a
LOAD /opt/st/stm32cubeide_1.12.0/plugins/com.st.stm32cube.ide.mcu.externaltools.gnu-tools-for-stm32.10.3-2021.10.linux64_1.0.200.202301161003/tools/bin/../lib/gcc/arm-none-eabi/10.3.1/../../../../arm-none-eabi/lib/thumb/v6-m/nofp/libm.a
END GROUP
START GROUP
LOAD /opt/st/stm32cubeide_1.12.0/plugins/com.st.stm32cube.ide.mcu.externaltools.gnu-tools-for-stm32.10.3-2021.10.linux64_1.0.200.202301161003/tools/bin/../lib/gcc/arm-none-eabi/10.3.1/thumb/v6-m/nofp/libgcc.a
LOAD /opt/st/stm32cubeide_1.12.0/plugins/com.st.stm32cube.ide.mcu.externaltools.gnu-tools-for-stm32.10.3-2021.10.linux64_1.0.200.202301161003/tools/bin/../lib/gcc/arm-none-eabi/10.3.1/../../../../arm-none-eabi/lib/thumb/v6-m/nofp/libc_nano.a
END GROUP
START GROUP
LOAD /opt/st/stm32cubeide_1.12.0/plugins/com.st.stm32cube.ide.mcu.externaltools.gnu-tools-for-stm32.10.3-2021.10.linux64_1.0.200.202301161003/tools/bin/../lib/gcc/arm-none-eabi/10.3.1/thumb/v6-m/nofp/libgcc.a
LOAD /opt/st/stm32cubeide_1.12.0/plugins/com.st.stm32cube.ide.mcu.externaltools.gnu-tools-for-stm32.10.3-2021.10.linux64_1.0.200.202301161003/tools/bin/../lib/gcc/arm-none-eabi/10.3.1/../../../../arm-none-eabi/lib/thumb/v6-m/nofp/libc_nano.a
LOAD /opt/st/stm32cubeide_1.12.0/plugins/com.st.stm32cube.ide.mcu.externaltools.gnu-tools-for-stm32.10.3-2021.10.linux64_1.0.200.202301161003/tools/bin/../lib/gcc/arm-none-eabi/10.3.1/../../../../arm-none-eabi/lib/thumb/v6-m/nofp/libnosys.a
END GROUP
START GROUP
LOAD /opt/st/stm32cubeide_1.12.0/plugins/com.st.stm32cube.ide.mcu.externaltools.gnu-tools-for-stm32.10.3-2021.10.linux64_1.0.200.202301161003/tools/bin/../lib/gcc/arm-none-eabi/10.3.1/thumb/v6-m/nofp/libgcc.a
LOAD /opt/st/stm32cubeide_1.12.0/plugins/com.st.stm32cube.ide.mcu.externaltools.gnu-tools-for-stm32.10.3-2021.10.linux64_1.0.200.202301161003/tools/bin/../lib/gcc/arm-none-eabi/10.3.1/../../../../arm-none-eabi/lib/thumb/v6-m/nofp/libc_nano.a
LOAD /opt/st/stm32cubeide_1.12.0/plugins/com.st.stm32cube.ide.mcu.externaltools.gnu-tools-for-stm32.10.3-2021.10.linux64_1.0.200.202301161003/tools/bin/../lib/gcc/arm-none-eabi/10.3.1/../../../../arm-none-eabi/lib/thumb/v6-m/nofp/libnosys.a
END GROUP
LOAD /opt/st/stm32cubeide_1.12.0/plugins/com.st.stm32cube.ide.mcu.externaltools.gnu-tools-for-stm32.10.3-2021.10.linux64_1.0.200.202301161003/tools/bin/../lib/gcc/arm-none-eabi/10.3.1/thumb/v6-m/nofp/crtend.o
LOAD /opt/st/stm32cubeide_1.12.0/plugins/com.st.stm32cube.ide.mcu.externaltools.gnu-tools-for-stm32.10.3-2021.10.linux64_1.0.200.202301161003/tools/bin/../lib/gcc/arm-none-eabi/10.3.1/thumb/v6-m/nofp/crtn.o
                0x0000000020004000                _estack = (ORIGIN (RAM) + LENGTH (RAM))
                0x0000000000000400                _Min_Heap_Size = 0x400
                0x0000000000001000                _Min_Stack_Size = 0x1000

.isr_vector     0x0000000008000000       0xc0
                0x0000000008000000                . = ALIGN (0x4)
 *(.isr_vector)
 .isr_vector    0x0000000008000000       0xc0 ./Core/Startup/startup_stm32f072cbtx.o
                0x0000000008000000                g_pfnVectors
                0x00000000080000c0                . = ALIGN (0x4)

.text           0x00000000080000c0    0x1bd5c
                0x00000000080000c0                . = ALIGN (0x4)
 *(.text)
 .text          0x00000000080000c0       0x48 /opt/st/stm32cubeide_1.12.0/plugins/com.st.stm32cube.ide.mcu.externaltools.gnu-tools-for-stm32.10.3-2021.10.linux64_1.0.200.202301161003/tools/bin/../lib/gcc/arm-none-eabi/10.3.1/thumb/v6-m/nofp/crtbegin.o
 .text          0x0000000008000108       0x14 /opt/st/stm32cubeide_1.12.0/plugins/com.st.stm32cube.ide.mcu.externaltools.gnu-tools-for-stm32.10.3-2021.10.linux64_1.0.200.202301161003/tools/bin/../lib/gcc/arm-none-eabi/10.3.1/../../../../arm-none-eabi/lib/thumb/v6-m/nofp/libc_nano.a(lib_a-strcmp.o)
                0x0000000008000108                strcmp
 .text          0x000000000800011c        0xe /opt/st/stm32cubeide_1.12.0/plugins/com.st.stm32cube.ide.mcu.externaltools.gnu-tools-for-stm32.10.3-2021.10.linux64_1.0.200.202301161003/tools/bin/../lib/gcc/arm-none-eabi/10.3.1/../../../../arm-none-eabi/lib/thumb/v6-m/nofp/libc_nano.a(lib_a-strlen.o)
                0x000000000800011c                strlen
 *fill*         0x000000000800012a        0x2 
 .text          0x000000000800012c       0x14 /opt/st/stm32cubeide_1.12.0/plugins/com.st.stm32cube.ide.mcu.externaltools.gnu-tools-for-stm32.10.3-2021.10.linux64_1.0.200.202301161003/tools/bin/../lib/gcc/arm-none-eabi/10.3.1/thumb/v6-m/nofp/libgcc.a(_thumb1_case_uqi.o)
                0x000000000800012c                __gnu_thumb1_case_uqi
 .text          0x0000000008000140       0x14 /opt/st/stm32cubeide_1.12.0/plugins/com.st.stm32cube.ide.mcu.externaltools.gnu-tools-for-stm32.10.3-2021.10.linux64_1.0.200.202301161003/tools/bin/../lib/gcc/arm-none-eabi/10.3.1/thumb/v6-m/nofp/libgcc.a(_thumb1_case_shi.o)
                0x0000000008000140                __gnu_thumb1_case_shi
 .text          0x0000000008000154      0x114 /opt/st/stm32cubeide_1.12.0/plugins/com.st.stm32cube.ide.mcu.externaltools.gnu-tools-for-stm32.10.3-2021.10.linux64_1.0.200.202301161003/tools/bin/../lib/gcc/arm-none-eabi/10.3.1/thumb/v6-m/nofp/libgcc.a(_udivsi3.o)
                0x0000000008000154                __udivsi3
                0x0000000008000154                __aeabi_uidiv
                0x0000000008000260                __aeabi_uidivmod
 .text          0x0000000008000268      0x1d4 /opt/st/stm32cubeide_1.12.0/plugins/com.st.stm32cube.ide.mcu.externaltools.gnu-tools-for-stm32.10.3-2021.10.linux64_1.0.200.202301161003/tools/bin/../lib/gcc/arm-none-eabi/10.3.1/thumb/v6-m/nofp/libgcc.a(_divsi3.o)
                0x0000000008000268                __aeabi_idiv
                0x0000000008000268                __divsi3
                0x0000000008000434                __aeabi_idivmod
 .text          0x000000000800043c        0x4 /opt/st/stm32cubeide_1.12.0/plugins/com.st.stm32cube.ide.mcu.externaltools.gnu-tools-for-stm32.10.3-2021.10.linux64_1.0.200.202301161003/tools/bin/../lib/gcc/arm-none-eabi/10.3.1/thumb/v6-m/nofp/libgcc.a(_dvmd_tls.o)
                0x000000000800043c                __aeabi_ldiv0
                0x000000000800043c                __aeabi_idiv0
 .text          0x0000000008000440       0x7c /opt/st/stm32cubeide_1.12.0/plugins/com.st.stm32cube.ide.mcu.externaltools.gnu-tools-for-stm32.10.3-2021.10.linux64_1.0.200.202301161003/tools/bin/../lib/gcc/arm-none-eabi/10.3.1/thumb/v6-m/nofp/libgcc.a(_arm_cmpdf2.o)
                0x0000000008000440                __aeabi_cdrcmple
                0x0000000008000450                __aeabi_cdcmple
                0x0000000008000450                __aeabi_cdcmpeq
                0x0000000008000460                __aeabi_dcmpeq
                0x000000000800046c                __aeabi_dcmplt
                0x0000000008000480                __aeabi_dcmple
                0x0000000008000494                __aeabi_dcmpgt
                0x00000000080004a8                __aeabi_dcmpge
 .text          0x00000000080004bc       0x3c /opt/st/stm32cubeide_1.12.0/plugins/com.st.stm32cube.ide.mcu.externaltools.gnu-tools-for-stm32.10.3-2021.10.linux64_1.0.200.202301161003/tools/bin/../lib/gcc/arm-none-eabi/10.3.1/thumb/v6-m/nofp/libgcc.a(_clzsi2.o)
                0x00000000080004bc                __clzsi2
 .text          0x00000000080004f8       0x40 /opt/st/stm32cubeide_1.12.0/plugins/com.st.stm32cube.ide.mcu.externaltools.gnu-tools-for-stm32.10.3-2021.10.linux64_1.0.200.202301161003/tools/bin/../lib/gcc/arm-none-eabi/10.3.1/thumb/v6-m/nofp/libgcc.a(_ctzsi2.o)
                0x00000000080004f8                __ctzsi2
 .text          0x0000000008000538       0x34 /opt/st/stm32cubeide_1.12.0/plugins/com.st.stm32cube.ide.mcu.externaltools.gnu-tools-for-stm32.10.3-2021.10.linux64_1.0.200.202301161003/tools/bin/../lib/gcc/arm-none-eabi/10.3.1/thumb/v6-m/nofp/libgcc.a(_popcountsi2.o)
                0x0000000008000538                __popcountsi2
 .text          0x000000000800056c       0x3c /opt/st/stm32cubeide_1.12.0/plugins/com.st.stm32cube.ide.mcu.externaltools.gnu-tools-for-stm32.10.3-2021.10.linux64_1.0.200.202301161003/tools/bin/../lib/gcc/arm-none-eabi/10.3.1/thumb/v6-m/nofp/libgcc.a(_fixunsdfsi.o)
                0x000000000800056c                __fixunsdfsi
                0x000000000800056c                __aeabi_d2uiz
 .text          0x00000000080005a8       0x3c /opt/st/stm32cubeide_1.12.0/plugins/com.st.stm32cube.ide.mcu.externaltools.gnu-tools-for-stm32.10.3-2021.10.linux64_1.0.200.202301161003/tools/bin/../lib/gcc/arm-none-eabi/10.3.1/thumb/v6-m/nofp/libgcc.a(_fixdfdi.o)
                0x00000000080005a8                __aeabi_d2lz
                0x00000000080005a8                __fixdfdi
 .text          0x00000000080005e4       0x3c /opt/st/stm32cubeide_1.12.0/plugins/com.st.stm32cube.ide.mcu.externaltools.gnu-tools-for-stm32.10.3-2021.10.linux64_1.0.200.202301161003/tools/bin/../lib/gcc/arm-none-eabi/10.3.1/thumb/v6-m/nofp/libgcc.a(_fixunsdfdi.o)
                0x00000000080005e4                __aeabi_d2ulz
                0x00000000080005e4                __fixunsdfdi
 .text          0x0000000008000620       0x2c /opt/st/stm32cubeide_1.12.0/plugins/com.st.stm32cube.ide.mcu.externaltools.gnu-tools-for-stm32.10.3-2021.10.linux64_1.0.200.202301161003/tools/bin/../lib/gcc/arm-none-eabi/10.3.1/thumb/v6-m/nofp/libgcc.a(_floatdidf.o)
                0x0000000008000620                __floatdidf
                0x0000000008000620                __aeabi_l2d
 .text          0x000000000800064c      0x678 /opt/st/stm32cubeide_1.12.0/plugins/com.st.stm32cube.ide.mcu.externaltools.gnu-tools-for-stm32.10.3-2021.10.linux64_1.0.200.202301161003/tools/bin/../lib/gcc/arm-none-eabi/10.3.1/thumb/v6-m/nofp/libgcc.a(adddf3.o)
                0x000000000800064c                __aeabi_dadd
 .text          0x0000000008000cc4      0x5ec /opt/st/stm32cubeide_1.12.0/plugins/com.st.stm32cube.ide.mcu.externaltools.gnu-tools-for-stm32.10.3-2021.10.linux64_1.0.200.202301161003/tools/bin/../lib/gcc/arm-none-eabi/10.3.1/thumb/v6-m/nofp/libgcc.a(divdf3.o)
                0x0000000008000cc4                __aeabi_ddiv
 .text          0x00000000080012b0       0x84 /opt/st/stm32cubeide_1.12.0/plugins/com.st.stm32cube.ide.mcu.externaltools.gnu-tools-for-stm32.10.3-2021.10.linux64_1.0.200.202301161003/tools/bin/../lib/gcc/arm-none-eabi/10.3.1/thumb/v6-m/nofp/libgcc.a(eqdf2.o)
                0x00000000080012b0                __eqdf2
                0x00000000080012b0                __nedf2
 .text          0x0000000008001334       0xcc /opt/st/stm32cubeide_1.12.0/plugins/com.st.stm32cube.ide.mcu.externaltools.gnu-tools-for-stm32.10.3-2021.10.linux64_1.0.200.202301161003/tools/bin/../lib/gcc/arm-none-eabi/10.3.1/thumb/v6-m/nofp/libgcc.a(gedf2.o)
                0x0000000008001334                __gtdf2
                0x0000000008001334                __gedf2
 .text          0x0000000008001400       0xc8 /opt/st/stm32cubeide_1.12.0/plugins/com.st.stm32cube.ide.mcu.externaltools.gnu-tools-for-stm32.10.3-2021.10.linux64_1.0.200.202301161003/tools/bin/../lib/gcc/arm-none-eabi/10.3.1/thumb/v6-m/nofp/libgcc.a(ledf2.o)
                0x0000000008001400                __ltdf2
                0x0000000008001400                __ledf2
 .text          0x00000000080014c8      0x4d8 /opt/st/stm32cubeide_1.12.0/plugins/com.st.stm32cube.ide.mcu.externaltools.gnu-tools-for-stm32.10.3-2021.10.linux64_1.0.200.202301161003/tools/bin/../lib/gcc/arm-none-eabi/10.3.1/thumb/v6-m/nofp/libgcc.a(muldf3.o)
                0x00000000080014c8                __aeabi_dmul
 .text          0x00000000080019a0      0x724 /opt/st/stm32cubeide_1.12.0/plugins/com.st.stm32cube.ide.mcu.externaltools.gnu-tools-for-stm32.10.3-2021.10.linux64_1.0.200.202301161003/tools/bin/../lib/gcc/arm-none-eabi/10.3.1/thumb/v6-m/nofp/libgcc.a(subdf3.o)
                0x00000000080019a0                __aeabi_dsub
 .text          0x00000000080020c4       0x3c /opt/st/stm32cubeide_1.12.0/plugins/com.st.stm32cube.ide.mcu.externaltools.gnu-tools-for-stm32.10.3-2021.10.linux64_1.0.200.202301161003/tools/bin/../lib/gcc/arm-none-eabi/10.3.1/thumb/v6-m/nofp/libgcc.a(unorddf2.o)
                0x00000000080020c4                __aeabi_dcmpun
 .text          0x0000000008002100       0x6c /opt/st/stm32cubeide_1.12.0/plugins/com.st.stm32cube.ide.mcu.externaltools.gnu-tools-for-stm32.10.3-2021.10.linux64_1.0.200.202301161003/tools/bin/../lib/gcc/arm-none-eabi/10.3.1/thumb/v6-m/nofp/libgcc.a(fixdfsi.o)
                0x0000000008002100                __aeabi_d2iz
 .text          0x000000000800216c       0x60 /opt/st/stm32cubeide_1.12.0/plugins/com.st.stm32cube.ide.mcu.externaltools.gnu-tools-for-stm32.10.3-2021.10.linux64_1.0.200.202301161003/tools/bin/../lib/gcc/arm-none-eabi/10.3.1/thumb/v6-m/nofp/libgcc.a(floatsidf.o)
                0x000000000800216c                __aeabi_i2d
 .text          0x00000000080021cc       0x4c /opt/st/stm32cubeide_1.12.0/plugins/com.st.stm32cube.ide.mcu.externaltools.gnu-tools-for-stm32.10.3-2021.10.linux64_1.0.200.202301161003/tools/bin/../lib/gcc/arm-none-eabi/10.3.1/thumb/v6-m/nofp/libgcc.a(floatunsidf.o)
                0x00000000080021cc                __aeabi_ui2d
 .text          0x0000000008002218       0x90 /opt/st/stm32cubeide_1.12.0/plugins/com.st.stm32cube.ide.mcu.externaltools.gnu-tools-for-stm32.10.3-2021.10.linux64_1.0.200.202301161003/tools/bin/../lib/gcc/arm-none-eabi/10.3.1/thumb/v6-m/nofp/libgcc.a(extendsfdf2.o)
                0x0000000008002218                __aeabi_f2d
 .text          0x00000000080022a8      0x110 /opt/st/stm32cubeide_1.12.0/plugins/com.st.stm32cube.ide.mcu.externaltools.gnu-tools-for-stm32.10.3-2021.10.linux64_1.0.200.202301161003/tools/bin/../lib/gcc/arm-none-eabi/10.3.1/thumb/v6-m/nofp/libgcc.a(truncdfsf2.o)
                0x00000000080022a8                __aeabi_d2f
 *(.text*)
 .text.set_clock
                0x00000000080023b8       0x80 ./Core/Src/clock.o
                0x00000000080023b8                set_clock
 .text.get_clock
                0x0000000008002438       0x74 ./Core/Src/clock.o
                0x0000000008002438                get_clock
 .text.console_gps_command
                0x00000000080024ac       0xf8 ./Core/Src/console.o
 .text.console_help_command
                0x00000000080025a4       0x58 ./Core/Src/console.o
 .text.console_clock_command
                0x00000000080025fc      0x150 ./Core/Src/console.o
 .text.console_info_command
                0x000000000800274c       0x88 ./Core/Src/console.o
 .text.console_format_command
                0x00000000080027d4       0x90 ./Core/Src/console.o
 .text.console_test_command
                0x0000000008002864       0x74 ./Core/Src/console.o
 .text.console_ls_command
                0x00000000080028d8       0x70 ./Core/Src/console.o
 .text.console_rm_command
                0x0000000008002948       0x6c ./Core/Src/console.o
 .text.console_cat_command
                0x00000000080029b4      0x144 ./Core/Src/console.o
 .text.console_example_command
                0x0000000008002af8       0x80 ./Core/Src/console.o
 .text.put_history
                0x0000000008002b78       0x58 ./Core/Src/console.o
 .text.get_history
                0x0000000008002bd0       0x90 ./Core/Src/console.o
 .text.console_history_command
                0x0000000008002c60       0x58 ./Core/Src/console.o
 .text.console_print_array
                0x0000000008002cb8      0x110 ./Core/Src/console.o
 .text.console_arg_is
                0x0000000008002dc8       0x4e ./Core/Src/console.o
 .text.console_get_parameter
                0x0000000008002e16       0xce ./Core/Src/console.o
 .text.process_command
                0x0000000008002ee4       0x80 ./Core/Src/console.o
 .text.console_init
                0x0000000008002f64       0x28 ./Core/Src/console.o
                0x0000000008002f64                console_init
 .text.console_process_key
                0x0000000008002f8c      0x184 ./Core/Src/console.o
                0x0000000008002f8c                console_process_key
 .text.FSH_GlobalUnlock
                0x0000000008003110       0x54 ./Core/Src/flash.o
                0x0000000008003110                FSH_GlobalUnlock
 .text.FSH_ReadJedecID
                0x0000000008003164       0x78 ./Core/Src/flash.o
                0x0000000008003164                FSH_ReadJedecID
 .text.FSH_Read
                0x00000000080031dc       0x88 ./Core/Src/flash.o
                0x00000000080031dc                FSH_Read
 .text.FSH_EraseSector
                0x0000000008003264       0x70 ./Core/Src/flash.o
                0x0000000008003264                FSH_EraseSector
 .text.FSH_ProgramPage
                0x00000000080032d4       0x88 ./Core/Src/flash.o
                0x00000000080032d4                FSH_ProgramPage
 .text.FSH_WriteEnable
                0x000000000800335c       0x54 ./Core/Src/flash.o
                0x000000000800335c                FSH_WriteEnable
 .text.FSH_WriteDisable
                0x00000000080033b0       0x54 ./Core/Src/flash.o
                0x00000000080033b0                FSH_WriteDisable
 .text.FSH_ClearBlockProtectionRegister
                0x0000000008003404       0x60 ./Core/Src/flash.o
                0x0000000008003404                FSH_ClearBlockProtectionRegister
 .text.FSH_ReadStatus
                0x0000000008003464       0x50 ./Core/Src/flash.o
                0x0000000008003464                FSH_ReadStatus
 .text.FSH_WaitWhileBusy
                0x00000000080034b4       0x22 ./Core/Src/flash.o
                0x00000000080034b4                FSH_WaitWhileBusy
 .text.block_device_read
                0x00000000080034d6       0x30 ./Core/Src/fs.o
 .text.block_device_prog
                0x0000000008003506       0x3c ./Core/Src/fs.o
 .text.block_device_erase
                0x0000000008003542       0x2e ./Core/Src/fs.o
 .text.block_device_sync
                0x0000000008003570       0x12 ./Core/Src/fs.o
                0x0000000008003570                block_device_sync
 *fill*         0x0000000008003582        0x2 
 .text.fs_init  0x0000000008003584       0x70 ./Core/Src/fs.o
                0x0000000008003584                fs_init
 .text.append_to_file
                0x00000000080035f4       0x44 ./Core/Src/fs.o
 .text.append_to_current_file
                0x0000000008003638       0x58 ./Core/Src/fs.o
                0x0000000008003638                append_to_current_file
 .text.nmea_to_decimal_degrees
                0x0000000008003690       0xbc ./Core/Src/gps.o
 .text.set_time_and_date
                0x000000000800374c       0x60 ./Core/Src/gps.o
 .text.rx_event_callback
                0x00000000080037ac       0x50 ./Core/Src/gps.o
 .text.check_crc
                0x00000000080037fc       0xba ./Core/Src/gps.o
 *fill*         0x00000000080038b6        0x2 
 .text.rx_error_callback
                0x00000000080038b8       0x28 ./Core/Src/gps.o
 .text.gps_init
                0x00000000080038e0       0xd0 ./Core/Src/gps.o
                0x00000000080038e0                gps_init
 .text.gps_process_msg
                0x00000000080039b0      0x488 ./Core/Src/gps.o
                0x00000000080039b0                gps_process_msg
 .text.gps_set_standby
                0x0000000008003e38       0x2e ./Core/Src/gps.o
                0x0000000008003e38                gps_set_standby
 .text.gps_get_fix_obtained
                0x0000000008003e66       0x1e ./Core/Src/gps.o
                0x0000000008003e66                gps_get_fix_obtained
 .text.gps_set_debug
                0x0000000008003e84       0x20 ./Core/Src/gps.o
                0x0000000008003e84                gps_set_debug
 .text._read    0x0000000008003ea4       0x32 ./Core/Src/main.o
                0x0000000008003ea4                _read
 .text._write   0x0000000008003ed6       0x2c ./Core/Src/main.o
                0x0000000008003ed6                _write
 *fill*         0x0000000008003f02        0x2 
 .text.main     0x0000000008003f04       0x80 ./Core/Src/main.o
                0x0000000008003f04                main
 .text.SystemClock_Config
                0x0000000008003f84       0xd0 ./Core/Src/main.o
                0x0000000008003f84                SystemClock_Config
 .text.MX_RTC_Init
                0x0000000008004054       0x50 ./Core/Src/main.o
 .text.MX_SPI2_Init
                0x00000000080040a4       0x7c ./Core/Src/main.o
 .text.MX_USART1_UART_Init
                0x0000000008004120       0x60 ./Core/Src/main.o
 .text.MX_GPIO_Init
                0x0000000008004180      0x118 ./Core/Src/main.o
 .text.Error_Handler
                0x0000000008004298        0xa ./Core/Src/main.o
                0x0000000008004298                Error_Handler
 *fill*         0x00000000080042a2        0x2 
 .text.main_task
                0x00000000080042a4       0x34 ./Core/Src/main_task.o
                0x00000000080042a4                main_task
 .text.queue_create
                0x00000000080042d8       0xa0 ./Core/Src/queue.o
                0x00000000080042d8                queue_create
 .text.queue_put
                0x0000000008004378       0x74 ./Core/Src/queue.o
                0x0000000008004378                queue_put
 .text.queue_get
                0x00000000080043ec       0x58 ./Core/Src/queue.o
                0x00000000080043ec                queue_get
 .text.queue_size
                0x0000000008004444       0x20 ./Core/Src/queue.o
                0x0000000008004444                queue_size
 .text.HAL_MspInit
                0x0000000008004464       0x48 ./Core/Src/stm32f0xx_hal_msp.o
                0x0000000008004464                HAL_MspInit
 .text.HAL_RTC_MspInit
                0x00000000080044ac       0x30 ./Core/Src/stm32f0xx_hal_msp.o
                0x00000000080044ac                HAL_RTC_MspInit
 .text.HAL_SPI_MspInit
                0x00000000080044dc       0xc8 ./Core/Src/stm32f0xx_hal_msp.o
                0x00000000080044dc                HAL_SPI_MspInit
 .text.HAL_UART_MspInit
                0x00000000080045a4       0xac ./Core/Src/stm32f0xx_hal_msp.o
                0x00000000080045a4                HAL_UART_MspInit
 .text.NMI_Handler
                0x0000000008004650        0x6 ./Core/Src/stm32f0xx_it.o
                0x0000000008004650                NMI_Handler
 .text.HardFault_Handler
                0x0000000008004656        0x6 ./Core/Src/stm32f0xx_it.o
                0x0000000008004656                HardFault_Handler
 .text.SVC_Handler
                0x000000000800465c        0xa ./Core/Src/stm32f0xx_it.o
                0x000000000800465c                SVC_Handler
 .text.PendSV_Handler
                0x0000000008004666        0xa ./Core/Src/stm32f0xx_it.o
                0x0000000008004666                PendSV_Handler
 .text.SysTick_Handler
                0x0000000008004670        0xe ./Core/Src/stm32f0xx_it.o
                0x0000000008004670                SysTick_Handler
 *fill*         0x000000000800467e        0x2 
 .text.USART1_IRQHandler
                0x0000000008004680       0x18 ./Core/Src/stm32f0xx_it.o
                0x0000000008004680                USART1_IRQHandler
 .text.USB_IRQHandler
                0x0000000008004698       0x18 ./Core/Src/stm32f0xx_it.o
                0x0000000008004698                USB_IRQHandler
 .text._getpid  0x00000000080046b0        0xc ./Core/Src/syscalls.o
                0x00000000080046b0                _getpid
 .text._kill    0x00000000080046bc       0x20 ./Core/Src/syscalls.o
                0x00000000080046bc                _kill
 .text._exit    0x00000000080046dc       0x18 ./Core/Src/syscalls.o
                0x00000000080046dc                _exit
 .text._close   0x00000000080046f4       0x14 ./Core/Src/syscalls.o
                0x00000000080046f4                _close
 .text._fstat   0x0000000008004708       0x1c ./Core/Src/syscalls.o
                0x0000000008004708                _fstat
 .text._isatty  0x0000000008004724       0x12 ./Core/Src/syscalls.o
                0x0000000008004724                _isatty
 .text._lseek   0x0000000008004736       0x16 ./Core/Src/syscalls.o
                0x0000000008004736                _lseek
 .text._sbrk    0x000000000800474c       0x6c ./Core/Src/sysmem.o
                0x000000000800474c                _sbrk
 .text.SystemInit
                0x00000000080047b8        0xa ./Core/Src/system_stm32f0xx.o
                0x00000000080047b8                SystemInit
 *fill*         0x00000000080047c2        0x2 
 .text.Reset_Handler
                0x00000000080047c4       0x50 ./Core/Startup/startup_stm32f072cbtx.o
                0x00000000080047c4                Reset_Handler
 .text.Default_Handler
                0x0000000008004814        0x2 ./Core/Startup/startup_stm32f072cbtx.o
                0x0000000008004814                TIM1_CC_IRQHandler
                0x0000000008004814                TSC_IRQHandler
                0x0000000008004814                ADC1_COMP_IRQHandler
                0x0000000008004814                I2C1_IRQHandler
                0x0000000008004814                RCC_CRS_IRQHandler
                0x0000000008004814                SPI1_IRQHandler
                0x0000000008004814                TIM6_DAC_IRQHandler
                0x0000000008004814                USART3_4_IRQHandler
                0x0000000008004814                EXTI2_3_IRQHandler
                0x0000000008004814                I2C2_IRQHandler
                0x0000000008004814                TIM17_IRQHandler
                0x0000000008004814                CEC_CAN_IRQHandler
                0x0000000008004814                RTC_IRQHandler
                0x0000000008004814                PVD_VDDIO2_IRQHandler
                0x0000000008004814                DMA1_Channel4_5_6_7_IRQHandler
                0x0000000008004814                TIM16_IRQHandler
                0x0000000008004814                TIM3_IRQHandler
                0x0000000008004814                EXTI4_15_IRQHandler
                0x0000000008004814                DMA1_Channel1_IRQHandler
                0x0000000008004814                Default_Handler
                0x0000000008004814                TIM14_IRQHandler
                0x0000000008004814                TIM7_IRQHandler
                0x0000000008004814                TIM15_IRQHandler
                0x0000000008004814                EXTI0_1_IRQHandler
                0x0000000008004814                SPI2_IRQHandler
                0x0000000008004814                WWDG_IRQHandler
                0x0000000008004814                TIM2_IRQHandler
                0x0000000008004814                DMA1_Channel2_3_IRQHandler
                0x0000000008004814                USART2_IRQHandler
                0x0000000008004814                FLASH_IRQHandler
                0x0000000008004814                TIM1_BRK_UP_TRG_COM_IRQHandler
 *fill*         0x0000000008004816        0x2 
 .text.HAL_Init
                0x0000000008004818       0x28 ./Drivers/STM32F0xx_HAL_Driver/Src/stm32f0xx_hal.o
                0x0000000008004818                HAL_Init
 .text.HAL_InitTick
                0x0000000008004840       0x68 ./Drivers/STM32F0xx_HAL_Driver/Src/stm32f0xx_hal.o
                0x0000000008004840                HAL_InitTick
 .text.HAL_IncTick
                0x00000000080048a8       0x24 ./Drivers/STM32F0xx_HAL_Driver/Src/stm32f0xx_hal.o
                0x00000000080048a8                HAL_IncTick
 .text.HAL_GetTick
                0x00000000080048cc       0x14 ./Drivers/STM32F0xx_HAL_Driver/Src/stm32f0xx_hal.o
                0x00000000080048cc                HAL_GetTick
 .text.HAL_Delay
                0x00000000080048e0       0x48 ./Drivers/STM32F0xx_HAL_Driver/Src/stm32f0xx_hal.o
                0x00000000080048e0                HAL_Delay
 .text.__NVIC_EnableIRQ
                0x0000000008004928       0x34 ./Drivers/STM32F0xx_HAL_Driver/Src/stm32f0xx_hal_cortex.o
 .text.__NVIC_SetPriority
                0x000000000800495c       0xdc ./Drivers/STM32F0xx_HAL_Driver/Src/stm32f0xx_hal_cortex.o
 .text.SysTick_Config
                0x0000000008004a38       0x48 ./Drivers/STM32F0xx_HAL_Driver/Src/stm32f0xx_hal_cortex.o
 .text.HAL_NVIC_SetPriority
                0x0000000008004a80       0x2a ./Drivers/STM32F0xx_HAL_Driver/Src/stm32f0xx_hal_cortex.o
                0x0000000008004a80                HAL_NVIC_SetPriority
 .text.HAL_NVIC_EnableIRQ
                0x0000000008004aaa       0x20 ./Drivers/STM32F0xx_HAL_Driver/Src/stm32f0xx_hal_cortex.o
                0x0000000008004aaa                HAL_NVIC_EnableIRQ
 .text.HAL_SYSTICK_Config
                0x0000000008004aca       0x1a ./Drivers/STM32F0xx_HAL_Driver/Src/stm32f0xx_hal_cortex.o
                0x0000000008004aca                HAL_SYSTICK_Config
 .text.HAL_DMA_Abort
                0x0000000008004ae4       0x70 ./Drivers/STM32F0xx_HAL_Driver/Src/stm32f0xx_hal_dma.o
                0x0000000008004ae4                HAL_DMA_Abort
 .text.HAL_DMA_Abort_IT
                0x0000000008004b54       0x8a ./Drivers/STM32F0xx_HAL_Driver/Src/stm32f0xx_hal_dma.o
                0x0000000008004b54                HAL_DMA_Abort_IT
 *fill*         0x0000000008004bde        0x2 
 .text.HAL_GPIO_Init
                0x0000000008004be0      0x2f0 ./Drivers/STM32F0xx_HAL_Driver/Src/stm32f0xx_hal_gpio.o
                0x0000000008004be0                HAL_GPIO_Init
 .text.HAL_GPIO_ReadPin
                0x0000000008004ed0       0x3a ./Drivers/STM32F0xx_HAL_Driver/Src/stm32f0xx_hal_gpio.o
                0x0000000008004ed0                HAL_GPIO_ReadPin
 .text.HAL_GPIO_WritePin
                0x0000000008004f0a       0x3a ./Drivers/STM32F0xx_HAL_Driver/Src/stm32f0xx_hal_gpio.o
                0x0000000008004f0a                HAL_GPIO_WritePin
 .text.HAL_GPIO_TogglePin
                0x0000000008004f44       0x36 ./Drivers/STM32F0xx_HAL_Driver/Src/stm32f0xx_hal_gpio.o
                0x0000000008004f44                HAL_GPIO_TogglePin
 *fill*         0x0000000008004f7a        0x2 
 .text.HAL_PCD_Init
                0x0000000008004f7c      0x200 ./Drivers/STM32F0xx_HAL_Driver/Src/stm32f0xx_hal_pcd.o
                0x0000000008004f7c                HAL_PCD_Init
 .text.HAL_PCD_Start
                0x000000000800517c       0x4a ./Drivers/STM32F0xx_HAL_Driver/Src/stm32f0xx_hal_pcd.o
                0x000000000800517c                HAL_PCD_Start
 *fill*         0x00000000080051c6        0x2 
 .text.HAL_PCD_IRQHandler
                0x00000000080051c8      0x288 ./Drivers/STM32F0xx_HAL_Driver/Src/stm32f0xx_hal_pcd.o
                0x00000000080051c8                HAL_PCD_IRQHandler
 .text.HAL_PCD_SetAddress
                0x0000000008005450       0x56 ./Drivers/STM32F0xx_HAL_Driver/Src/stm32f0xx_hal_pcd.o
                0x0000000008005450                HAL_PCD_SetAddress
 .text.HAL_PCD_EP_Open
                0x00000000080054a6       0xde ./Drivers/STM32F0xx_HAL_Driver/Src/stm32f0xx_hal_pcd.o
                0x00000000080054a6                HAL_PCD_EP_Open
 .text.HAL_PCD_EP_Close
                0x0000000008005584       0xa2 ./Drivers/STM32F0xx_HAL_Driver/Src/stm32f0xx_hal_pcd.o
                0x0000000008005584                HAL_PCD_EP_Close
 .text.HAL_PCD_EP_Receive
                0x0000000008005626       0x6e ./Drivers/STM32F0xx_HAL_Driver/Src/stm32f0xx_hal_pcd.o
                0x0000000008005626                HAL_PCD_EP_Receive
 .text.HAL_PCD_EP_GetRxCount
                0x0000000008005694       0x32 ./Drivers/STM32F0xx_HAL_Driver/Src/stm32f0xx_hal_pcd.o
                0x0000000008005694                HAL_PCD_EP_GetRxCount
 .text.HAL_PCD_EP_Transmit
                0x00000000080056c6       0x78 ./Drivers/STM32F0xx_HAL_Driver/Src/stm32f0xx_hal_pcd.o
                0x00000000080056c6                HAL_PCD_EP_Transmit
 .text.HAL_PCD_EP_SetStall
                0x000000000800573e       0xb8 ./Drivers/STM32F0xx_HAL_Driver/Src/stm32f0xx_hal_pcd.o
                0x000000000800573e                HAL_PCD_EP_SetStall
 .text.HAL_PCD_EP_ClrStall
                0x00000000080057f6       0xbc ./Drivers/STM32F0xx_HAL_Driver/Src/stm32f0xx_hal_pcd.o
                0x00000000080057f6                HAL_PCD_EP_ClrStall
 *fill*         0x00000000080058b2        0x2 
 .text.PCD_EP_ISR_Handler
                0x00000000080058b4      0x80c ./Drivers/STM32F0xx_HAL_Driver/Src/stm32f0xx_hal_pcd.o
 .text.HAL_PCD_EP_DB_Receive
                0x00000000080060c0      0x238 ./Drivers/STM32F0xx_HAL_Driver/Src/stm32f0xx_hal_pcd.o
 .text.HAL_PCD_EP_DB_Transmit
                0x00000000080062f8      0x820 ./Drivers/STM32F0xx_HAL_Driver/Src/stm32f0xx_hal_pcd.o
 .text.HAL_PCDEx_PMAConfig
                0x0000000008006b18       0x9c ./Drivers/STM32F0xx_HAL_Driver/Src/stm32f0xx_hal_pcd_ex.o
                0x0000000008006b18                HAL_PCDEx_PMAConfig
 .text.HAL_PCDEx_ActivateLPM
                0x0000000008006bb4       0x54 ./Drivers/STM32F0xx_HAL_Driver/Src/stm32f0xx_hal_pcd_ex.o
                0x0000000008006bb4                HAL_PCDEx_ActivateLPM
 .text.HAL_PCDEx_LPM_Callback
                0x0000000008006c08       0x16 ./Drivers/STM32F0xx_HAL_Driver/Src/stm32f0xx_hal_pcd_ex.o
                0x0000000008006c08                HAL_PCDEx_LPM_Callback
 *fill*         0x0000000008006c1e        0x2 
 .text.HAL_RCC_OscConfig
                0x0000000008006c20      0x70c ./Drivers/STM32F0xx_HAL_Driver/Src/stm32f0xx_hal_rcc.o
                0x0000000008006c20                HAL_RCC_OscConfig
 .text.HAL_RCC_ClockConfig
                0x000000000800732c      0x1b4 ./Drivers/STM32F0xx_HAL_Driver/Src/stm32f0xx_hal_rcc.o
                0x000000000800732c                HAL_RCC_ClockConfig
 .text.HAL_RCC_GetSysClockFreq
                0x00000000080074e0       0xe4 ./Drivers/STM32F0xx_HAL_Driver/Src/stm32f0xx_hal_rcc.o
                0x00000000080074e0                HAL_RCC_GetSysClockFreq
 .text.HAL_RCC_GetHCLKFreq
                0x00000000080075c4       0x14 ./Drivers/STM32F0xx_HAL_Driver/Src/stm32f0xx_hal_rcc.o
                0x00000000080075c4                HAL_RCC_GetHCLKFreq
 .text.HAL_RCC_GetPCLK1Freq
                0x00000000080075d8       0x2c ./Drivers/STM32F0xx_HAL_Driver/Src/stm32f0xx_hal_rcc.o
                0x00000000080075d8                HAL_RCC_GetPCLK1Freq
 .text.HAL_RCCEx_PeriphCLKConfig
                0x0000000008007604      0x1fc ./Drivers/STM32F0xx_HAL_Driver/Src/stm32f0xx_hal_rcc_ex.o
                0x0000000008007604                HAL_RCCEx_PeriphCLKConfig
 .text.HAL_RTC_Init
                0x0000000008007800      0x130 ./Drivers/STM32F0xx_HAL_Driver/Src/stm32f0xx_hal_rtc.o
                0x0000000008007800                HAL_RTC_Init
 .text.HAL_RTC_SetTime
                0x0000000008007930      0x14c ./Drivers/STM32F0xx_HAL_Driver/Src/stm32f0xx_hal_rtc.o
                0x0000000008007930                HAL_RTC_SetTime
 .text.HAL_RTC_GetTime
                0x0000000008007a7c       0xbc ./Drivers/STM32F0xx_HAL_Driver/Src/stm32f0xx_hal_rtc.o
                0x0000000008007a7c                HAL_RTC_GetTime
 .text.HAL_RTC_SetDate
                0x0000000008007b38      0x120 ./Drivers/STM32F0xx_HAL_Driver/Src/stm32f0xx_hal_rtc.o
                0x0000000008007b38                HAL_RTC_SetDate
 .text.HAL_RTC_GetDate
                0x0000000008007c58       0xa0 ./Drivers/STM32F0xx_HAL_Driver/Src/stm32f0xx_hal_rtc.o
                0x0000000008007c58                HAL_RTC_GetDate
 .text.HAL_RTC_WaitForSynchro
                0x0000000008007cf8       0x50 ./Drivers/STM32F0xx_HAL_Driver/Src/stm32f0xx_hal_rtc.o
                0x0000000008007cf8                HAL_RTC_WaitForSynchro
 .text.RTC_EnterInitMode
                0x0000000008007d48       0x86 ./Drivers/STM32F0xx_HAL_Driver/Src/stm32f0xx_hal_rtc.o
                0x0000000008007d48                RTC_EnterInitMode
 .text.RTC_ExitInitMode
                0x0000000008007dce       0x52 ./Drivers/STM32F0xx_HAL_Driver/Src/stm32f0xx_hal_rtc.o
                0x0000000008007dce                RTC_ExitInitMode
 .text.RTC_ByteToBcd2
                0x0000000008007e20       0x42 ./Drivers/STM32F0xx_HAL_Driver/Src/stm32f0xx_hal_rtc.o
                0x0000000008007e20                RTC_ByteToBcd2
 .text.RTC_Bcd2ToByte
                0x0000000008007e62       0x3e ./Drivers/STM32F0xx_HAL_Driver/Src/stm32f0xx_hal_rtc.o
                0x0000000008007e62                RTC_Bcd2ToByte
 .text.HAL_SPI_Init
                0x0000000008007ea0      0x170 ./Drivers/STM32F0xx_HAL_Driver/Src/stm32f0xx_hal_spi.o
                0x0000000008007ea0                HAL_SPI_Init
 .text.HAL_SPI_Transmit
                0x0000000008008010      0x2be ./Drivers/STM32F0xx_HAL_Driver/Src/stm32f0xx_hal_spi.o
                0x0000000008008010                HAL_SPI_Transmit
 *fill*         0x00000000080082ce        0x2 
 .text.HAL_SPI_Receive
                0x00000000080082d0      0x2a4 ./Drivers/STM32F0xx_HAL_Driver/Src/stm32f0xx_hal_spi.o
                0x00000000080082d0                HAL_SPI_Receive
 .text.HAL_SPI_TransmitReceive
                0x0000000008008574      0x3c4 ./Drivers/STM32F0xx_HAL_Driver/Src/stm32f0xx_hal_spi.o
                0x0000000008008574                HAL_SPI_TransmitReceive
 .text.SPI_WaitFlagStateUntilTimeout
                0x0000000008008938      0x11c ./Drivers/STM32F0xx_HAL_Driver/Src/stm32f0xx_hal_spi.o
 .text.SPI_WaitFifoStateUntilTimeout
                0x0000000008008a54      0x144 ./Drivers/STM32F0xx_HAL_Driver/Src/stm32f0xx_hal_spi.o
 .text.SPI_EndRxTransaction
                0x0000000008008b98       0xbc ./Drivers/STM32F0xx_HAL_Driver/Src/stm32f0xx_hal_spi.o
 .text.SPI_EndRxTxTransaction
                0x0000000008008c54       0x8c ./Drivers/STM32F0xx_HAL_Driver/Src/stm32f0xx_hal_spi.o
 .text.HAL_UART_Init
                0x0000000008008ce0       0xcc ./Drivers/STM32F0xx_HAL_Driver/Src/stm32f0xx_hal_uart.o
                0x0000000008008ce0                HAL_UART_Init
 .text.HAL_UART_RegisterCallback
                0x0000000008008dac      0x148 ./Drivers/STM32F0xx_HAL_Driver/Src/stm32f0xx_hal_uart.o
                0x0000000008008dac                HAL_UART_RegisterCallback
 .text.HAL_UART_RegisterRxEventCallback
                0x0000000008008ef4       0x82 ./Drivers/STM32F0xx_HAL_Driver/Src/stm32f0xx_hal_uart.o
                0x0000000008008ef4                HAL_UART_RegisterRxEventCallback
 .text.HAL_UART_Transmit
                0x0000000008008f76      0x140 ./Drivers/STM32F0xx_HAL_Driver/Src/stm32f0xx_hal_uart.o
                0x0000000008008f76                HAL_UART_Transmit
 *fill*         0x00000000080090b6        0x2 
 .text.HAL_UART_IRQHandler
                0x00000000080090b8      0x5d4 ./Drivers/STM32F0xx_HAL_Driver/Src/stm32f0xx_hal_uart.o
                0x00000000080090b8                HAL_UART_IRQHandler
 .text.HAL_UART_TxCpltCallback
                0x000000000800968c       0x10 ./Drivers/STM32F0xx_HAL_Driver/Src/stm32f0xx_hal_uart.o
                0x000000000800968c                HAL_UART_TxCpltCallback
 .text.HAL_UART_TxHalfCpltCallback
                0x000000000800969c       0x10 ./Drivers/STM32F0xx_HAL_Driver/Src/stm32f0xx_hal_uart.o
                0x000000000800969c                HAL_UART_TxHalfCpltCallback
 .text.HAL_UART_RxCpltCallback
                0x00000000080096ac       0x10 ./Drivers/STM32F0xx_HAL_Driver/Src/stm32f0xx_hal_uart.o
                0x00000000080096ac                HAL_UART_RxCpltCallback
 .text.HAL_UART_RxHalfCpltCallback
                0x00000000080096bc       0x10 ./Drivers/STM32F0xx_HAL_Driver/Src/stm32f0xx_hal_uart.o
                0x00000000080096bc                HAL_UART_RxHalfCpltCallback
 .text.HAL_UART_ErrorCallback
                0x00000000080096cc       0x10 ./Drivers/STM32F0xx_HAL_Driver/Src/stm32f0xx_hal_uart.o
                0x00000000080096cc                HAL_UART_ErrorCallback
 .text.HAL_UART_AbortCpltCallback
                0x00000000080096dc       0x10 ./Drivers/STM32F0xx_HAL_Driver/Src/stm32f0xx_hal_uart.o
                0x00000000080096dc                HAL_UART_AbortCpltCallback
 .text.HAL_UART_AbortTransmitCpltCallback
                0x00000000080096ec       0x10 ./Drivers/STM32F0xx_HAL_Driver/Src/stm32f0xx_hal_uart.o
                0x00000000080096ec                HAL_UART_AbortTransmitCpltCallback
 .text.HAL_UART_AbortReceiveCpltCallback
                0x00000000080096fc       0x10 ./Drivers/STM32F0xx_HAL_Driver/Src/stm32f0xx_hal_uart.o
                0x00000000080096fc                HAL_UART_AbortReceiveCpltCallback
 .text.HAL_UARTEx_RxEventCallback
                0x000000000800970c       0x16 ./Drivers/STM32F0xx_HAL_Driver/Src/stm32f0xx_hal_uart.o
                0x000000000800970c                HAL_UARTEx_RxEventCallback
 *fill*         0x0000000008009722        0x2 
 .text.UART_InitCallbacksToDefault
                0x0000000008009724       0x88 ./Drivers/STM32F0xx_HAL_Driver/Src/stm32f0xx_hal_uart.o
                0x0000000008009724                UART_InitCallbacksToDefault
 .text.UART_SetConfig
                0x00000000080097ac      0x310 ./Drivers/STM32F0xx_HAL_Driver/Src/stm32f0xx_hal_uart.o
                0x00000000080097ac                UART_SetConfig
 .text.UART_AdvFeatureConfig
                0x0000000008009abc      0x168 ./Drivers/STM32F0xx_HAL_Driver/Src/stm32f0xx_hal_uart.o
                0x0000000008009abc                UART_AdvFeatureConfig
 .text.UART_CheckIdleState
                0x0000000008009c24      0x150 ./Drivers/STM32F0xx_HAL_Driver/Src/stm32f0xx_hal_uart.o
                0x0000000008009c24                UART_CheckIdleState
 .text.UART_WaitOnFlagUntilTimeout
                0x0000000008009d74       0xd2 ./Drivers/STM32F0xx_HAL_Driver/Src/stm32f0xx_hal_uart.o
                0x0000000008009d74                UART_WaitOnFlagUntilTimeout
 *fill*         0x0000000008009e46        0x2 
 .text.UART_Start_Receive_IT
                0x0000000008009e48      0x194 ./Drivers/STM32F0xx_HAL_Driver/Src/stm32f0xx_hal_uart.o
                0x0000000008009e48                UART_Start_Receive_IT
 .text.UART_EndRxTransfer
                0x0000000008009fdc       0xc8 ./Drivers/STM32F0xx_HAL_Driver/Src/stm32f0xx_hal_uart.o
 .text.UART_DMAAbortOnError
                0x000000000800a0a4       0x32 ./Drivers/STM32F0xx_HAL_Driver/Src/stm32f0xx_hal_uart.o
 .text.UART_EndTransmit_IT
                0x000000000800a0d6       0x5a ./Drivers/STM32F0xx_HAL_Driver/Src/stm32f0xx_hal_uart.o
 .text.UART_RxISR_8BIT
                0x000000000800a130      0x1bc ./Drivers/STM32F0xx_HAL_Driver/Src/stm32f0xx_hal_uart.o
 .text.UART_RxISR_16BIT
                0x000000000800a2ec      0x1bc ./Drivers/STM32F0xx_HAL_Driver/Src/stm32f0xx_hal_uart.o
 .text.HAL_UARTEx_WakeupCallback
                0x000000000800a4a8       0x10 ./Drivers/STM32F0xx_HAL_Driver/Src/stm32f0xx_hal_uart_ex.o
                0x000000000800a4a8                HAL_UARTEx_WakeupCallback
 .text.HAL_UARTEx_ReceiveToIdle_IT
                0x000000000800a4b8       0xd0 ./Drivers/STM32F0xx_HAL_Driver/Src/stm32f0xx_hal_uart_ex.o
                0x000000000800a4b8                HAL_UARTEx_ReceiveToIdle_IT
 .text.USB_EnableGlobalInt
                0x000000000800a588       0x2c ./Drivers/STM32F0xx_HAL_Driver/Src/stm32f0xx_ll_usb.o
                0x000000000800a588                USB_EnableGlobalInt
 .text.USB_DisableGlobalInt
                0x000000000800a5b4       0x34 ./Drivers/STM32F0xx_HAL_Driver/Src/stm32f0xx_ll_usb.o
                0x000000000800a5b4                USB_DisableGlobalInt
 .text.USB_DevInit
                0x000000000800a5e8       0x4e ./Drivers/STM32F0xx_HAL_Driver/Src/stm32f0xx_ll_usb.o
                0x000000000800a5e8                USB_DevInit
 *fill*         0x000000000800a636        0x2 
 .text.USB_ActivateEndpoint
                0x000000000800a638      0x744 ./Drivers/STM32F0xx_HAL_Driver/Src/stm32f0xx_ll_usb.o
                0x000000000800a638                USB_ActivateEndpoint
 .text.USB_DeactivateEndpoint
                0x000000000800ad7c      0x380 ./Drivers/STM32F0xx_HAL_Driver/Src/stm32f0xx_ll_usb.o
                0x000000000800ad7c                USB_DeactivateEndpoint
 .text.USB_EPStartXfer
                0x000000000800b0fc     0x1270 ./Drivers/STM32F0xx_HAL_Driver/Src/stm32f0xx_ll_usb.o
                0x000000000800b0fc                USB_EPStartXfer
 .text.USB_EPSetStall
                0x000000000800c36c       0xa0 ./Drivers/STM32F0xx_HAL_Driver/Src/stm32f0xx_ll_usb.o
                0x000000000800c36c                USB_EPSetStall
 .text.USB_EPClearStall
                0x000000000800c40c      0x164 ./Drivers/STM32F0xx_HAL_Driver/Src/stm32f0xx_ll_usb.o
                0x000000000800c40c                USB_EPClearStall
 .text.USB_SetDevAddress
                0x000000000800c570       0x28 ./Drivers/STM32F0xx_HAL_Driver/Src/stm32f0xx_ll_usb.o
                0x000000000800c570                USB_SetDevAddress
 .text.USB_DevConnect
                0x000000000800c598       0x2c ./Drivers/STM32F0xx_HAL_Driver/Src/stm32f0xx_ll_usb.o
                0x000000000800c598                USB_DevConnect
 .text.USB_ReadInterrupts
                0x000000000800c5c4       0x1c ./Drivers/STM32F0xx_HAL_Driver/Src/stm32f0xx_ll_usb.o
                0x000000000800c5c4                USB_ReadInterrupts
 .text.USB_WritePMA
                0x000000000800c5e0       0x92 ./Drivers/STM32F0xx_HAL_Driver/Src/stm32f0xx_ll_usb.o
                0x000000000800c5e0                USB_WritePMA
 .text.USB_ReadPMA
                0x000000000800c672       0x9e ./Drivers/STM32F0xx_HAL_Driver/Src/stm32f0xx_ll_usb.o
                0x000000000800c672                USB_ReadPMA
 .text.USBD_CDC_Init
                0x000000000800c710      0x118 ./Middlewares/ST/STM32_USB_Device_Library/Class/CDC/Src/usbd_cdc.o
 .text.USBD_CDC_DeInit
                0x000000000800c828       0x88 ./Middlewares/ST/STM32_USB_Device_Library/Class/CDC/Src/usbd_cdc.o
 .text.USBD_CDC_Setup
                0x000000000800c8b0      0x190 ./Middlewares/ST/STM32_USB_Device_Library/Class/CDC/Src/usbd_cdc.o
 .text.USBD_CDC_DataIn
                0x000000000800ca40       0xb6 ./Middlewares/ST/STM32_USB_Device_Library/Class/CDC/Src/usbd_cdc.o
 .text.USBD_CDC_DataOut
                0x000000000800caf6       0x6a ./Middlewares/ST/STM32_USB_Device_Library/Class/CDC/Src/usbd_cdc.o
 .text.USBD_CDC_EP0_RxReady
                0x000000000800cb60       0x60 ./Middlewares/ST/STM32_USB_Device_Library/Class/CDC/Src/usbd_cdc.o
 .text.USBD_CDC_GetFSCfgDesc
                0x000000000800cbc0       0x1c ./Middlewares/ST/STM32_USB_Device_Library/Class/CDC/Src/usbd_cdc.o
 .text.USBD_CDC_GetHSCfgDesc
                0x000000000800cbdc       0x1c ./Middlewares/ST/STM32_USB_Device_Library/Class/CDC/Src/usbd_cdc.o
 .text.USBD_CDC_GetOtherSpeedCfgDesc
                0x000000000800cbf8       0x1c ./Middlewares/ST/STM32_USB_Device_Library/Class/CDC/Src/usbd_cdc.o
 .text.USBD_CDC_GetDeviceQualifierDescriptor
                0x000000000800cc14       0x1c ./Middlewares/ST/STM32_USB_Device_Library/Class/CDC/Src/usbd_cdc.o
                0x000000000800cc14                USBD_CDC_GetDeviceQualifierDescriptor
 .text.USBD_CDC_RegisterInterface
                0x000000000800cc30       0x36 ./Middlewares/ST/STM32_USB_Device_Library/Class/CDC/Src/usbd_cdc.o
                0x000000000800cc30                USBD_CDC_RegisterInterface
 .text.USBD_CDC_SetTxBuffer
                0x000000000800cc66       0x38 ./Middlewares/ST/STM32_USB_Device_Library/Class/CDC/Src/usbd_cdc.o
                0x000000000800cc66                USBD_CDC_SetTxBuffer
 .text.USBD_CDC_SetRxBuffer
                0x000000000800cc9e       0x28 ./Middlewares/ST/STM32_USB_Device_Library/Class/CDC/Src/usbd_cdc.o
                0x000000000800cc9e                USBD_CDC_SetRxBuffer
 .text.USBD_CDC_TransmitPacket
                0x000000000800ccc6       0x6e ./Middlewares/ST/STM32_USB_Device_Library/Class/CDC/Src/usbd_cdc.o
                0x000000000800ccc6                USBD_CDC_TransmitPacket
 .text.USBD_CDC_ReceivePacket
                0x000000000800cd34       0x5c ./Middlewares/ST/STM32_USB_Device_Library/Class/CDC/Src/usbd_cdc.o
                0x000000000800cd34                USBD_CDC_ReceivePacket
 .text.USBD_Init
                0x000000000800cd90       0x62 ./Middlewares/ST/STM32_USB_Device_Library/Core/Src/usbd_core.o
                0x000000000800cd90                USBD_Init
 .text.USBD_RegisterClass
                0x000000000800cdf2       0x40 ./Middlewares/ST/STM32_USB_Device_Library/Core/Src/usbd_core.o
                0x000000000800cdf2                USBD_RegisterClass
 .text.USBD_Start
                0x000000000800ce32       0x1a ./Middlewares/ST/STM32_USB_Device_Library/Core/Src/usbd_core.o
                0x000000000800ce32                USBD_Start
 .text.USBD_RunTestMode
                0x000000000800ce4c       0x12 ./Middlewares/ST/STM32_USB_Device_Library/Core/Src/usbd_core.o
                0x000000000800ce4c                USBD_RunTestMode
 .text.USBD_SetClassConfig
                0x000000000800ce5e       0x4e ./Middlewares/ST/STM32_USB_Device_Library/Core/Src/usbd_core.o
                0x000000000800ce5e                USBD_SetClassConfig
 .text.USBD_ClrClassConfig
                0x000000000800ceac       0x2c ./Middlewares/ST/STM32_USB_Device_Library/Core/Src/usbd_core.o
                0x000000000800ceac                USBD_ClrClassConfig
 .text.USBD_LL_SetupStage
                0x000000000800ced8       0xbc ./Middlewares/ST/STM32_USB_Device_Library/Core/Src/usbd_core.o
                0x000000000800ced8                USBD_LL_SetupStage
 .text.USBD_LL_DataOutStage
                0x000000000800cf94      0x104 ./Middlewares/ST/STM32_USB_Device_Library/Core/Src/usbd_core.o
                0x000000000800cf94                USBD_LL_DataOutStage
 .text.USBD_LL_DataInStage
                0x000000000800d098      0x17a ./Middlewares/ST/STM32_USB_Device_Library/Core/Src/usbd_core.o
                0x000000000800d098                USBD_LL_DataInStage
 .text.USBD_LL_Reset
                0x000000000800d212       0x90 ./Middlewares/ST/STM32_USB_Device_Library/Core/Src/usbd_core.o
                0x000000000800d212                USBD_LL_Reset
 .text.USBD_LL_SetSpeed
                0x000000000800d2a2       0x20 ./Middlewares/ST/STM32_USB_Device_Library/Core/Src/usbd_core.o
                0x000000000800d2a2                USBD_LL_SetSpeed
 *fill*         0x000000000800d2c2        0x2 
 .text.USBD_LL_Suspend
                0x000000000800d2c4       0x30 ./Middlewares/ST/STM32_USB_Device_Library/Core/Src/usbd_core.o
                0x000000000800d2c4                USBD_LL_Suspend
 .text.USBD_LL_Resume
                0x000000000800d2f4       0x30 ./Middlewares/ST/STM32_USB_Device_Library/Core/Src/usbd_core.o
                0x000000000800d2f4                USBD_LL_Resume
 .text.USBD_LL_SOF
                0x000000000800d324       0x3c ./Middlewares/ST/STM32_USB_Device_Library/Core/Src/usbd_core.o
                0x000000000800d324                USBD_LL_SOF
 .text.USBD_StdDevReq
                0x000000000800d360       0xe4 ./Middlewares/ST/STM32_USB_Device_Library/Core/Src/usbd_ctlreq.o
                0x000000000800d360                USBD_StdDevReq
 .text.USBD_StdItfReq
                0x000000000800d444       0xae ./Middlewares/ST/STM32_USB_Device_Library/Core/Src/usbd_ctlreq.o
                0x000000000800d444                USBD_StdItfReq
 .text.USBD_StdEPReq
                0x000000000800d4f2      0x36c ./Middlewares/ST/STM32_USB_Device_Library/Core/Src/usbd_ctlreq.o
                0x000000000800d4f2                USBD_StdEPReq
 *fill*         0x000000000800d85e        0x2 
 .text.USBD_GetDescriptor
                0x000000000800d860      0x364 ./Middlewares/ST/STM32_USB_Device_Library/Core/Src/usbd_ctlreq.o
 .text.USBD_SetAddress
                0x000000000800dbc4       0xa8 ./Middlewares/ST/STM32_USB_Device_Library/Core/Src/usbd_ctlreq.o
 .text.USBD_SetConfig
                0x000000000800dc6c      0x148 ./Middlewares/ST/STM32_USB_Device_Library/Core/Src/usbd_ctlreq.o
 .text.USBD_GetConfig
                0x000000000800ddb4       0x76 ./Middlewares/ST/STM32_USB_Device_Library/Core/Src/usbd_ctlreq.o
 .text.USBD_GetStatus
                0x000000000800de2a       0x74 ./Middlewares/ST/STM32_USB_Device_Library/Core/Src/usbd_ctlreq.o
 .text.USBD_SetFeature
                0x000000000800de9e       0x2c ./Middlewares/ST/STM32_USB_Device_Library/Core/Src/usbd_ctlreq.o
 .text.USBD_ClrFeature
                0x000000000800deca       0x4c ./Middlewares/ST/STM32_USB_Device_Library/Core/Src/usbd_ctlreq.o
 .text.USBD_ParseSetupRequest
                0x000000000800df16       0x76 ./Middlewares/ST/STM32_USB_Device_Library/Core/Src/usbd_ctlreq.o
                0x000000000800df16                USBD_ParseSetupRequest
 .text.USBD_CtlError
                0x000000000800df8c       0x26 ./Middlewares/ST/STM32_USB_Device_Library/Core/Src/usbd_ctlreq.o
                0x000000000800df8c                USBD_CtlError
 .text.USBD_GetString
                0x000000000800dfb2       0x9c ./Middlewares/ST/STM32_USB_Device_Library/Core/Src/usbd_ctlreq.o
                0x000000000800dfb2                USBD_GetString
 .text.USBD_GetLen
                0x000000000800e04e       0x3a ./Middlewares/ST/STM32_USB_Device_Library/Core/Src/usbd_ctlreq.o
 .text.USBD_CtlSendData
                0x000000000800e088       0x40 ./Middlewares/ST/STM32_USB_Device_Library/Core/Src/usbd_ioreq.o
                0x000000000800e088                USBD_CtlSendData
 .text.USBD_CtlContinueSendData
                0x000000000800e0c8       0x26 ./Middlewares/ST/STM32_USB_Device_Library/Core/Src/usbd_ioreq.o
                0x000000000800e0c8                USBD_CtlContinueSendData
 .text.USBD_CtlPrepareRx
                0x000000000800e0ee       0x48 ./Middlewares/ST/STM32_USB_Device_Library/Core/Src/usbd_ioreq.o
                0x000000000800e0ee                USBD_CtlPrepareRx
 .text.USBD_CtlContinueRx
                0x000000000800e136       0x26 ./Middlewares/ST/STM32_USB_Device_Library/Core/Src/usbd_ioreq.o
                0x000000000800e136                USBD_CtlContinueRx
 .text.USBD_CtlSendStatus
                0x000000000800e15c       0x28 ./Middlewares/ST/STM32_USB_Device_Library/Core/Src/usbd_ioreq.o
                0x000000000800e15c                USBD_CtlSendStatus
 .text.USBD_CtlReceiveStatus
                0x000000000800e184       0x28 ./Middlewares/ST/STM32_USB_Device_Library/Core/Src/usbd_ioreq.o
                0x000000000800e184                USBD_CtlReceiveStatus
 .text.lfs_max  0x000000000800e1ac       0x1c ./Middlewares/littlefs/lfs.o
 .text.lfs_min  0x000000000800e1c8       0x1c ./Middlewares/littlefs/lfs.o
 .text.lfs_aligndown
                0x000000000800e1e4       0x24 ./Middlewares/littlefs/lfs.o
 .text.lfs_alignup
                0x000000000800e208       0x26 ./Middlewares/littlefs/lfs.o
 .text.lfs_npw2
                0x000000000800e22e       0x22 ./Middlewares/littlefs/lfs.o
 .text.lfs_ctz  0x000000000800e250       0x18 ./Middlewares/littlefs/lfs.o
 .text.lfs_popc
                0x000000000800e268       0x18 ./Middlewares/littlefs/lfs.o
 .text.lfs_scmp
                0x000000000800e280       0x18 ./Middlewares/littlefs/lfs.o
 .text.lfs_fromle32
                0x000000000800e298       0x12 ./Middlewares/littlefs/lfs.o
 .text.lfs_tole32
                0x000000000800e2aa       0x1a ./Middlewares/littlefs/lfs.o
 .text.lfs_frombe32
                0x000000000800e2c4       0x14 ./Middlewares/littlefs/lfs.o
 .text.lfs_tobe32
                0x000000000800e2d8       0x1a ./Middlewares/littlefs/lfs.o
 .text.lfs_malloc
                0x000000000800e2f2       0x1a ./Middlewares/littlefs/lfs.o
 .text.lfs_free
                0x000000000800e30c       0x18 ./Middlewares/littlefs/lfs.o
 .text.lfs_cache_drop
                0x000000000800e324       0x1a ./Middlewares/littlefs/lfs.o
 .text.lfs_cache_zero
                0x000000000800e33e       0x2c ./Middlewares/littlefs/lfs.o
 *fill*         0x000000000800e36a        0x2 
 .text.lfs_bd_read
                0x000000000800e36c      0x2b0 ./Middlewares/littlefs/lfs.o
 .text.lfs_bd_cmp
                0x000000000800e61c       0xaa ./Middlewares/littlefs/lfs.o
 .text.lfs_bd_crc
                0x000000000800e6c6       0x92 ./Middlewares/littlefs/lfs.o
 .text.lfs_bd_flush
                0x000000000800e758      0x10c ./Middlewares/littlefs/lfs.o
 .text.lfs_bd_sync
                0x000000000800e864       0x74 ./Middlewares/littlefs/lfs.o
 .text.lfs_bd_prog
                0x000000000800e8d8      0x164 ./Middlewares/littlefs/lfs.o
 .text.lfs_bd_erase
                0x000000000800ea3c       0x64 ./Middlewares/littlefs/lfs.o
 .text.lfs_pair_swap
                0x000000000800eaa0       0x26 ./Middlewares/littlefs/lfs.o
 .text.lfs_pair_isnull
                0x000000000800eac6       0x30 ./Middlewares/littlefs/lfs.o
 .text.lfs_pair_cmp
                0x000000000800eaf6       0x50 ./Middlewares/littlefs/lfs.o
 .text.lfs_pair_issync
                0x000000000800eb46       0x58 ./Middlewares/littlefs/lfs.o
 .text.lfs_pair_fromle32
                0x000000000800eb9e       0x34 ./Middlewares/littlefs/lfs.o
 .text.lfs_pair_tole32
                0x000000000800ebd2       0x34 ./Middlewares/littlefs/lfs.o
 .text.lfs_tag_isvalid
                0x000000000800ec06       0x18 ./Middlewares/littlefs/lfs.o
 .text.lfs_tag_isdelete
                0x000000000800ec1e       0x1e ./Middlewares/littlefs/lfs.o
 .text.lfs_tag_type1
                0x000000000800ec3c       0x1e ./Middlewares/littlefs/lfs.o
 .text.lfs_tag_type2
                0x000000000800ec5a       0x1e ./Middlewares/littlefs/lfs.o
 .text.lfs_tag_type3
                0x000000000800ec78       0x1c ./Middlewares/littlefs/lfs.o
 .text.lfs_tag_chunk
                0x000000000800ec94       0x16 ./Middlewares/littlefs/lfs.o
 .text.lfs_tag_splice
                0x000000000800ecaa       0x1c ./Middlewares/littlefs/lfs.o
 .text.lfs_tag_id
                0x000000000800ecc6       0x1c ./Middlewares/littlefs/lfs.o
 .text.lfs_tag_size
                0x000000000800ece2       0x16 ./Middlewares/littlefs/lfs.o
 .text.lfs_tag_dsize
                0x000000000800ecf8       0x2a ./Middlewares/littlefs/lfs.o
 .text.lfs_gstate_xor
                0x000000000800ed22       0x46 ./Middlewares/littlefs/lfs.o
 .text.lfs_gstate_iszero
                0x000000000800ed68       0x36 ./Middlewares/littlefs/lfs.o
 .text.lfs_gstate_hasorphans
                0x000000000800ed9e       0x22 ./Middlewares/littlefs/lfs.o
 .text.lfs_gstate_getorphans
                0x000000000800edc0       0x1e ./Middlewares/littlefs/lfs.o
 .text.lfs_gstate_hasmove
                0x000000000800edde       0x22 ./Middlewares/littlefs/lfs.o
 .text.lfs_gstate_needssuperblock
                0x000000000800ee00       0x24 ./Middlewares/littlefs/lfs.o
 .text.lfs_gstate_hasmovehere
                0x000000000800ee24       0x40 ./Middlewares/littlefs/lfs.o
 .text.lfs_gstate_fromle32
                0x000000000800ee64       0x40 ./Middlewares/littlefs/lfs.o
 .text.lfs_gstate_tole32
                0x000000000800eea4       0x40 ./Middlewares/littlefs/lfs.o
 .text.lfs_fcrc_fromle32
                0x000000000800eee4       0x30 ./Middlewares/littlefs/lfs.o
 .text.lfs_fcrc_tole32
                0x000000000800ef14       0x30 ./Middlewares/littlefs/lfs.o
 .text.lfs_ctz_fromle32
                0x000000000800ef44       0x30 ./Middlewares/littlefs/lfs.o
 .text.lfs_ctz_tole32
                0x000000000800ef74       0x30 ./Middlewares/littlefs/lfs.o
 .text.lfs_superblock_fromle32
                0x000000000800efa4       0x70 ./Middlewares/littlefs/lfs.o
 .text.lfs_superblock_tole32
                0x000000000800f014       0x70 ./Middlewares/littlefs/lfs.o
 .text.lfs_mlist_isopen
                0x000000000800f084       0x36 ./Middlewares/littlefs/lfs.o
 .text.lfs_mlist_remove
                0x000000000800f0ba       0x40 ./Middlewares/littlefs/lfs.o
 .text.lfs_mlist_append
                0x000000000800f0fa       0x20 ./Middlewares/littlefs/lfs.o
 *fill*         0x000000000800f11a        0x2 
 .text.lfs_fs_disk_version
                0x000000000800f11c       0x18 ./Middlewares/littlefs/lfs.o
 .text.lfs_fs_disk_version_major
                0x000000000800f134       0x1e ./Middlewares/littlefs/lfs.o
 .text.lfs_fs_disk_version_minor
                0x000000000800f152       0x1c ./Middlewares/littlefs/lfs.o
 .text.lfs_alloc_lookahead
                0x000000000800f16e       0x66 ./Middlewares/littlefs/lfs.o
 .text.lfs_alloc_ack
                0x000000000800f1d4       0x18 ./Middlewares/littlefs/lfs.o
 .text.lfs_alloc_drop
                0x000000000800f1ec       0x24 ./Middlewares/littlefs/lfs.o
 .text.lfs_fs_rawgc
                0x000000000800f210       0x88 ./Middlewares/littlefs/lfs.o
 .text.lfs_alloc
                0x000000000800f298      0x10c ./Middlewares/littlefs/lfs.o
 .text.lfs_dir_getslice
                0x000000000800f3a4      0x1e4 ./Middlewares/littlefs/lfs.o
 .text.lfs_dir_get
                0x000000000800f588       0x3a ./Middlewares/littlefs/lfs.o
 .text.lfs_dir_getread
                0x000000000800f5c2      0x1cc ./Middlewares/littlefs/lfs.o
 *fill*         0x000000000800f78e        0x2 
 .text.lfs_dir_traverse_filter
                0x000000000800f790       0xc0 ./Middlewares/littlefs/lfs.o
 .text.lfs_dir_traverse
                0x000000000800f850      0x978 ./Middlewares/littlefs/lfs.o
 .text.lfs_dir_fetchmatch
                0x00000000080101c8      0x7fc ./Middlewares/littlefs/lfs.o
 .text.lfs_dir_fetch
                0x00000000080109c4       0x38 ./Middlewares/littlefs/lfs.o
 .text.lfs_dir_getgstate
                0x00000000080109fc       0x64 ./Middlewares/littlefs/lfs.o
 .text.lfs_dir_getinfo
                0x0000000008010a60      0x110 ./Middlewares/littlefs/lfs.o
 .text.lfs_dir_find_match
                0x0000000008010b70       0xa0 ./Middlewares/littlefs/lfs.o
 .text.lfs_dir_find
                0x0000000008010c10      0x218 ./Middlewares/littlefs/lfs.o
 .text.lfs_dir_commitprog
                0x0000000008010e28       0x6e ./Middlewares/littlefs/lfs.o
 .text.lfs_dir_commitattr
                0x0000000008010e96      0x10c ./Middlewares/littlefs/lfs.o
 *fill*         0x0000000008010fa2        0x2 
 .text.lfs_dir_commitcrc
                0x0000000008010fa4      0x308 ./Middlewares/littlefs/lfs.o
 .text.lfs_dir_alloc
                0x00000000080112ac      0x100 ./Middlewares/littlefs/lfs.o
 .text.lfs_dir_drop
                0x00000000080113ac       0x88 ./Middlewares/littlefs/lfs.o
 .text.lfs_dir_split
                0x0000000008011434       0xc2 ./Middlewares/littlefs/lfs.o
 .text.lfs_dir_commit_size
                0x00000000080114f6       0x2e ./Middlewares/littlefs/lfs.o
 .text.lfs_dir_commit_commit
                0x0000000008011524       0x2a ./Middlewares/littlefs/lfs.o
 .text.lfs_dir_needsrelocation
                0x000000000801154e       0x48 ./Middlewares/littlefs/lfs.o
 *fill*         0x0000000008011596        0x2 
 .text.lfs_dir_compact
                0x0000000008011598      0x434 ./Middlewares/littlefs/lfs.o
 .text.lfs_dir_splittingcompact
                0x00000000080119cc      0x24c ./Middlewares/littlefs/lfs.o
 .text.lfs_dir_relocatingcommit
                0x0000000008011c18      0x5c0 ./Middlewares/littlefs/lfs.o
 .text.lfs_dir_orphaningcommit
                0x00000000080121d8      0x624 ./Middlewares/littlefs/lfs.o
 .text.lfs_dir_commit
                0x00000000080127fc       0x50 ./Middlewares/littlefs/lfs.o
 .text.lfs_dir_rawopen
                0x000000000801284c      0x10c ./Middlewares/littlefs/lfs.o
 .text.lfs_dir_rawclose
                0x0000000008012958       0x20 ./Middlewares/littlefs/lfs.o
 .text.lfs_dir_rawread
                0x0000000008012978      0x118 ./Middlewares/littlefs/lfs.o
 .text.lfs_ctz_index
                0x0000000008012a90       0x76 ./Middlewares/littlefs/lfs.o
 .text.lfs_ctz_find
                0x0000000008012b06       0xe4 ./Middlewares/littlefs/lfs.o
 .text.lfs_ctz_extend
                0x0000000008012bea      0x20a ./Middlewares/littlefs/lfs.o
 .text.lfs_ctz_traverse
                0x0000000008012df4      0x106 ./Middlewares/littlefs/lfs.o
 *fill*         0x0000000008012efa        0x2 
 .text.lfs_file_rawopencfg
                0x0000000008012efc      0x3d0 ./Middlewares/littlefs/lfs.o
 .text.lfs_file_rawopen
                0x00000000080132cc       0x34 ./Middlewares/littlefs/lfs.o
 .text.lfs_file_rawclose
                0x0000000008013300       0x44 ./Middlewares/littlefs/lfs.o
 .text.lfs_file_relocate
                0x0000000008013344      0x1a8 ./Middlewares/littlefs/lfs.o
 .text.lfs_file_outline
                0x00000000080134ec       0x50 ./Middlewares/littlefs/lfs.o
 .text.lfs_file_flush
                0x000000000801353c      0x1b4 ./Middlewares/littlefs/lfs.o
 .text.lfs_file_rawsync
                0x00000000080136f0      0x140 ./Middlewares/littlefs/lfs.o
 .text.lfs_file_flushedread
                0x0000000008013830      0x1b8 ./Middlewares/littlefs/lfs.o
 .text.lfs_file_rawread
                0x00000000080139e8       0x70 ./Middlewares/littlefs/lfs.o
 .text.lfs_file_flushedwrite
                0x0000000008013a58      0x284 ./Middlewares/littlefs/lfs.o
 .text.lfs_file_rawwrite
                0x0000000008013cdc      0x118 ./Middlewares/littlefs/lfs.o
 .text.lfs_file_rawseek
                0x0000000008013df4      0x124 ./Middlewares/littlefs/lfs.o
 .text.lfs_file_rawrewind
                0x0000000008013f18       0x2e ./Middlewares/littlefs/lfs.o
 .text.lfs_file_rawsize
                0x0000000008013f46       0x36 ./Middlewares/littlefs/lfs.o
 .text.lfs_rawremove
                0x0000000008013f7c      0x1e8 ./Middlewares/littlefs/lfs.o
 .text.lfs_init
                0x0000000008014164      0x3b8 ./Middlewares/littlefs/lfs.o
 .text.lfs_deinit
                0x000000000801451c       0x4e ./Middlewares/littlefs/lfs.o
 *fill*         0x000000000801456a        0x2 
 .text.lfs_rawformat
                0x000000000801456c      0x18c ./Middlewares/littlefs/lfs.o
 .text.lfs_rawmount
                0x00000000080146f8      0x43c ./Middlewares/littlefs/lfs.o
 .text.lfs_rawunmount
                0x0000000008014b34       0x1a ./Middlewares/littlefs/lfs.o
 *fill*         0x0000000008014b4e        0x2 
 .text.lfs_fs_rawtraverse
                0x0000000008014b50      0x2d8 ./Middlewares/littlefs/lfs.o
 .text.lfs_fs_pred
                0x0000000008014e28       0xe8 ./Middlewares/littlefs/lfs.o
 .text.lfs_fs_parent_match
                0x0000000008014f10       0x80 ./Middlewares/littlefs/lfs.o
 .text.lfs_fs_parent
                0x0000000008014f90      0x114 ./Middlewares/littlefs/lfs.o
 .text.lfs_fs_prepsuperblock
                0x00000000080150a4       0x30 ./Middlewares/littlefs/lfs.o
 .text.lfs_fs_preporphans
                0x00000000080150d4       0xac ./Middlewares/littlefs/lfs.o
 .text.lfs_fs_prepmove
                0x0000000008015180       0x80 ./Middlewares/littlefs/lfs.o
 .text.lfs_fs_desuperblock
                0x0000000008015200       0xcc ./Middlewares/littlefs/lfs.o
 .text.lfs_fs_demove
                0x00000000080152cc       0xdc ./Middlewares/littlefs/lfs.o
 .text.lfs_fs_deorphan
                0x00000000080153a8      0x340 ./Middlewares/littlefs/lfs.o
 .text.lfs_fs_forceconsistency
                0x00000000080156e8       0x56 ./Middlewares/littlefs/lfs.o
 .text.lfs_fs_size_count
                0x000000000801573e       0x22 ./Middlewares/littlefs/lfs.o
 .text.lfs_fs_rawsize
                0x0000000008015760       0x38 ./Middlewares/littlefs/lfs.o
 .text.lfs_format
                0x0000000008015798       0x32 ./Middlewares/littlefs/lfs.o
                0x0000000008015798                lfs_format
 .text.lfs_mount
                0x00000000080157ca       0x32 ./Middlewares/littlefs/lfs.o
                0x00000000080157ca                lfs_mount
 .text.lfs_remove
                0x00000000080157fc       0x32 ./Middlewares/littlefs/lfs.o
                0x00000000080157fc                lfs_remove
 *fill*         0x000000000801582e        0x2 
 .text.lfs_file_open
                0x0000000008015830       0x70 ./Middlewares/littlefs/lfs.o
                0x0000000008015830                lfs_file_open
 .text.lfs_file_close
                0x00000000080158a0       0x60 ./Middlewares/littlefs/lfs.o
                0x00000000080158a0                lfs_file_close
 .text.lfs_file_read
                0x0000000008015900       0x64 ./Middlewares/littlefs/lfs.o
                0x0000000008015900                lfs_file_read
 .text.lfs_file_write
                0x0000000008015964       0x64 ./Middlewares/littlefs/lfs.o
                0x0000000008015964                lfs_file_write
 .text.lfs_file_rewind
                0x00000000080159c8       0x32 ./Middlewares/littlefs/lfs.o
                0x00000000080159c8                lfs_file_rewind
 *fill*         0x00000000080159fa        0x2 
 .text.lfs_dir_open
                0x00000000080159fc       0x6c ./Middlewares/littlefs/lfs.o
                0x00000000080159fc                lfs_dir_open
 .text.lfs_dir_close
                0x0000000008015a68       0x32 ./Middlewares/littlefs/lfs.o
                0x0000000008015a68                lfs_dir_close
 .text.lfs_dir_read
                0x0000000008015a9a       0x34 ./Middlewares/littlefs/lfs.o
                0x0000000008015a9a                lfs_dir_read
 .text.lfs_fs_size
                0x0000000008015ace       0x2c ./Middlewares/littlefs/lfs.o
                0x0000000008015ace                lfs_fs_size
 *fill*         0x0000000008015afa        0x2 
 .text.lfs_crc  0x0000000008015afc       0x78 ./Middlewares/littlefs/lfs_util.o
                0x0000000008015afc                lfs_crc
 .text.MX_USB_DEVICE_Init
                0x0000000008015b74       0x68 ./USB_DEVICE/App/usb_device.o
                0x0000000008015b74                MX_USB_DEVICE_Init
 .text.usb_char_waiting
                0x0000000008015bdc       0x28 ./USB_DEVICE/App/usbd_cdc_if.o
                0x0000000008015bdc                usb_char_waiting
 .text.usb_read_char
                0x0000000008015c04       0x40 ./USB_DEVICE/App/usbd_cdc_if.o
                0x0000000008015c04                usb_read_char
 .text.usb_is_configured
                0x0000000008015c44       0x14 ./USB_DEVICE/App/usbd_cdc_if.o
                0x0000000008015c44                usb_is_configured
 .text.usb_write_chars
                0x0000000008015c58       0x2e ./USB_DEVICE/App/usbd_cdc_if.o
                0x0000000008015c58                usb_write_chars
 *fill*         0x0000000008015c86        0x2 
 .text.CDC_Init_FS
                0x0000000008015c88       0x30 ./USB_DEVICE/App/usbd_cdc_if.o
 .text.CDC_DeInit_FS
                0x0000000008015cb8        0xc ./USB_DEVICE/App/usbd_cdc_if.o
 .text.CDC_Control_FS
                0x0000000008015cc4       0x44 ./USB_DEVICE/App/usbd_cdc_if.o
 .text.CDC_Receive_FS
                0x0000000008015d08       0x74 ./USB_DEVICE/App/usbd_cdc_if.o
 .text.CDC_Transmit_FS
                0x0000000008015d7c       0x60 ./USB_DEVICE/App/usbd_cdc_if.o
                0x0000000008015d7c                CDC_Transmit_FS
 .text.USBD_FS_DeviceDescriptor
                0x0000000008015ddc       0x24 ./USB_DEVICE/App/usbd_desc.o
                0x0000000008015ddc                USBD_FS_DeviceDescriptor
 .text.USBD_FS_LangIDStrDescriptor
                0x0000000008015e00       0x24 ./USB_DEVICE/App/usbd_desc.o
                0x0000000008015e00                USBD_FS_LangIDStrDescriptor
 .text.USBD_FS_ProductStrDescriptor
                0x0000000008015e24       0x44 ./USB_DEVICE/App/usbd_desc.o
                0x0000000008015e24                USBD_FS_ProductStrDescriptor
 .text.USBD_FS_ManufacturerStrDescriptor
                0x0000000008015e68       0x2c ./USB_DEVICE/App/usbd_desc.o
                0x0000000008015e68                USBD_FS_ManufacturerStrDescriptor
 .text.USBD_FS_SerialStrDescriptor
                0x0000000008015e94       0x28 ./USB_DEVICE/App/usbd_desc.o
                0x0000000008015e94                USBD_FS_SerialStrDescriptor
 .text.USBD_FS_ConfigStrDescriptor
                0x0000000008015ebc       0x44 ./USB_DEVICE/App/usbd_desc.o
                0x0000000008015ebc                USBD_FS_ConfigStrDescriptor
 .text.USBD_FS_InterfaceStrDescriptor
                0x0000000008015f00       0x44 ./USB_DEVICE/App/usbd_desc.o
                0x0000000008015f00                USBD_FS_InterfaceStrDescriptor
 .text.Get_SerialNum
                0x0000000008015f44       0x5c ./USB_DEVICE/App/usbd_desc.o
 .text.IntToUnicode
                0x0000000008015fa0       0x96 ./USB_DEVICE/App/usbd_desc.o
 *fill*         0x0000000008016036        0x2 
 .text.HAL_PCD_MspInit
                0x0000000008016038       0x50 ./USB_DEVICE/Target/usbd_conf.o
                0x0000000008016038                HAL_PCD_MspInit
 .text.HAL_PCD_SetupStageCallback
                0x0000000008016088       0x2a ./USB_DEVICE/Target/usbd_conf.o
                0x0000000008016088                HAL_PCD_SetupStageCallback
 .text.HAL_PCD_DataOutStageCallback
                0x00000000080160b2       0x42 ./USB_DEVICE/Target/usbd_conf.o
                0x00000000080160b2                HAL_PCD_DataOutStageCallback
 .text.HAL_PCD_DataInStageCallback
                0x00000000080160f4       0x3c ./USB_DEVICE/Target/usbd_conf.o
                0x00000000080160f4                HAL_PCD_DataInStageCallback
 .text.HAL_PCD_SOFCallback
                0x0000000008016130       0x1e ./USB_DEVICE/Target/usbd_conf.o
                0x0000000008016130                HAL_PCD_SOFCallback
 .text.HAL_PCD_ResetCallback
                0x000000000801614e       0x48 ./USB_DEVICE/Target/usbd_conf.o
                0x000000000801614e                HAL_PCD_ResetCallback
 *fill*         0x0000000008016196        0x2 
 .text.HAL_PCD_SuspendCallback
                0x0000000008016198       0x38 ./USB_DEVICE/Target/usbd_conf.o
                0x0000000008016198                HAL_PCD_SuspendCallback
 .text.HAL_PCD_ResumeCallback
                0x00000000080161d0       0x3c ./USB_DEVICE/Target/usbd_conf.o
                0x00000000080161d0                HAL_PCD_ResumeCallback
 .text.USBD_LL_Init
                0x000000000801620c       0xc8 ./USB_DEVICE/Target/usbd_conf.o
                0x000000000801620c                USBD_LL_Init
 .text.USBD_LL_Start
                0x00000000080162d4       0x4a ./USB_DEVICE/Target/usbd_conf.o
                0x00000000080162d4                USBD_LL_Start
 .text.USBD_LL_OpenEP
                0x000000000801631e       0x6e ./USB_DEVICE/Target/usbd_conf.o
                0x000000000801631e                USBD_LL_OpenEP
 .text.USBD_LL_CloseEP
                0x000000000801638c       0x56 ./USB_DEVICE/Target/usbd_conf.o
                0x000000000801638c                USBD_LL_CloseEP
 .text.USBD_LL_StallEP
                0x00000000080163e2       0x56 ./USB_DEVICE/Target/usbd_conf.o
                0x00000000080163e2                USBD_LL_StallEP
 .text.USBD_LL_ClearStallEP
                0x0000000008016438       0x56 ./USB_DEVICE/Target/usbd_conf.o
                0x0000000008016438                USBD_LL_ClearStallEP
 .text.USBD_LL_IsStallEP
                0x000000000801648e       0x62 ./USB_DEVICE/Target/usbd_conf.o
                0x000000000801648e                USBD_LL_IsStallEP
 .text.USBD_LL_SetUSBAddress
                0x00000000080164f0       0x56 ./USB_DEVICE/Target/usbd_conf.o
                0x00000000080164f0                USBD_LL_SetUSBAddress
 .text.USBD_LL_Transmit
                0x0000000008016546       0x6e ./USB_DEVICE/Target/usbd_conf.o
                0x0000000008016546                USBD_LL_Transmit
 .text.USBD_LL_PrepareReceive
                0x00000000080165b4       0x6e ./USB_DEVICE/Target/usbd_conf.o
                0x00000000080165b4                USBD_LL_PrepareReceive
 .text.USBD_LL_GetRxDataSize
                0x0000000008016622       0x2c ./USB_DEVICE/Target/usbd_conf.o
                0x0000000008016622                USBD_LL_GetRxDataSize
 *fill*         0x000000000801664e        0x2 
 .text.USBD_static_malloc
                0x0000000008016650       0x18 ./USB_DEVICE/Target/usbd_conf.o
                0x0000000008016650                USBD_static_malloc
 .text.USBD_static_free
                0x0000000008016668       0x10 ./USB_DEVICE/Target/usbd_conf.o
                0x0000000008016668                USBD_static_free
 .text.SystemClockConfig_Resume
                0x0000000008016678        0xe ./USB_DEVICE/Target/usbd_conf.o
 .text.USBD_Get_USB_Status
                0x0000000008016686       0x6e ./USB_DEVICE/Target/usbd_conf.o
 .text.__assert_func
                0x00000000080166f4       0x3c /opt/st/stm32cubeide_1.12.0/plugins/com.st.stm32cube.ide.mcu.externaltools.gnu-tools-for-stm32.10.3-2021.10.linux64_1.0.200.202301161003/tools/bin/../lib/gcc/arm-none-eabi/10.3.1/../../../../arm-none-eabi/lib/thumb/v6-m/nofp/libc_nano.a(lib_a-assert.o)
                0x00000000080166f4                __assert_func
 .text.atof     0x0000000008016730        0xa /opt/st/stm32cubeide_1.12.0/plugins/com.st.stm32cube.ide.mcu.externaltools.gnu-tools-for-stm32.10.3-2021.10.linux64_1.0.200.202301161003/tools/bin/../lib/gcc/arm-none-eabi/10.3.1/../../../../arm-none-eabi/lib/thumb/v6-m/nofp/libc_nano.a(lib_a-atof.o)
                0x0000000008016730                atof
 .text.atoi     0x000000000801673a        0xc /opt/st/stm32cubeide_1.12.0/plugins/com.st.stm32cube.ide.mcu.externaltools.gnu-tools-for-stm32.10.3-2021.10.linux64_1.0.200.202301161003/tools/bin/../lib/gcc/arm-none-eabi/10.3.1/../../../../arm-none-eabi/lib/thumb/v6-m/nofp/libc_nano.a(lib_a-atoi.o)
                0x000000000801673a                atoi
 *fill*         0x0000000008016746        0x2 
 .text.__errno  0x0000000008016748        0xc /opt/st/stm32cubeide_1.12.0/plugins/com.st.stm32cube.ide.mcu.externaltools.gnu-tools-for-stm32.10.3-2021.10.linux64_1.0.200.202301161003/tools/bin/../lib/gcc/arm-none-eabi/10.3.1/../../../../arm-none-eabi/lib/thumb/v6-m/nofp/libc_nano.a(lib_a-errno.o)
                0x0000000008016748                __errno
 .text.fprintf  0x0000000008016754       0x20 /opt/st/stm32cubeide_1.12.0/plugins/com.st.stm32cube.ide.mcu.externaltools.gnu-tools-for-stm32.10.3-2021.10.linux64_1.0.200.202301161003/tools/bin/../lib/gcc/arm-none-eabi/10.3.1/../../../../arm-none-eabi/lib/thumb/v6-m/nofp/libc_nano.a(lib_a-fprintf.o)
                0x0000000008016754                fprintf
                0x0000000008016754                fiprintf
 .text.getchar  0x0000000008016774       0x24 /opt/st/stm32cubeide_1.12.0/plugins/com.st.stm32cube.ide.mcu.externaltools.gnu-tools-for-stm32.10.3-2021.10.linux64_1.0.200.202301161003/tools/bin/../lib/gcc/arm-none-eabi/10.3.1/../../../../arm-none-eabi/lib/thumb/v6-m/nofp/libc_nano.a(lib_a-getchar.o)
                0x0000000008016774                getchar
 .text.__libc_init_array
                0x0000000008016798       0x48 /opt/st/stm32cubeide_1.12.0/plugins/com.st.stm32cube.ide.mcu.externaltools.gnu-tools-for-stm32.10.3-2021.10.linux64_1.0.200.202301161003/tools/bin/../lib/gcc/arm-none-eabi/10.3.1/../../../../arm-none-eabi/lib/thumb/v6-m/nofp/libc_nano.a(lib_a-init.o)
                0x0000000008016798                __libc_init_array
 .text.malloc   0x00000000080167e0       0x14 /opt/st/stm32cubeide_1.12.0/plugins/com.st.stm32cube.ide.mcu.externaltools.gnu-tools-for-stm32.10.3-2021.10.linux64_1.0.200.202301161003/tools/bin/../lib/gcc/arm-none-eabi/10.3.1/../../../../arm-none-eabi/lib/thumb/v6-m/nofp/libc_nano.a(lib_a-malloc.o)
                0x00000000080167e0                malloc
 .text.free     0x00000000080167f4       0x14 /opt/st/stm32cubeide_1.12.0/plugins/com.st.stm32cube.ide.mcu.externaltools.gnu-tools-for-stm32.10.3-2021.10.linux64_1.0.200.202301161003/tools/bin/../lib/gcc/arm-none-eabi/10.3.1/../../../../arm-none-eabi/lib/thumb/v6-m/nofp/libc_nano.a(lib_a-malloc.o)
                0x00000000080167f4                free
 .text.memcmp   0x0000000008016808       0x1c /opt/st/stm32cubeide_1.12.0/plugins/com.st.stm32cube.ide.mcu.externaltools.gnu-tools-for-stm32.10.3-2021.10.linux64_1.0.200.202301161003/tools/bin/../lib/gcc/arm-none-eabi/10.3.1/../../../../arm-none-eabi/lib/thumb/v6-m/nofp/libc_nano.a(lib_a-memcmp.o)
                0x0000000008016808                memcmp
 .text.memcpy   0x0000000008016824       0x12 /opt/st/stm32cubeide_1.12.0/plugins/com.st.stm32cube.ide.mcu.externaltools.gnu-tools-for-stm32.10.3-2021.10.linux64_1.0.200.202301161003/tools/bin/../lib/gcc/arm-none-eabi/10.3.1/../../../../arm-none-eabi/lib/thumb/v6-m/nofp/libc_nano.a(lib_a-memcpy-stub.o)
                0x0000000008016824                memcpy
 .text.memset   0x0000000008016836       0x10 /opt/st/stm32cubeide_1.12.0/plugins/com.st.stm32cube.ide.mcu.externaltools.gnu-tools-for-stm32.10.3-2021.10.linux64_1.0.200.202301161003/tools/bin/../lib/gcc/arm-none-eabi/10.3.1/../../../../arm-none-eabi/lib/thumb/v6-m/nofp/libc_nano.a(lib_a-memset.o)
                0x0000000008016836                memset
 *fill*         0x0000000008016846        0x2 
 .text._free_r  0x0000000008016848       0x94 /opt/st/stm32cubeide_1.12.0/plugins/com.st.stm32cube.ide.mcu.externaltools.gnu-tools-for-stm32.10.3-2021.10.linux64_1.0.200.202301161003/tools/bin/../lib/gcc/arm-none-eabi/10.3.1/../../../../arm-none-eabi/lib/thumb/v6-m/nofp/libc_nano.a(lib_a-nano-freer.o)
                0x0000000008016848                _free_r
 .text.sbrk_aligned
                0x00000000080168dc       0x44 /opt/st/stm32cubeide_1.12.0/plugins/com.st.stm32cube.ide.mcu.externaltools.gnu-tools-for-stm32.10.3-2021.10.linux64_1.0.200.202301161003/tools/bin/../lib/gcc/arm-none-eabi/10.3.1/../../../../arm-none-eabi/lib/thumb/v6-m/nofp/libc_nano.a(lib_a-nano-mallocr.o)
 .text._malloc_r
                0x0000000008016920       0xec /opt/st/stm32cubeide_1.12.0/plugins/com.st.stm32cube.ide.mcu.externaltools.gnu-tools-for-stm32.10.3-2021.10.linux64_1.0.200.202301161003/tools/bin/../lib/gcc/arm-none-eabi/10.3.1/../../../../arm-none-eabi/lib/thumb/v6-m/nofp/libc_nano.a(lib_a-nano-mallocr.o)
                0x0000000008016920                _malloc_r
 .text.__sfputc_r
                0x0000000008016a0c       0x2a /opt/st/stm32cubeide_1.12.0/plugins/com.st.stm32cube.ide.mcu.externaltools.gnu-tools-for-stm32.10.3-2021.10.linux64_1.0.200.202301161003/tools/bin/../lib/gcc/arm-none-eabi/10.3.1/../../../../arm-none-eabi/lib/thumb/v6-m/nofp/libc_nano.a(lib_a-nano-vfprintf.o)
 .text.__sfputs_r
                0x0000000008016a36       0x24 /opt/st/stm32cubeide_1.12.0/plugins/com.st.stm32cube.ide.mcu.externaltools.gnu-tools-for-stm32.10.3-2021.10.linux64_1.0.200.202301161003/tools/bin/../lib/gcc/arm-none-eabi/10.3.1/../../../../arm-none-eabi/lib/thumb/v6-m/nofp/libc_nano.a(lib_a-nano-vfprintf.o)
                0x0000000008016a36                __sfputs_r
 *fill*         0x0000000008016a5a        0x2 
 .text._vfprintf_r
                0x0000000008016a5c      0x274 /opt/st/stm32cubeide_1.12.0/plugins/com.st.stm32cube.ide.mcu.externaltools.gnu-tools-for-stm32.10.3-2021.10.linux64_1.0.200.202301161003/tools/bin/../lib/gcc/arm-none-eabi/10.3.1/../../../../arm-none-eabi/lib/thumb/v6-m/nofp/libc_nano.a(lib_a-nano-vfprintf.o)
                0x0000000008016a5c                _vfiprintf_r
                0x0000000008016a5c                _vfprintf_r
 .text.__cvt    0x0000000008016cd0       0xc6 /opt/st/stm32cubeide_1.12.0/plugins/com.st.stm32cube.ide.mcu.externaltools.gnu-tools-for-stm32.10.3-2021.10.linux64_1.0.200.202301161003/tools/bin/../lib/gcc/arm-none-eabi/10.3.1/../../../../arm-none-eabi/lib/thumb/v6-m/nofp/libc_nano.a(lib_a-nano-vfprintf_float.o)
                0x0000000008016cd0                __cvt
 .text.__exponent
                0x0000000008016d96       0x8e /opt/st/stm32cubeide_1.12.0/plugins/com.st.stm32cube.ide.mcu.externaltools.gnu-tools-for-stm32.10.3-2021.10.linux64_1.0.200.202301161003/tools/bin/../lib/gcc/arm-none-eabi/10.3.1/../../../../arm-none-eabi/lib/thumb/v6-m/nofp/libc_nano.a(lib_a-nano-vfprintf_float.o)
                0x0000000008016d96                __exponent
 .text._printf_float
                0x0000000008016e24      0x484 /opt/st/stm32cubeide_1.12.0/plugins/com.st.stm32cube.ide.mcu.externaltools.gnu-tools-for-stm32.10.3-2021.10.linux64_1.0.200.202301161003/tools/bin/../lib/gcc/arm-none-eabi/10.3.1/../../../../arm-none-eabi/lib/thumb/v6-m/nofp/libc_nano.a(lib_a-nano-vfprintf_float.o)
                0x0000000008016e24                _printf_float
 .text._printf_common
                0x00000000080172a8       0xde /opt/st/stm32cubeide_1.12.0/plugins/com.st.stm32cube.ide.mcu.externaltools.gnu-tools-for-stm32.10.3-2021.10.linux64_1.0.200.202301161003/tools/bin/../lib/gcc/arm-none-eabi/10.3.1/../../../../arm-none-eabi/lib/thumb/v6-m/nofp/libc_nano.a(lib_a-nano-vfprintf_i.o)
                0x00000000080172a8                _printf_common
 *fill*         0x0000000008017386        0x2 
 .text._printf_i
                0x0000000008017388      0x224 /opt/st/stm32cubeide_1.12.0/plugins/com.st.stm32cube.ide.mcu.externaltools.gnu-tools-for-stm32.10.3-2021.10.linux64_1.0.200.202301161003/tools/bin/../lib/gcc/arm-none-eabi/10.3.1/../../../../arm-none-eabi/lib/thumb/v6-m/nofp/libc_nano.a(lib_a-nano-vfprintf_i.o)
                0x0000000008017388                _printf_i
 .text.printf   0x00000000080175ac       0x34 /opt/st/stm32cubeide_1.12.0/plugins/com.st.stm32cube.ide.mcu.externaltools.gnu-tools-for-stm32.10.3-2021.10.linux64_1.0.200.202301161003/tools/bin/../lib/gcc/arm-none-eabi/10.3.1/../../../../arm-none-eabi/lib/thumb/v6-m/nofp/libc_nano.a(lib_a-printf.o)
                0x00000000080175ac                printf
                0x00000000080175ac                iprintf
 .text.putchar  0x00000000080175e0       0x28 /opt/st/stm32cubeide_1.12.0/plugins/com.st.stm32cube.ide.mcu.externaltools.gnu-tools-for-stm32.10.3-2021.10.linux64_1.0.200.202301161003/tools/bin/../lib/gcc/arm-none-eabi/10.3.1/../../../../arm-none-eabi/lib/thumb/v6-m/nofp/libc_nano.a(lib_a-putchar.o)
                0x00000000080175e0                putchar
 .text._puts_r  0x0000000008017608       0xe4 /opt/st/stm32cubeide_1.12.0/plugins/com.st.stm32cube.ide.mcu.externaltools.gnu-tools-for-stm32.10.3-2021.10.linux64_1.0.200.202301161003/tools/bin/../lib/gcc/arm-none-eabi/10.3.1/../../../../arm-none-eabi/lib/thumb/v6-m/nofp/libc_nano.a(lib_a-puts.o)
                0x0000000008017608                _puts_r
 .text.puts     0x00000000080176ec       0x14 /opt/st/stm32cubeide_1.12.0/plugins/com.st.stm32cube.ide.mcu.externaltools.gnu-tools-for-stm32.10.3-2021.10.linux64_1.0.200.202301161003/tools/bin/../lib/gcc/arm-none-eabi/10.3.1/../../../../arm-none-eabi/lib/thumb/v6-m/nofp/libc_nano.a(lib_a-puts.o)
                0x00000000080176ec                puts
 .text._sbrk_r  0x0000000008017700       0x24 /opt/st/stm32cubeide_1.12.0/plugins/com.st.stm32cube.ide.mcu.externaltools.gnu-tools-for-stm32.10.3-2021.10.linux64_1.0.200.202301161003/tools/bin/../lib/gcc/arm-none-eabi/10.3.1/../../../../arm-none-eabi/lib/thumb/v6-m/nofp/libc_nano.a(lib_a-sbrkr.o)
                0x0000000008017700                _sbrk_r
 .text.setvbuf  0x0000000008017724      0x190 /opt/st/stm32cubeide_1.12.0/plugins/com.st.stm32cube.ide.mcu.externaltools.gnu-tools-for-stm32.10.3-2021.10.linux64_1.0.200.202301161003/tools/bin/../lib/gcc/arm-none-eabi/10.3.1/../../../../arm-none-eabi/lib/thumb/v6-m/nofp/libc_nano.a(lib_a-setvbuf.o)
                0x0000000008017724                setvbuf
 .text.snprintf
                0x00000000080178b4       0x68 /opt/st/stm32cubeide_1.12.0/plugins/com.st.stm32cube.ide.mcu.externaltools.gnu-tools-for-stm32.10.3-2021.10.linux64_1.0.200.202301161003/tools/bin/../lib/gcc/arm-none-eabi/10.3.1/../../../../arm-none-eabi/lib/thumb/v6-m/nofp/libc_nano.a(lib_a-snprintf.o)
                0x00000000080178b4                snprintf
                0x00000000080178b4                sniprintf
 .text.sprintf  0x000000000801791c       0x40 /opt/st/stm32cubeide_1.12.0/plugins/com.st.stm32cube.ide.mcu.externaltools.gnu-tools-for-stm32.10.3-2021.10.linux64_1.0.200.202301161003/tools/bin/../lib/gcc/arm-none-eabi/10.3.1/../../../../arm-none-eabi/lib/thumb/v6-m/nofp/libc_nano.a(lib_a-sprintf.o)
                0x000000000801791c                sprintf
                0x000000000801791c                siprintf
 .text.sscanf   0x000000000801795c       0x50 /opt/st/stm32cubeide_1.12.0/plugins/com.st.stm32cube.ide.mcu.externaltools.gnu-tools-for-stm32.10.3-2021.10.linux64_1.0.200.202301161003/tools/bin/../lib/gcc/arm-none-eabi/10.3.1/../../../../arm-none-eabi/lib/thumb/v6-m/nofp/libc_nano.a(lib_a-sscanf.o)
                0x000000000801795c                sscanf
                0x000000000801795c                siscanf
 .text.__sread  0x00000000080179ac       0x28 /opt/st/stm32cubeide_1.12.0/plugins/com.st.stm32cube.ide.mcu.externaltools.gnu-tools-for-stm32.10.3-2021.10.linux64_1.0.200.202301161003/tools/bin/../lib/gcc/arm-none-eabi/10.3.1/../../../../arm-none-eabi/lib/thumb/v6-m/nofp/libc_nano.a(lib_a-stdio.o)
                0x00000000080179ac                __sread
 .text.__seofread
                0x00000000080179d4        0x4 /opt/st/stm32cubeide_1.12.0/plugins/com.st.stm32cube.ide.mcu.externaltools.gnu-tools-for-stm32.10.3-2021.10.linux64_1.0.200.202301161003/tools/bin/../lib/gcc/arm-none-eabi/10.3.1/../../../../arm-none-eabi/lib/thumb/v6-m/nofp/libc_nano.a(lib_a-stdio.o)
                0x00000000080179d4                __seofread
 .text.__swrite
                0x00000000080179d8       0x38 /opt/st/stm32cubeide_1.12.0/plugins/com.st.stm32cube.ide.mcu.externaltools.gnu-tools-for-stm32.10.3-2021.10.linux64_1.0.200.202301161003/tools/bin/../lib/gcc/arm-none-eabi/10.3.1/../../../../arm-none-eabi/lib/thumb/v6-m/nofp/libc_nano.a(lib_a-stdio.o)
                0x00000000080179d8                __swrite
 .text.__sseek  0x0000000008017a10       0x2c /opt/st/stm32cubeide_1.12.0/plugins/com.st.stm32cube.ide.mcu.externaltools.gnu-tools-for-stm32.10.3-2021.10.linux64_1.0.200.202301161003/tools/bin/../lib/gcc/arm-none-eabi/10.3.1/../../../../arm-none-eabi/lib/thumb/v6-m/nofp/libc_nano.a(lib_a-stdio.o)
                0x0000000008017a10                __sseek
 .text.__sclose
                0x0000000008017a3c        0xc /opt/st/stm32cubeide_1.12.0/plugins/com.st.stm32cube.ide.mcu.externaltools.gnu-tools-for-stm32.10.3-2021.10.linux64_1.0.200.202301161003/tools/bin/../lib/gcc/arm-none-eabi/10.3.1/../../../../arm-none-eabi/lib/thumb/v6-m/nofp/libc_nano.a(lib_a-stdio.o)
                0x0000000008017a3c                __sclose