Archive member included to satisfy reference by file (symbol)

/opt/st/stm32cubeide_1.12.0/plugins/com.st.stm32cube.ide.mcu.externaltools.gnu-tools-for-stm32.10.3-2021.10.linux64_1.0.200.202301161003/tools/bin/../lib/gcc/arm-none-eabi/10.3.1/../../../../arm-none-eabi/lib/thumb/v6-m/nofp/libc_nano.a(lib_a-assert.o)
                              ./Core/Src/queue.o (__assert_func)
/opt/st/stm32cubeide_1.12.0/plugins/com.st.stm32cube.ide.mcu.externaltools.gnu-tools-for-stm32.10.3-2021.10.linux64_1.0.200.202301161003/tools/bin/../lib/gcc/arm-none-eabi/10.3.1/../../../../arm-none-eabi/lib/thumb/v6-m/nofp/libc_nano.a(lib_a-atof.o)
                              ./Core/Src/gps.o (atof)
/opt/st/stm32cubeide_1.12.0/plugins/com.st.stm32cube.ide.mcu.externaltools.gnu-tools-for-stm32.10.3-2021.10.linux64_1.0.200.202301161003/tools/bin/../lib/gcc/arm-none-eabi/10.3.1/../../../../arm-none-eabi/lib/thumb/v6-m/nofp/libc_nano.a(lib_a-atoi.o)
                              ./Core/Src/gps.o (atoi)
/opt/st/stm32cubeide_1.12.0/plugins/com.st.stm32cube.ide.mcu.externaltools.gnu-tools-for-stm32.10.3-2021.10.linux64_1.0.200.202301161003/tools/bin/../lib/gcc/arm-none-eabi/10.3.1/../../../../arm-none-eabi/lib/thumb/v6-m/nofp/libc_nano.a(lib_a-errno.o)
                              ./Core/Src/syscalls.o (__errno)
/opt/st/stm32cubeide_1.12.0/plugins/com.st.stm32cube.ide.mcu.externaltools.gnu-tools-for-stm32.10.3-2021.10.linux64_1.0.200.202301161003/tools/bin/../lib/gcc/arm-none-eabi/10.3.1/../../../../arm-none-eabi/lib/thumb/v6-m/nofp/libc_nano.a(lib_a-exit.o)
                              /opt/st/stm32cubeide_1.12.0/plugins/com.st.stm32cube.ide.mcu.externaltools.gnu-tools-for-stm32.10.3-2021.10.linux64_1.0.200.202301161003/tools/bin/../lib/gcc/arm-none-eabi/10.3.1/../../../../arm-none-eabi/lib/thumb/v6-m/nofp/crt0.o (exit)
/opt/st/stm32cubeide_1.12.0/plugins/com.st.stm32cube.ide.mcu.externaltools.gnu-tools-for-stm32.10.3-2021.10.linux64_1.0.200.202301161003/tools/bin/../lib/gcc/arm-none-eabi/10.3.1/../../../../arm-none-eabi/lib/thumb/v6-m/nofp/libc_nano.a(lib_a-fprintf.o)
                              /opt/st/stm32cubeide_1.12.0/plugins/com.st.stm32cube.ide.mcu.externaltools.gnu-tools-for-stm32.10.3-2021.10.linux64_1.0.200.202301161003/tools/bin/../lib/gcc/arm-none-eabi/10.3.1/../../../../arm-none-eabi/lib/thumb/v6-m/nofp/libc_nano.a(lib_a-assert.o) (fiprintf)
/opt/st/stm32cubeide_1.12.0/plugins/com.st.stm32cube.ide.mcu.externaltools.gnu-tools-for-stm32.10.3-2021.10.linux64_1.0.200.202301161003/tools/bin/../lib/gcc/arm-none-eabi/10.3.1/../../../../arm-none-eabi/lib/thumb/v6-m/nofp/libc_nano.a(lib_a-getchar.o)
                              ./Core/Src/console.o (getchar)
/opt/st/stm32cubeide_1.12.0/plugins/com.st.stm32cube.ide.mcu.externaltools.gnu-tools-for-stm32.10.3-2021.10.linux64_1.0.200.202301161003/tools/bin/../lib/gcc/arm-none-eabi/10.3.1/../../../../arm-none-eabi/lib/thumb/v6-m/nofp/libc_nano.a(lib_a-impure.o)
                              /opt/st/stm32cubeide_1.12.0/plugins/com.st.stm32cube.ide.mcu.externaltools.gnu-tools-for-stm32.10.3-2021.10.linux64_1.0.200.202301161003/tools/bin/../lib/gcc/arm-none-eabi/10.3.1/../../../../arm-none-eabi/lib/thumb/v6-m/nofp/libc_nano.a(lib_a-exit.o) (_global_impure_ptr)
/opt/st/stm32cubeide_1.12.0/plugins/com.st.stm32cube.ide.mcu.externaltools.gnu-tools-for-stm32.10.3-2021.10.linux64_1.0.200.202301161003/tools/bin/../lib/gcc/arm-none-eabi/10.3.1/../../../../arm-none-eabi/lib/thumb/v6-m/nofp/libc_nano.a(lib_a-init.o)
                              /opt/st/stm32cubeide_1.12.0/plugins/com.st.stm32cube.ide.mcu.externaltools.gnu-tools-for-stm32.10.3-2021.10.linux64_1.0.200.202301161003/tools/bin/../lib/gcc/arm-none-eabi/10.3.1/../../../../arm-none-eabi/lib/thumb/v6-m/nofp/crt0.o (__libc_init_array)
/opt/st/stm32cubeide_1.12.0/plugins/com.st.stm32cube.ide.mcu.externaltools.gnu-tools-for-stm32.10.3-2021.10.linux64_1.0.200.202301161003/tools/bin/../lib/gcc/arm-none-eabi/10.3.1/../../../../arm-none-eabi/lib/thumb/v6-m/nofp/libc_nano.a(lib_a-malloc.o)
                              ./Core/Src/queue.o (malloc)
/opt/st/stm32cubeide_1.12.0/plugins/com.st.stm32cube.ide.mcu.externaltools.gnu-tools-for-stm32.10.3-2021.10.linux64_1.0.200.202301161003/tools/bin/../lib/gcc/arm-none-eabi/10.3.1/../../../../arm-none-eabi/lib/thumb/v6-m/nofp/libc_nano.a(lib_a-memcmp.o)
                              ./Middlewares/littlefs/lfs.o (memcmp)
/opt/st/stm32cubeide_1.12.0/plugins/com.st.stm32cube.ide.mcu.externaltools.gnu-tools-for-stm32.10.3-2021.10.linux64_1.0.200.202301161003/tools/bin/../lib/gcc/arm-none-eabi/10.3.1/../../../../arm-none-eabi/lib/thumb/v6-m/nofp/libc_nano.a(lib_a-memcpy-stub.o)
                              ./Core/Src/flash.o (memcpy)
/opt/st/stm32cubeide_1.12.0/plugins/com.st.stm32cube.ide.mcu.externaltools.gnu-tools-for-stm32.10.3-2021.10.linux64_1.0.200.202301161003/tools/bin/../lib/gcc/arm-none-eabi/10.3.1/../../../../arm-none-eabi/lib/thumb/v6-m/nofp/libc_nano.a(lib_a-memset.o)
[...]
Memory Configuration

Name             Origin             Length             Attributes
RAM              0x0000000020000000 0x0000000000004000 xrw
FLASH            0x0000000008000000 0x0000000000020000 xr
*default*        0x0000000000000000 0xffffffffffffffff

Linker script and memory map

LOAD /opt/st/stm32cubeide_1.12.0/plugins/com.st.stm32cube.ide.mcu.externaltools.gnu-tools-for-stm32.10.3-2021.10.linux64_1.0.200.202301161003/tools/bin/../lib/gcc/arm-none-eabi/10.3.1/thumb/v6-m/nofp/crti.o
LOAD /opt/st/stm32cubeide_1.12.0/plugins/com.st.stm32cube.ide.mcu.externaltools.gnu-tools-for-stm32.10.3-2021.10.linux64_1.0.200.202301161003/tools/bin/../lib/gcc/arm-none-eabi/10.3.1/thumb/v6-m/nofp/crtbegin.o
LOAD /opt/st/stm32cubeide_1.12.0/plugins/com.st.stm32cube.ide.mcu.externaltools.gnu-tools-for-stm32.10.3-2021.10.linux64_1.0.200.202301161003/tools/bin/../lib/gcc/arm-none-eabi/10.3.1/../../../../arm-none-eabi/lib/thumb/v6-m/nofp/crt0.o
LOAD ./Core/Src/clock.o
LOAD ./Core/Src/console.o
LOAD ./Core/Src/flash.o
LOAD ./Core/Src/fs.o
LOAD ./Core/Src/gps.o
LOAD ./Core/Src/main.o
LOAD ./Core/Src/main_task.o
LOAD ./Core/Src/queue.o
LOAD ./Core/Src/stm32f0xx_hal_msp.o
LOAD ./Core/Src/stm32f0xx_it.o
LOAD ./Core/Src/syscalls.o
LOAD ./Core/Src/sysmem.o
LOAD ./Core/Src/system_stm32f0xx.o
LOAD ./Core/Startup/startup_stm32f072cbtx.o
LOAD ./Drivers/STM32F0xx_HAL_Driver/Src/stm32f0xx_hal.o
LOAD ./Drivers/STM32F0xx_HAL_Driver/Src/stm32f0xx_hal_cortex.o
LOAD ./Drivers/STM32F0xx_HAL_Driver/Src/stm32f0xx_hal_dma.o
LOAD ./Drivers/STM32F0xx_HAL_Driver/Src/stm32f0xx_hal_exti.o
LOAD ./Drivers/STM32F0xx_HAL_Driver/Src/stm32f0xx_hal_flash.o
LOAD ./Drivers/STM32F0xx_HAL_Driver/Src/stm32f0xx_hal_flash_ex.o
LOAD ./Drivers/STM32F0xx_HAL_Driver/Src/stm32f0xx_hal_gpio.o
LOAD ./Drivers/STM32F0xx_HAL_Driver/Src/stm32f0xx_hal_i2c.o
LOAD ./Drivers/STM32F0xx_HAL_Driver/Src/stm32f0xx_hal_i2c_ex.o
LOAD ./Drivers/STM32F0xx_HAL_Driver/Src/stm32f0xx_hal_pcd.o
LOAD ./Drivers/STM32F0xx_HAL_Driver/Src/stm32f0xx_hal_pcd_ex.o
LOAD ./Drivers/STM32F0xx_HAL_Driver/Src/stm32f0xx_hal_pwr.o
LOAD ./Drivers/STM32F0xx_HAL_Driver/Src/stm32f0xx_hal_pwr_ex.o
LOAD ./Drivers/STM32F0xx_HAL_Driver/Src/stm32f0xx_hal_rcc.o
LOAD ./Drivers/STM32F0xx_HAL_Driver/Src/stm32f0xx_hal_rcc_ex.o
LOAD ./Drivers/STM32F0xx_HAL_Driver/Src/stm32f0xx_hal_rtc.o
LOAD ./Drivers/STM32F0xx_HAL_Driver/Src/stm32f0xx_hal_rtc_ex.o
LOAD ./Drivers/STM32F0xx_HAL_Driver/Src/stm32f0xx_hal_spi.o
LOAD ./Drivers/STM32F0xx_HAL_Driver/Src/stm32f0xx_hal_spi_ex.o
LOAD ./Drivers/STM32F0xx_HAL_Driver/Src/stm32f0xx_hal_tim.o
LOAD ./Drivers/STM32F0xx_HAL_Driver/Src/stm32f0xx_hal_tim_ex.o
LOAD ./Drivers/STM32F0xx_HAL_Driver/Src/stm32f0xx_hal_uart.o
LOAD ./Drivers/STM32F0xx_HAL_Driver/Src/stm32f0xx_hal_uart_ex.o
LOAD ./Drivers/STM32F0xx_HAL_Driver/Src/stm32f0xx_ll_usb.o
LOAD ./Middlewares/ST/STM32_USB_Device_Library/Class/CDC/Src/usbd_cdc.o
LOAD ./Middlewares/ST/STM32_USB_Device_Library/Core/Src/usbd_core.o
LOAD ./Middlewares/ST/STM32_USB_Device_Library/Core/Src/usbd_ctlreq.o
LOAD ./Middlewares/ST/STM32_USB_Device_Library/Core/Src/usbd_ioreq.o
LOAD ./Middlewares/littlefs/lfs.o
LOAD ./Middlewares/littlefs/lfs_util.o
LOAD ./USB_DEVICE/App/usb_device.o
LOAD ./USB_DEVICE/App/usbd_cdc_if.o
LOAD ./USB_DEVICE/App/usbd_desc.o
LOAD ./USB_DEVICE/Target/usbd_conf.o
START GROUP
LOAD /opt/st/stm32cubeide_1.12.0/plugins/com.st.stm32cube.ide.mcu.externaltools.gnu-tools-for-stm32.10.3-2021.10.linux64_1.0.200.202301161003/tools/bin/../lib/gcc/arm-none-eabi/10.3.1/../../../../arm-none-eabi/lib/thumb/v6-m/nofp/libc_nano.a
LOAD /opt/st/stm32cubeide_1.12.0/plugins/com.st.stm32cube.ide.mcu.externaltools.gnu-tools-for-stm32.10.3-2021.10.linux64_1.0.200.202301161003/tools/bin/../lib/gcc/arm-none-eabi/10.3.1/../../../../arm-none-eabi/lib/thumb/v6-m/nofp/libm.a
END GROUP
START GROUP
LOAD /opt/st/stm32cubeide_1.12.0/plugins/com.st.stm32cube.ide.mcu.externaltools.gnu-tools-for-stm32.10.3-2021.10.linux64_1.0.200.202301161003/tools/bin/../lib/gcc/arm-none-eabi/10.3.1/thumb/v6-m/nofp/libgcc.a
LOAD /opt/st/stm32cubeide_1.12.0/plugins/com.st.stm32cube.ide.mcu.externaltools.gnu-tools-for-stm32.10.3-2021.10.linux64_1.0.200.202301161003/tools/bin/../lib/gcc/arm-none-eabi/10.3.1/../../../../arm-none-eabi/lib/thumb/v6-m/nofp/libc_nano.a
END GROUP
START GROUP
LOAD /opt/st/stm32cubeide_1.12.0/plugins/com.st.stm32cube.ide.mcu.externaltools.gnu-tools-for-stm32.10.3-2021.10.linux64_1.0.200.202301161003/tools/bin/../lib/gcc/arm-none-eabi/10.3.1/thumb/v6-m/nofp/libgcc.a
LOAD /opt/st/stm32cubeide_1.12.0/plugins/com.st.stm32cube.ide.mcu.externaltools.gnu-tools-for-stm32.10.3-2021.10.linux64_1.0.200.202301161003/tools/bin/../lib/gcc/arm-none-eabi/10.3.1/../../../../arm-none-eabi/lib/thumb/v6-m/nofp/libc_nano.a
LOAD /opt/st/stm32cubeide_1.12.0/plugins/com.st.stm32cube.ide.mcu.externaltools.gnu-tools-for-stm32.10.3-2021.10.linux64_1.0.200.202301161003/tools/bin/../lib/gcc/arm-none-eabi/10.3.1/../../../../arm-none-eabi/lib/thumb/v6-m/nofp/libnosys.a
END GROUP
START GROUP
LOAD /opt/st/stm32cubeide_1.12.0/plugins/com.st.stm32cube.ide.mcu.externaltools.gnu-tools-for-stm32.10.3-2021.10.linux64_1.0.200.202301161003/tools/bin/../lib/gcc/arm-none-eabi/10.3.1/thumb/v6-m/nofp/libgcc.a
LOAD /opt/st/stm32cubeide_1.12.0/plugins/com.st.stm32cube.ide.mcu.externaltools.gnu-tools-for-stm32.10.3-2021.10.linux64_1.0.200.202301161003/tools/bin/../lib/gcc/arm-none-eabi/10.3.1/../../../../arm-none-eabi/lib/thumb/v6-m/nofp/libc_nano.a
LOAD /opt/st/stm32cubeide_1.12.0/plugins/com.st.stm32cube.ide.mcu.externaltools.gnu-tools-for-stm32.10.3-2021.10.linux64_1.0.200.202301161003/tools/bin/../lib/gcc/arm-none-eabi/10.3.1/../../../../arm-none-eabi/lib/thumb/v6-m/nofp/libnosys.a
END GROUP
LOAD /opt/st/stm32cubeide_1.12.0/plugins/com.st.stm32cube.ide.mcu.externaltools.gnu-tools-for-stm32.10.3-2021.10.linux64_1.0.200.202301161003/tools/bin/../lib/gcc/arm-none-eabi/10.3.1/thumb/v6-m/nofp/crtend.o
LOAD /opt/st/stm32cubeide_1.12.0/plugins/com.st.stm32cube.ide.mcu.externaltools.gnu-tools-for-stm32.10.3-2021.10.linux64_1.0.200.202301161003/tools/bin/../lib/gcc/arm-none-eabi/10.3.1/thumb/v6-m/nofp/crtn.o
                0x0000000020004000                _estack = (ORIGIN (RAM) + LENGTH (RAM))
                0x0000000000000400                _Min_Heap_Size = 0x400
                0x0000000000001000                _Min_Stack_Size = 0x1000

.isr_vector     0x0000000008000000       0xc0
                0x0000000008000000                . = ALIGN (0x4)
 *(.isr_vector)
 .isr_vector    0x0000000008000000       0xc0 ./Core/Startup/startup_stm32f072cbtx.o
                0x0000000008000000                g_pfnVectors
                0x00000000080000c0                . = ALIGN (0x4)

.text           0x00000000080000c0    0x1181c
                0x00000000080000c0                . = ALIGN (0x4)
 *(.text)
 .text          0x00000000080000c0       0x48 /opt/st/stm32cubeide_1.12.0/plugins/com.st.stm32cube.ide.mcu.externaltools.gnu-tools-for-stm32.10.3-2021.10.linux64_1.0.200.202301161003/tools/bin/../lib/gcc/arm-none-eabi/10.3.1/thumb/v6-m/nofp/crtbegin.o
 .text          0x0000000008000108       0x14 /opt/st/stm32cubeide_1.12.0/plugins/com.st.stm32cube.ide.mcu.externaltools.gnu-tools-for-stm32.10.3-2021.10.linux64_1.0.200.202301161003/tools/bin/../lib/gcc/arm-none-eabi/10.3.1/../../../../arm-none-eabi/lib/thumb/v6-m/nofp/libc_nano.a(lib_a-strcmp.o)
                0x0000000008000108                strcmp
 .text          0x000000000800011c        0xe /opt/st/stm32cubeide_1.12.0/plugins/com.st.stm32cube.ide.mcu.externaltools.gnu-tools-for-stm32.10.3-2021.10.linux64_1.0.200.202301161003/tools/bin/../lib/gcc/arm-none-eabi/10.3.1/../../../../arm-none-eabi/lib/thumb/v6-m/nofp/libc_nano.a(lib_a-strlen.o)
                0x000000000800011c                strlen
 *fill*         0x000000000800012a        0x2 
 .text          0x000000000800012c       0x14 /opt/st/stm32cubeide_1.12.0/plugins/com.st.stm32cube.ide.mcu.externaltools.gnu-tools-for-stm32.10.3-2021.10.linux64_1.0.200.202301161003/tools/bin/../lib/gcc/arm-none-eabi/10.3.1/thumb/v6-m/nofp/libgcc.a(_thumb1_case_sqi.o)
                0x000000000800012c                __gnu_thumb1_case_sqi
 .text          0x0000000008000140       0x14 /opt/st/stm32cubeide_1.12.0/plugins/com.st.stm32cube.ide.mcu.externaltools.gnu-tools-for-stm32.10.3-2021.10.linux64_1.0.200.202301161003/tools/bin/../lib/gcc/arm-none-eabi/10.3.1/thumb/v6-m/nofp/libgcc.a(_thumb1_case_uqi.o)
                0x0000000008000140                __gnu_thumb1_case_uqi
 .text          0x0000000008000154       0x14 /opt/st/stm32cubeide_1.12.0/plugins/com.st.stm32cube.ide.mcu.externaltools.gnu-tools-for-stm32.10.3-2021.10.linux64_1.0.200.202301161003/tools/bin/../lib/gcc/arm-none-eabi/10.3.1/thumb/v6-m/nofp/libgcc.a(_thumb1_case_shi.o)
                0x0000000008000154                __gnu_thumb1_case_shi
 .text          0x0000000008000168       0x14 /opt/st/stm32cubeide_1.12.0/plugins/com.st.stm32cube.ide.mcu.externaltools.gnu-tools-for-stm32.10.3-2021.10.linux64_1.0.200.202301161003/tools/bin/../lib/gcc/arm-none-eabi/10.3.1/thumb/v6-m/nofp/libgcc.a(_thumb1_case_uhi.o)
                0x0000000008000168                __gnu_thumb1_case_uhi
 .text          0x000000000800017c      0x114 /opt/st/stm32cubeide_1.12.0/plugins/com.st.stm32cube.ide.mcu.externaltools.gnu-tools-for-stm32.10.3-2021.10.linux64_1.0.200.202301161003/tools/bin/../lib/gcc/arm-none-eabi/10.3.1/thumb/v6-m/nofp/libgcc.a(_udivsi3.o)
                0x000000000800017c                __udivsi3
                0x000000000800017c                __aeabi_uidiv
                0x0000000008000288                __aeabi_uidivmod
 .text          0x0000000008000290      0x1d4 /opt/st/stm32cubeide_1.12.0/plugins/com.st.stm32cube.ide.mcu.externaltools.gnu-tools-for-stm32.10.3-2021.10.linux64_1.0.200.202301161003/tools/bin/../lib/gcc/arm-none-eabi/10.3.1/thumb/v6-m/nofp/libgcc.a(_divsi3.o)
                0x0000000008000290                __aeabi_idiv
                0x0000000008000290                __divsi3
                0x000000000800045c                __aeabi_idivmod
 .text          0x0000000008000464        0x4 /opt/st/stm32cubeide_1.12.0/plugins/com.st.stm32cube.ide.mcu.externaltools.gnu-tools-for-stm32.10.3-2021.10.linux64_1.0.200.202301161003/tools/bin/../lib/gcc/arm-none-eabi/10.3.1/thumb/v6-m/nofp/libgcc.a(_dvmd_tls.o)
                0x0000000008000464                __aeabi_ldiv0
                0x0000000008000464                __aeabi_idiv0
 .text          0x0000000008000468       0x7c /opt/st/stm32cubeide_1.12.0/plugins/com.st.stm32cube.ide.mcu.externaltools.gnu-tools-for-stm32.10.3-2021.10.linux64_1.0.200.202301161003/tools/bin/../lib/gcc/arm-none-eabi/10.3.1/thumb/v6-m/nofp/libgcc.a(_arm_cmpdf2.o)
                0x0000000008000468                __aeabi_cdrcmple
                0x0000000008000478                __aeabi_cdcmple
                0x0000000008000478                __aeabi_cdcmpeq
                0x0000000008000488                __aeabi_dcmpeq
                0x0000000008000494                __aeabi_dcmplt
                0x00000000080004a8                __aeabi_dcmple
                0x00000000080004bc                __aeabi_dcmpgt
                0x00000000080004d0                __aeabi_dcmpge
 .text          0x00000000080004e4       0x3c /opt/st/stm32cubeide_1.12.0/plugins/com.st.stm32cube.ide.mcu.externaltools.gnu-tools-for-stm32.10.3-2021.10.linux64_1.0.200.202301161003/tools/bin/../lib/gcc/arm-none-eabi/10.3.1/thumb/v6-m/nofp/libgcc.a(_clzsi2.o)
                0x00000000080004e4                __clzsi2
 .text          0x0000000008000520       0x40 /opt/st/stm32cubeide_1.12.0/plugins/com.st.stm32cube.ide.mcu.externaltools.gnu-tools-for-stm32.10.3-2021.10.linux64_1.0.200.202301161003/tools/bin/../lib/gcc/arm-none-eabi/10.3.1/thumb/v6-m/nofp/libgcc.a(_ctzsi2.o)
                0x0000000008000520                __ctzsi2
 .text          0x0000000008000560       0x34 /opt/st/stm32cubeide_1.12.0/plugins/com.st.stm32cube.ide.mcu.externaltools.gnu-tools-for-stm32.10.3-2021.10.linux64_1.0.200.202301161003/tools/bin/../lib/gcc/arm-none-eabi/10.3.1/thumb/v6-m/nofp/libgcc.a(_popcountsi2.o)
                0x0000000008000560                __popcountsi2
 .text          0x0000000008000594       0x3c /opt/st/stm32cubeide_1.12.0/plugins/com.st.stm32cube.ide.mcu.externaltools.gnu-tools-for-stm32.10.3-2021.10.linux64_1.0.200.202301161003/tools/bin/../lib/gcc/arm-none-eabi/10.3.1/thumb/v6-m/nofp/libgcc.a(_fixunsdfsi.o)
                0x0000000008000594                __fixunsdfsi
                0x0000000008000594                __aeabi_d2uiz
 .text          0x00000000080005d0       0x3c /opt/st/stm32cubeide_1.12.0/plugins/com.st.stm32cube.ide.mcu.externaltools.gnu-tools-for-stm32.10.3-2021.10.linux64_1.0.200.202301161003/tools/bin/../lib/gcc/arm-none-eabi/10.3.1/thumb/v6-m/nofp/libgcc.a(_fixdfdi.o)
                0x00000000080005d0                __aeabi_d2lz
                0x00000000080005d0                __fixdfdi
 .text          0x000000000800060c       0x3c /opt/st/stm32cubeide_1.12.0/plugins/com.st.stm32cube.ide.mcu.externaltools.gnu-tools-for-stm32.10.3-2021.10.linux64_1.0.200.202301161003/tools/bin/../lib/gcc/arm-none-eabi/10.3.1/thumb/v6-m/nofp/libgcc.a(_fixunsdfdi.o)
                0x000000000800060c                __aeabi_d2ulz
                0x000000000800060c                __fixunsdfdi
 .text          0x0000000008000648       0x2c /opt/st/stm32cubeide_1.12.0/plugins/com.st.stm32cube.ide.mcu.externaltools.gnu-tools-for-stm32.10.3-2021.10.linux64_1.0.200.202301161003/tools/bin/../lib/gcc/arm-none-eabi/10.3.1/thumb/v6-m/nofp/libgcc.a(_floatdidf.o)
                0x0000000008000648                __floatdidf
                0x0000000008000648                __aeabi_l2d
 .text          0x0000000008000674      0x678 /opt/st/stm32cubeide_1.12.0/plugins/com.st.stm32cube.ide.mcu.externaltools.gnu-tools-for-stm32.10.3-2021.10.linux64_1.0.200.202301161003/tools/bin/../lib/gcc/arm-none-eabi/10.3.1/thumb/v6-m/nofp/libgcc.a(adddf3.o)
                0x0000000008000674                __aeabi_dadd
 .text          0x0000000008000cec      0x5ec /opt/st/stm32cubeide_1.12.0/plugins/com.st.stm32cube.ide.mcu.externaltools.gnu-tools-for-stm32.10.3-2021.10.linux64_1.0.200.202301161003/tools/bin/../lib/gcc/arm-none-eabi/10.3.1/thumb/v6-m/nofp/libgcc.a(divdf3.o)
                0x0000000008000cec                __aeabi_ddiv
 .text          0x00000000080012d8       0x84 /opt/st/stm32cubeide_1.12.0/plugins/com.st.stm32cube.ide.mcu.externaltools.gnu-tools-for-stm32.10.3-2021.10.linux64_1.0.200.202301161003/tools/bin/../lib/gcc/arm-none-eabi/10.3.1/thumb/v6-m/nofp/libgcc.a(eqdf2.o)
                0x00000000080012d8                __eqdf2
                0x00000000080012d8                __nedf2
 .text          0x000000000800135c       0xcc /opt/st/stm32cubeide_1.12.0/plugins/com.st.stm32cube.ide.mcu.externaltools.gnu-tools-for-stm32.10.3-2021.10.linux64_1.0.200.202301161003/tools/bin/../lib/gcc/arm-none-eabi/10.3.1/thumb/v6-m/nofp/libgcc.a(gedf2.o)
                0x000000000800135c                __gtdf2
                0x000000000800135c                __gedf2
 .text          0x0000000008001428       0xc8 /opt/st/stm32cubeide_1.12.0/plugins/com.st.stm32cube.ide.mcu.externaltools.gnu-tools-for-stm32.10.3-2021.10.linux64_1.0.200.202301161003/tools/bin/../lib/gcc/arm-none-eabi/10.3.1/thumb/v6-m/nofp/libgcc.a(ledf2.o)
                0x0000000008001428                __ltdf2
                0x0000000008001428                __ledf2
 .text          0x00000000080014f0      0x4d8 /opt/st/stm32cubeide_1.12.0/plugins/com.st.stm32cube.ide.mcu.externaltools.gnu-tools-for-stm32.10.3-2021.10.linux64_1.0.200.202301161003/tools/bin/../lib/gcc/arm-none-eabi/10.3.1/thumb/v6-m/nofp/libgcc.a(muldf3.o)
                0x00000000080014f0                __aeabi_dmul
 .text          0x00000000080019c8      0x724 /opt/st/stm32cubeide_1.12.0/plugins/com.st.stm32cube.ide.mcu.externaltools.gnu-tools-for-stm32.10.3-2021.10.linux64_1.0.200.202301161003/tools/bin/../lib/gcc/arm-none-eabi/10.3.1/thumb/v6-m/nofp/libgcc.a(subdf3.o)
                0x00000000080019c8                __aeabi_dsub
 .text          0x00000000080020ec       0x3c /opt/st/stm32cubeide_1.12.0/plugins/com.st.stm32cube.ide.mcu.externaltools.gnu-tools-for-stm32.10.3-2021.10.linux64_1.0.200.202301161003/tools/bin/../lib/gcc/arm-none-eabi/10.3.1/thumb/v6-m/nofp/libgcc.a(unorddf2.o)
                0x00000000080020ec                __aeabi_dcmpun
 .text          0x0000000008002128       0x6c /opt/st/stm32cubeide_1.12.0/plugins/com.st.stm32cube.ide.mcu.externaltools.gnu-tools-for-stm32.10.3-2021.10.linux64_1.0.200.202301161003/tools/bin/../lib/gcc/arm-none-eabi/10.3.1/thumb/v6-m/nofp/libgcc.a(fixdfsi.o)
                0x0000000008002128                __aeabi_d2iz
 .text          0x0000000008002194       0x60 /opt/st/stm32cubeide_1.12.0/plugins/com.st.stm32cube.ide.mcu.externaltools.gnu-tools-for-stm32.10.3-2021.10.linux64_1.0.200.202301161003/tools/bin/../lib/gcc/arm-none-eabi/10.3.1/thumb/v6-m/nofp/libgcc.a(floatsidf.o)
                0x0000000008002194                __aeabi_i2d
 .text          0x00000000080021f4       0x4c /opt/st/stm32cubeide_1.12.0/plugins/com.st.stm32cube.ide.mcu.externaltools.gnu-tools-for-stm32.10.3-2021.10.linux64_1.0.200.202301161003/tools/bin/../lib/gcc/arm-none-eabi/10.3.1/thumb/v6-m/nofp/libgcc.a(floatunsidf.o)
                0x00000000080021f4                __aeabi_ui2d
 .text          0x0000000008002240       0x90 /opt/st/stm32cubeide_1.12.0/plugins/com.st.stm32cube.ide.mcu.externaltools.gnu-tools-for-stm32.10.3-2021.10.linux64_1.0.200.202301161003/tools/bin/../lib/gcc/arm-none-eabi/10.3.1/thumb/v6-m/nofp/libgcc.a(extendsfdf2.o)
                0x0000000008002240                __aeabi_f2d
 .text          0x00000000080022d0      0x110 /opt/st/stm32cubeide_1.12.0/plugins/com.st.stm32cube.ide.mcu.externaltools.gnu-tools-for-stm32.10.3-2021.10.linux64_1.0.200.202301161003/tools/bin/../lib/gcc/arm-none-eabi/10.3.1/thumb/v6-m/nofp/libgcc.a(truncdfsf2.o)
                0x00000000080022d0                __aeabi_d2f
 *(.text*)
 .text.set_clock
                0x00000000080023e0       0x54 ./Core/Src/clock.o
                0x00000000080023e0                set_clock
 .text.get_clock
                0x0000000008002434       0x54 ./Core/Src/clock.o
                0x0000000008002434                get_clock
 .text.console_get_parameter
                0x0000000008002488       0x44 ./Core/Src/console.o
 .text.console_history_command
                0x00000000080024cc       0x24 ./Core/Src/console.o
 .text.console_help_command
                0x00000000080024f0       0x24 ./Core/Src/console.o
 .text.console_arg_is
                0x0000000008002514       0x2a ./Core/Src/console.o
 *fill*         0x000000000800253e        0x2 
 .text.console_example_command
                0x0000000008002540       0x64 ./Core/Src/console.o
 .text.console_gps_command
                0x00000000080025a4      0x110 ./Core/Src/console.o
 .text.console_rm_command
                0x00000000080026b4       0x44 ./Core/Src/console.o
 .text.console_ls_command
                0x00000000080026f8       0x44 ./Core/Src/console.o
 .text.console_info_command
                0x000000000800273c       0x58 ./Core/Src/console.o
 .text.console_clock_command
                0x0000000008002794       0xf4 ./Core/Src/console.o
 .text.console_test_command
                0x0000000008002888       0x60 ./Core/Src/console.o
 .text.console_format_command
                0x00000000080028e8       0x64 ./Core/Src/console.o
 .text.console_cat_command
                0x000000000800294c      0x130 ./Core/Src/console.o
 .text.console_init
                0x0000000008002a7c       0x1c ./Core/Src/console.o
                0x0000000008002a7c                console_init
 .text.console_process_key
                0x0000000008002a98      0x188 ./Core/Src/console.o
                0x0000000008002a98                console_process_key
 .text.FSH_GlobalUnlock
                0x0000000008002c20       0x48 ./Core/Src/flash.o
                0x0000000008002c20                FSH_GlobalUnlock
 .text.FSH_ReadJedecID
                0x0000000008002c68       0x64 ./Core/Src/flash.o
                0x0000000008002c68                FSH_ReadJedecID
 .text.FSH_Read
                0x0000000008002ccc       0x60 ./Core/Src/flash.o
                0x0000000008002ccc                FSH_Read
 .text.FSH_EraseSector
                0x0000000008002d2c       0x4c ./Core/Src/flash.o
                0x0000000008002d2c                FSH_EraseSector
 .text.FSH_ProgramPage
                0x0000000008002d78       0x60 ./Core/Src/flash.o
                0x0000000008002d78                FSH_ProgramPage
 .text.FSH_WriteEnable
                0x0000000008002dd8       0x48 ./Core/Src/flash.o
                0x0000000008002dd8                FSH_WriteEnable
 .text.FSH_WriteDisable
                0x0000000008002e20       0x48 ./Core/Src/flash.o
                0x0000000008002e20                FSH_WriteDisable
 .text.FSH_ClearBlockProtectionRegister
                0x0000000008002e68       0x50 ./Core/Src/flash.o
                0x0000000008002e68                FSH_ClearBlockProtectionRegister
 .text.FSH_ReadStatus
                0x0000000008002eb8       0x48 ./Core/Src/flash.o
                0x0000000008002eb8                FSH_ReadStatus
 .text.FSH_WaitWhileBusy
                0x0000000008002f00       0x16 ./Core/Src/flash.o
                0x0000000008002f00                FSH_WaitWhileBusy
 .text.block_device_sync
                0x0000000008002f16        0x4 ./Core/Src/fs.o
                0x0000000008002f16                block_device_sync
 .text.block_device_erase
                0x0000000008002f1a       0x1e ./Core/Src/fs.o
 .text.block_device_prog
                0x0000000008002f38       0x2a ./Core/Src/fs.o
 .text.block_device_read
                0x0000000008002f62       0x18 ./Core/Src/fs.o
 *fill*         0x0000000008002f7a        0x2 
 .text.fs_init  0x0000000008002f7c       0x50 ./Core/Src/fs.o
                0x0000000008002f7c                fs_init
 .text.append_to_current_file
                0x0000000008002fcc       0x60 ./Core/Src/fs.o
                0x0000000008002fcc                append_to_current_file
 .text.rx_error_callback
                0x000000000800302c       0x18 ./Core/Src/gps.o
 .text.rx_event_callback
                0x0000000008003044       0x2c ./Core/Src/gps.o
 .text.nmea_to_decimal_degrees
                0x0000000008003070       0x80 ./Core/Src/gps.o
 .text.gps_set_standby
                0x00000000080030f0       0x14 ./Core/Src/gps.o
                0x00000000080030f0                gps_set_standby
 .text.gps_init
                0x0000000008003104       0xac ./Core/Src/gps.o
                0x0000000008003104                gps_init
 .text.gps_get_standby
                0x00000000080031b0       0x16 ./Core/Src/gps.o
                0x00000000080031b0                gps_get_standby
 .text.gps_get_fix_obtained
                0x00000000080031c6       0x14 ./Core/Src/gps.o
                0x00000000080031c6                gps_get_fix_obtained
 *fill*         0x00000000080031da        0x2 
 .text.gps_process_msg
                0x00000000080031dc      0x1d8 ./Core/Src/gps.o
                0x00000000080031dc                gps_process_msg
 .text.gps_set_debug
                0x00000000080033b4        0xc ./Core/Src/gps.o
                0x00000000080033b4                gps_set_debug
 .text.gps_get_debug
                0x00000000080033c0        0xc ./Core/Src/gps.o
                0x00000000080033c0                gps_get_debug
 .text._read    0x00000000080033cc       0x1e ./Core/Src/main.o
                0x00000000080033cc                _read
 .text._write   0x00000000080033ea       0x1a ./Core/Src/main.o
                0x00000000080033ea                _write
 .text.SystemClock_Config
                0x0000000008003404       0x88 ./Core/Src/main.o
                0x0000000008003404                SystemClock_Config
 .text.startup.main
                0x000000000800348c      0x1b4 ./Core/Src/main.o
                0x000000000800348c                main
 .text.Error_Handler
                0x0000000008003640        0x4 ./Core/Src/main.o
                0x0000000008003640                Error_Handler
 .text.main_task
                0x0000000008003644       0x30 ./Core/Src/main_task.o
                0x0000000008003644                main_task
 .text.queue_create
                0x0000000008003674       0x60 ./Core/Src/queue.o
                0x0000000008003674                queue_create
 .text.queue_put
                0x00000000080036d4       0x44 ./Core/Src/queue.o
                0x00000000080036d4                queue_put
 .text.queue_get
                0x0000000008003718       0x30 ./Core/Src/queue.o
                0x0000000008003718                queue_get
 .text.queue_size
                0x0000000008003748        0xe ./Core/Src/queue.o
                0x0000000008003748                queue_size
 *fill*         0x0000000008003756        0x2 
 .text.HAL_MspInit
                0x0000000008003758       0x30 ./Core/Src/stm32f0xx_hal_msp.o
                0x0000000008003758                HAL_MspInit
 .text.HAL_RTC_MspInit
                0x0000000008003788       0x20 ./Core/Src/stm32f0xx_hal_msp.o
                0x0000000008003788                HAL_RTC_MspInit
 .text.HAL_SPI_MspInit
                0x00000000080037a8       0x80 ./Core/Src/stm32f0xx_hal_msp.o
                0x00000000080037a8                HAL_SPI_MspInit
 .text.HAL_UART_MspInit
                0x0000000008003828       0x78 ./Core/Src/stm32f0xx_hal_msp.o
                0x0000000008003828                HAL_UART_MspInit
 .text.NMI_Handler
                0x00000000080038a0        0x2 ./Core/Src/stm32f0xx_it.o
                0x00000000080038a0                NMI_Handler
 .text.HardFault_Handler
                0x00000000080038a2        0x2 ./Core/Src/stm32f0xx_it.o
                0x00000000080038a2                HardFault_Handler
 .text.SVC_Handler
                0x00000000080038a4        0x2 ./Core/Src/stm32f0xx_it.o
                0x00000000080038a4                SVC_Handler
 .text.PendSV_Handler
                0x00000000080038a6        0x2 ./Core/Src/stm32f0xx_it.o
                0x00000000080038a6                PendSV_Handler
 .text.SysTick_Handler
                0x00000000080038a8        0x8 ./Core/Src/stm32f0xx_it.o
                0x00000000080038a8                SysTick_Handler
 .text.USART1_IRQHandler
                0x00000000080038b0       0x10 ./Core/Src/stm32f0xx_it.o
                0x00000000080038b0                USART1_IRQHandler
 .text.USB_IRQHandler
                0x00000000080038c0       0x10 ./Core/Src/stm32f0xx_it.o
                0x00000000080038c0                USB_IRQHandler
 .text._getpid  0x00000000080038d0        0x4 ./Core/Src/syscalls.o
                0x00000000080038d0                _getpid
 .text._kill    0x00000000080038d4       0x10 ./Core/Src/syscalls.o
                0x00000000080038d4                _kill
 .text._exit    0x00000000080038e4        0xc ./Core/Src/syscalls.o
                0x00000000080038e4                _exit
 .text._close   0x00000000080038f0        0x6 ./Core/Src/syscalls.o
                0x00000000080038f0                _close
 .text._fstat   0x00000000080038f6        0xa ./Core/Src/syscalls.o
                0x00000000080038f6                _fstat
 .text._isatty  0x0000000008003900        0x4 ./Core/Src/syscalls.o
                0x0000000008003900                _isatty
 .text._lseek   0x0000000008003904        0x4 ./Core/Src/syscalls.o
                0x0000000008003904                _lseek
 .text._sbrk    0x0000000008003908       0x40 ./Core/Src/sysmem.o
                0x0000000008003908                _sbrk
 .text.SystemInit
                0x0000000008003948        0x2 ./Core/Src/system_stm32f0xx.o
                0x0000000008003948                SystemInit
 *fill*         0x000000000800394a        0x2 
 .text.Reset_Handler
                0x000000000800394c       0x50 ./Core/Startup/startup_stm32f072cbtx.o
                0x000000000800394c                Reset_Handler
 .text.Default_Handler
                0x000000000800399c        0x2 ./Core/Startup/startup_stm32f072cbtx.o
                0x000000000800399c                TIM1_CC_IRQHandler
                0x000000000800399c                TSC_IRQHandler
                0x000000000800399c                ADC1_COMP_IRQHandler
                0x000000000800399c                I2C1_IRQHandler
                0x000000000800399c                RCC_CRS_IRQHandler
                0x000000000800399c                SPI1_IRQHandler
                0x000000000800399c                TIM6_DAC_IRQHandler
                0x000000000800399c                USART3_4_IRQHandler
                0x000000000800399c                EXTI2_3_IRQHandler
                0x000000000800399c                I2C2_IRQHandler
                0x000000000800399c                TIM17_IRQHandler
                0x000000000800399c                CEC_CAN_IRQHandler
                0x000000000800399c                RTC_IRQHandler
                0x000000000800399c                PVD_VDDIO2_IRQHandler
                0x000000000800399c                DMA1_Channel4_5_6_7_IRQHandler
                0x000000000800399c                TIM16_IRQHandler
                0x000000000800399c                TIM3_IRQHandler
                0x000000000800399c                EXTI4_15_IRQHandler
                0x000000000800399c                DMA1_Channel1_IRQHandler
                0x000000000800399c                Default_Handler
                0x000000000800399c                TIM14_IRQHandler
                0x000000000800399c                TIM7_IRQHandler
                0x000000000800399c                TIM15_IRQHandler
                0x000000000800399c                EXTI0_1_IRQHandler
                0x000000000800399c                SPI2_IRQHandler
                0x000000000800399c                WWDG_IRQHandler
                0x000000000800399c                TIM2_IRQHandler
                0x000000000800399c                DMA1_Channel2_3_IRQHandler
                0x000000000800399c                USART2_IRQHandler
                0x000000000800399c                FLASH_IRQHandler
                0x000000000800399c                TIM1_BRK_UP_TRG_COM_IRQHandler
 *fill*         0x000000000800399e        0x2 
 .text.HAL_InitTick
                0x00000000080039a0       0x48 ./Drivers/STM32F0xx_HAL_Driver/Src/stm32f0xx_hal.o
                0x00000000080039a0                HAL_InitTick
 .text.HAL_Init
                0x00000000080039e8       0x20 ./Drivers/STM32F0xx_HAL_Driver/Src/stm32f0xx_hal.o
                0x00000000080039e8                HAL_Init
 .text.HAL_IncTick
                0x0000000008003a08       0x18 ./Drivers/STM32F0xx_HAL_Driver/Src/stm32f0xx_hal.o
                0x0000000008003a08                HAL_IncTick
 .text.HAL_GetTick
                0x0000000008003a20        0xc ./Drivers/STM32F0xx_HAL_Driver/Src/stm32f0xx_hal.o
                0x0000000008003a20                HAL_GetTick
 .text.HAL_Delay
                0x0000000008003a2c       0x24 ./Drivers/STM32F0xx_HAL_Driver/Src/stm32f0xx_hal.o
                0x0000000008003a2c                HAL_Delay
 .text.HAL_NVIC_SetPriority
                0x0000000008003a50       0x54 ./Drivers/STM32F0xx_HAL_Driver/Src/stm32f0xx_hal_cortex.o
                0x0000000008003a50                HAL_NVIC_SetPriority
 .text.HAL_NVIC_EnableIRQ
                0x0000000008003aa4       0x18 ./Drivers/STM32F0xx_HAL_Driver/Src/stm32f0xx_hal_cortex.o
                0x0000000008003aa4                HAL_NVIC_EnableIRQ
 .text.HAL_SYSTICK_Config
                0x0000000008003abc       0x34 ./Drivers/STM32F0xx_HAL_Driver/Src/stm32f0xx_hal_cortex.o
                0x0000000008003abc                HAL_SYSTICK_Config
 .text.HAL_DMA_Abort
                0x0000000008003af0       0x3c ./Drivers/STM32F0xx_HAL_Driver/Src/stm32f0xx_hal_dma.o
                0x0000000008003af0                HAL_DMA_Abort
 .text.HAL_DMA_Abort_IT
                0x0000000008003b2c       0x46 ./Drivers/STM32F0xx_HAL_Driver/Src/stm32f0xx_hal_dma.o
                0x0000000008003b2c                HAL_DMA_Abort_IT
 *fill*         0x0000000008003b72        0x2 
 .text.HAL_GPIO_Init
                0x0000000008003b74      0x188 ./Drivers/STM32F0xx_HAL_Driver/Src/stm32f0xx_hal_gpio.o
                0x0000000008003b74                HAL_GPIO_Init
 .text.HAL_GPIO_ReadPin
                0x0000000008003cfc        0xc ./Drivers/STM32F0xx_HAL_Driver/Src/stm32f0xx_hal_gpio.o
                0x0000000008003cfc                HAL_GPIO_ReadPin
 .text.HAL_GPIO_WritePin
                0x0000000008003d08        0xc ./Drivers/STM32F0xx_HAL_Driver/Src/stm32f0xx_hal_gpio.o
                0x0000000008003d08                HAL_GPIO_WritePin
 .text.HAL_PCD_Init
                0x0000000008003d14       0xd4 ./Drivers/STM32F0xx_HAL_Driver/Src/stm32f0xx_hal_pcd.o
                0x0000000008003d14                HAL_PCD_Init
 .text.HAL_PCD_Start
                0x0000000008003de8       0x26 ./Drivers/STM32F0xx_HAL_Driver/Src/stm32f0xx_hal_pcd.o
                0x0000000008003de8                HAL_PCD_Start
 .text.HAL_PCD_SetAddress
                0x0000000008003e0e       0x24 ./Drivers/STM32F0xx_HAL_Driver/Src/stm32f0xx_hal_pcd.o
                0x0000000008003e0e                HAL_PCD_SetAddress
 *fill*         0x0000000008003e32        0x2 
 .text.HAL_PCD_IRQHandler
                0x0000000008003e34      0x9bc ./Drivers/STM32F0xx_HAL_Driver/Src/stm32f0xx_hal_pcd.o
                0x0000000008003e34                HAL_PCD_IRQHandler
 .text.HAL_PCD_EP_Open
                0x00000000080047f0       0x5c ./Drivers/STM32F0xx_HAL_Driver/Src/stm32f0xx_hal_pcd.o
                0x00000000080047f0                HAL_PCD_EP_Open
 .text.HAL_PCD_EP_Close
                0x000000000800484c       0x50 ./Drivers/STM32F0xx_HAL_Driver/Src/stm32f0xx_hal_pcd.o
                0x000000000800484c                HAL_PCD_EP_Close
 .text.HAL_PCD_EP_Receive
                0x000000000800489c       0x42 ./Drivers/STM32F0xx_HAL_Driver/Src/stm32f0xx_hal_pcd.o
                0x000000000800489c                HAL_PCD_EP_Receive
 .text.HAL_PCD_EP_GetRxCount
                0x00000000080048de       0x12 ./Drivers/STM32F0xx_HAL_Driver/Src/stm32f0xx_hal_pcd.o
                0x00000000080048de                HAL_PCD_EP_GetRxCount
 .text.HAL_PCD_EP_Transmit
                0x00000000080048f0       0x3a ./Drivers/STM32F0xx_HAL_Driver/Src/stm32f0xx_hal_pcd.o
                0x00000000080048f0                HAL_PCD_EP_Transmit
 .text.HAL_PCD_EP_SetStall
                0x000000000800492a       0x5a ./Drivers/STM32F0xx_HAL_Driver/Src/stm32f0xx_hal_pcd.o
                0x000000000800492a                HAL_PCD_EP_SetStall
 .text.HAL_PCD_EP_ClrStall
                0x0000000008004984       0x60 ./Drivers/STM32F0xx_HAL_Driver/Src/stm32f0xx_hal_pcd.o
                0x0000000008004984                HAL_PCD_EP_ClrStall
 .text.HAL_PCDEx_PMAConfig
                0x00000000080049e4       0x34 ./Drivers/STM32F0xx_HAL_Driver/Src/stm32f0xx_hal_pcd_ex.o
                0x00000000080049e4                HAL_PCDEx_PMAConfig
 .text.HAL_PCDEx_ActivateLPM
                0x0000000008004a18       0x28 ./Drivers/STM32F0xx_HAL_Driver/Src/stm32f0xx_hal_pcd_ex.o
                0x0000000008004a18                HAL_PCDEx_ActivateLPM
 .text.HAL_PCDEx_LPM_Callback
                0x0000000008004a40        0x2 ./Drivers/STM32F0xx_HAL_Driver/Src/stm32f0xx_hal_pcd_ex.o
                0x0000000008004a40                HAL_PCDEx_LPM_Callback
 *fill*         0x0000000008004a42        0x2 
 .text.HAL_RCC_OscConfig
                0x0000000008004a44      0x4a4 ./Drivers/STM32F0xx_HAL_Driver/Src/stm32f0xx_hal_rcc.o
                0x0000000008004a44                HAL_RCC_OscConfig
 .text.HAL_RCC_GetSysClockFreq
                0x0000000008004ee8       0x6c ./Drivers/STM32F0xx_HAL_Driver/Src/stm32f0xx_hal_rcc.o
                0x0000000008004ee8                HAL_RCC_GetSysClockFreq
 .text.HAL_RCC_ClockConfig
                0x0000000008004f54      0x114 ./Drivers/STM32F0xx_HAL_Driver/Src/stm32f0xx_hal_rcc.o
                0x0000000008004f54                HAL_RCC_ClockConfig
 .text.HAL_RCC_GetPCLK1Freq
                0x0000000008005068       0x20 ./Drivers/STM32F0xx_HAL_Driver/Src/stm32f0xx_hal_rcc.o
                0x0000000008005068                HAL_RCC_GetPCLK1Freq
 .text.HAL_RCCEx_PeriphCLKConfig
                0x0000000008005088      0x144 ./Drivers/STM32F0xx_HAL_Driver/Src/stm32f0xx_hal_rcc_ex.o
                0x0000000008005088                HAL_RCCEx_PeriphCLKConfig
 .text.HAL_RTC_WaitForSynchro
                0x00000000080051cc       0x34 ./Drivers/STM32F0xx_HAL_Driver/Src/stm32f0xx_hal_rtc.o
                0x00000000080051cc                HAL_RTC_WaitForSynchro
 .text.RTC_EnterInitMode
                0x0000000008005200       0x46 ./Drivers/STM32F0xx_HAL_Driver/Src/stm32f0xx_hal_rtc.o
                0x0000000008005200                RTC_EnterInitMode
 .text.RTC_ExitInitMode
                0x0000000008005246       0x28 ./Drivers/STM32F0xx_HAL_Driver/Src/stm32f0xx_hal_rtc.o
                0x0000000008005246                RTC_ExitInitMode
 *fill*         0x000000000800526e        0x2 
 .text.HAL_RTC_Init
                0x0000000008005270       0x98 ./Drivers/STM32F0xx_HAL_Driver/Src/stm32f0xx_hal_rtc.o
                0x0000000008005270                HAL_RTC_Init
 .text.RTC_ByteToBcd2
                0x0000000008005308       0x16 ./Drivers/STM32F0xx_HAL_Driver/Src/stm32f0xx_hal_rtc.o
                0x0000000008005308                RTC_ByteToBcd2
 *fill*         0x000000000800531e        0x2 
 .text.HAL_RTC_SetTime
                0x0000000008005320       0xc4 ./Drivers/STM32F0xx_HAL_Driver/Src/stm32f0xx_hal_rtc.o
                0x0000000008005320                HAL_RTC_SetTime
 .text.HAL_RTC_SetDate
                0x00000000080053e4       0x98 ./Drivers/STM32F0xx_HAL_Driver/Src/stm32f0xx_hal_rtc.o
                0x00000000080053e4                HAL_RTC_SetDate
 .text.RTC_Bcd2ToByte
                0x000000000800547c       0x12 ./Drivers/STM32F0xx_HAL_Driver/Src/stm32f0xx_hal_rtc.o
                0x000000000800547c                RTC_Bcd2ToByte
 *fill*         0x000000000800548e        0x2 
 .text.HAL_RTC_GetTime
                0x0000000008005490       0x50 ./Drivers/STM32F0xx_HAL_Driver/Src/stm32f0xx_hal_rtc.o
                0x0000000008005490                HAL_RTC_GetTime
 .text.HAL_RTC_GetDate
                0x00000000080054e0       0x44 ./Drivers/STM32F0xx_HAL_Driver/Src/stm32f0xx_hal_rtc.o
                0x00000000080054e0                HAL_RTC_GetDate
 .text.SPI_WaitFifoStateUntilTimeout.constprop.0
                0x0000000008005524       0xd8 ./Drivers/STM32F0xx_HAL_Driver/Src/stm32f0xx_hal_spi.o
 .text.SPI_WaitFlagStateUntilTimeout.constprop.0
                0x00000000080055fc       0xb8 ./Drivers/STM32F0xx_HAL_Driver/Src/stm32f0xx_hal_spi.o
 .text.SPI_EndRxTransaction
                0x00000000080056b4       0x7a ./Drivers/STM32F0xx_HAL_Driver/Src/stm32f0xx_hal_spi.o
 .text.SPI_EndRxTxTransaction
                0x000000000800572e       0x46 ./Drivers/STM32F0xx_HAL_Driver/Src/stm32f0xx_hal_spi.o
 .text.HAL_SPI_Init
                0x0000000008005774       0xf0 ./Drivers/STM32F0xx_HAL_Driver/Src/stm32f0xx_hal_spi.o
                0x0000000008005774                HAL_SPI_Init
 .text.HAL_SPI_Transmit
                0x0000000008005864      0x196 ./Drivers/STM32F0xx_HAL_Driver/Src/stm32f0xx_hal_spi.o
                0x0000000008005864                HAL_SPI_Transmit
 *fill*         0x00000000080059fa        0x2 
 .text.HAL_SPI_TransmitReceive
                0x00000000080059fc      0x21c ./Drivers/STM32F0xx_HAL_Driver/Src/stm32f0xx_hal_spi.o
                0x00000000080059fc                HAL_SPI_TransmitReceive
 .text.HAL_SPI_Receive
                0x0000000008005c18      0x190 ./Drivers/STM32F0xx_HAL_Driver/Src/stm32f0xx_hal_spi.o
                0x0000000008005c18                HAL_SPI_Receive
 .text.HAL_UARTEx_RxEventCallback
                0x0000000008005da8        0x2 ./Drivers/STM32F0xx_HAL_Driver/Src/stm32f0xx_hal_uart.o
                0x0000000008005da8                HAL_UARTEx_RxEventCallback
 *fill*         0x0000000008005daa        0x2 
 .text.UART_EndRxTransfer
                0x0000000008005dac       0x5c ./Drivers/STM32F0xx_HAL_Driver/Src/stm32f0xx_hal_uart.o
 .text.UART_DMAAbortOnError
                0x0000000008005e08       0x1a ./Drivers/STM32F0xx_HAL_Driver/Src/stm32f0xx_hal_uart.o
 *fill*         0x0000000008005e22        0x2 
 .text.UART_RxISR_8BIT
                0x0000000008005e24       0xdc ./Drivers/STM32F0xx_HAL_Driver/Src/stm32f0xx_hal_uart.o
 .text.UART_RxISR_16BIT
                0x0000000008005f00       0xd8 ./Drivers/STM32F0xx_HAL_Driver/Src/stm32f0xx_hal_uart.o
 .text.HAL_UART_AbortReceiveCpltCallback
                0x0000000008005fd8        0x2 ./Drivers/STM32F0xx_HAL_Driver/Src/stm32f0xx_hal_uart.o
                0x0000000008005fd8                HAL_UART_AbortReceiveCpltCallback
 .text.HAL_UART_TxCpltCallback
                0x0000000008005fda        0x2 ./Drivers/STM32F0xx_HAL_Driver/Src/stm32f0xx_hal_uart.o
                0x0000000008005fda                HAL_UART_TxCpltCallback
 .text.HAL_UART_TxHalfCpltCallback
                0x0000000008005fdc        0x2 ./Drivers/STM32F0xx_HAL_Driver/Src/stm32f0xx_hal_uart.o
                0x0000000008005fdc                HAL_UART_TxHalfCpltCallback
 .text.HAL_UART_RxCpltCallback
                0x0000000008005fde        0x2 ./Drivers/STM32F0xx_HAL_Driver/Src/stm32f0xx_hal_uart.o
                0x0000000008005fde                HAL_UART_RxCpltCallback
 .text.HAL_UART_RxHalfCpltCallback
                0x0000000008005fe0        0x2 ./Drivers/STM32F0xx_HAL_Driver/Src/stm32f0xx_hal_uart.o
                0x0000000008005fe0                HAL_UART_RxHalfCpltCallback
 .text.HAL_UART_ErrorCallback
                0x0000000008005fe2        0x2 ./Drivers/STM32F0xx_HAL_Driver/Src/stm32f0xx_hal_uart.o
                0x0000000008005fe2                HAL_UART_ErrorCallback
 .text.HAL_UART_AbortCpltCallback
                0x0000000008005fe4        0x2 ./Drivers/STM32F0xx_HAL_Driver/Src/stm32f0xx_hal_uart.o
                0x0000000008005fe4                HAL_UART_AbortCpltCallback
 .text.HAL_UART_AbortTransmitCpltCallback
                0x0000000008005fe6        0x2 ./Drivers/STM32F0xx_HAL_Driver/Src/stm32f0xx_hal_uart.o
                0x0000000008005fe6                HAL_UART_AbortTransmitCpltCallback
 .text.HAL_UART_RegisterCallback
                0x0000000008005fe8       0x74 ./Drivers/STM32F0xx_HAL_Driver/Src/stm32f0xx_hal_uart.o
                0x0000000008005fe8                HAL_UART_RegisterCallback
 .text.HAL_UART_RegisterRxEventCallback
                0x000000000800605c       0x44 ./Drivers/STM32F0xx_HAL_Driver/Src/stm32f0xx_hal_uart.o
                0x000000000800605c                HAL_UART_RegisterRxEventCallback
 .text.HAL_UART_IRQHandler
                0x00000000080060a0      0x2c4 ./Drivers/STM32F0xx_HAL_Driver/Src/stm32f0xx_hal_uart.o
                0x00000000080060a0                HAL_UART_IRQHandler
 .text.UART_InitCallbacksToDefault
                0x0000000008006364       0x58 ./Drivers/STM32F0xx_HAL_Driver/Src/stm32f0xx_hal_uart.o
                0x0000000008006364                UART_InitCallbacksToDefault
 .text.UART_SetConfig
                0x00000000080063bc      0x184 ./Drivers/STM32F0xx_HAL_Driver/Src/stm32f0xx_hal_uart.o
                0x00000000080063bc                UART_SetConfig
 .text.UART_AdvFeatureConfig
                0x0000000008006540       0xd0 ./Drivers/STM32F0xx_HAL_Driver/Src/stm32f0xx_hal_uart.o
                0x0000000008006540                UART_AdvFeatureConfig
 .text.UART_WaitOnFlagUntilTimeout
                0x0000000008006610       0x8a ./Drivers/STM32F0xx_HAL_Driver/Src/stm32f0xx_hal_uart.o
                0x0000000008006610                UART_WaitOnFlagUntilTimeout
 .text.HAL_UART_Transmit
                0x000000000800669a       0xce ./Drivers/STM32F0xx_HAL_Driver/Src/stm32f0xx_hal_uart.o
                0x000000000800669a                HAL_UART_Transmit
 .text.UART_CheckIdleState
                0x0000000008006768       0xc4 ./Drivers/STM32F0xx_HAL_Driver/Src/stm32f0xx_hal_uart.o
                0x0000000008006768                UART_CheckIdleState
 .text.HAL_UART_Init
                0x000000000800682c       0x7c ./Drivers/STM32F0xx_HAL_Driver/Src/stm32f0xx_hal_uart.o
                0x000000000800682c                HAL_UART_Init
 .text.UART_Start_Receive_IT
                0x00000000080068a8       0xc8 ./Drivers/STM32F0xx_HAL_Driver/Src/stm32f0xx_hal_uart.o
                0x00000000080068a8                UART_Start_Receive_IT
 .text.HAL_UARTEx_WakeupCallback
                0x0000000008006970        0x2 ./Drivers/STM32F0xx_HAL_Driver/Src/stm32f0xx_hal_uart_ex.o
                0x0000000008006970                HAL_UARTEx_WakeupCallback
 .text.HAL_UARTEx_ReceiveToIdle_IT
                0x0000000008006972       0x62 ./Drivers/STM32F0xx_HAL_Driver/Src/stm32f0xx_hal_uart_ex.o
                0x0000000008006972                HAL_UARTEx_ReceiveToIdle_IT
 .text.USB_EnableGlobalInt
                0x00000000080069d4       0x14 ./Drivers/STM32F0xx_HAL_Driver/Src/stm32f0xx_ll_usb.o
                0x00000000080069d4                USB_EnableGlobalInt
 .text.USB_DisableGlobalInt
                0x00000000080069e8       0x14 ./Drivers/STM32F0xx_HAL_Driver/Src/stm32f0xx_ll_usb.o
                0x00000000080069e8                USB_DisableGlobalInt
 .text.USB_DevInit
                0x00000000080069fc       0x26 ./Drivers/STM32F0xx_HAL_Driver/Src/stm32f0xx_ll_usb.o
                0x00000000080069fc                USB_DevInit
 *fill*         0x0000000008006a22        0x2 
 .text.USB_ActivateEndpoint
                0x0000000008006a24      0x228 ./Drivers/STM32F0xx_HAL_Driver/Src/stm32f0xx_ll_usb.o
                0x0000000008006a24                USB_ActivateEndpoint
 .text.USB_DeactivateEndpoint
                0x0000000008006c4c       0xf8 ./Drivers/STM32F0xx_HAL_Driver/Src/stm32f0xx_ll_usb.o
                0x0000000008006c4c                USB_DeactivateEndpoint
 .text.USB_EPSetStall
                0x0000000008006d44       0x3c ./Drivers/STM32F0xx_HAL_Driver/Src/stm32f0xx_ll_usb.o
                0x0000000008006d44                USB_EPSetStall
 .text.USB_EPClearStall
                0x0000000008006d80       0x74 ./Drivers/STM32F0xx_HAL_Driver/Src/stm32f0xx_ll_usb.o
                0x0000000008006d80                USB_EPClearStall
 .text.USB_SetDevAddress
                0x0000000008006df4        0xe ./Drivers/STM32F0xx_HAL_Driver/Src/stm32f0xx_ll_usb.o
                0x0000000008006df4                USB_SetDevAddress
 .text.USB_DevConnect
                0x0000000008006e02       0x10 ./Drivers/STM32F0xx_HAL_Driver/Src/stm32f0xx_ll_usb.o
                0x0000000008006e02                USB_DevConnect
 .text.USB_ReadInterrupts
                0x0000000008006e12        0x8 ./Drivers/STM32F0xx_HAL_Driver/Src/stm32f0xx_ll_usb.o
                0x0000000008006e12                USB_ReadInterrupts
 .text.USB_WritePMA
                0x0000000008006e1a       0x2a ./Drivers/STM32F0xx_HAL_Driver/Src/stm32f0xx_ll_usb.o
                0x0000000008006e1a                USB_WritePMA
 .text.USB_EPStartXfer
                0x0000000008006e44      0x490 ./Drivers/STM32F0xx_HAL_Driver/Src/stm32f0xx_ll_usb.o
                0x0000000008006e44                USB_EPStartXfer
 .text.USB_ReadPMA
                0x00000000080072d4       0x38 ./Drivers/STM32F0xx_HAL_Driver/Src/stm32f0xx_ll_usb.o
                0x00000000080072d4                USB_ReadPMA
 .text.USBD_CDC_EP0_RxReady
                0x000000000800730c       0x34 ./Middlewares/ST/STM32_USB_Device_Library/Class/CDC/Src/usbd_cdc.o
 .text.USBD_CDC_GetFSCfgDesc
                0x0000000008007340        0xc ./Middlewares/ST/STM32_USB_Device_Library/Class/CDC/Src/usbd_cdc.o
 .text.USBD_CDC_GetHSCfgDesc
                0x000000000800734c        0xc ./Middlewares/ST/STM32_USB_Device_Library/Class/CDC/Src/usbd_cdc.o
 .text.USBD_CDC_GetOtherSpeedCfgDesc
                0x0000000008007358        0xc ./Middlewares/ST/STM32_USB_Device_Library/Class/CDC/Src/usbd_cdc.o
 .text.USBD_CDC_GetDeviceQualifierDescriptor
                0x0000000008007364        0xc ./Middlewares/ST/STM32_USB_Device_Library/Class/CDC/Src/usbd_cdc.o
                0x0000000008007364                USBD_CDC_GetDeviceQualifierDescriptor
 .text.USBD_CDC_DataOut
                0x0000000008007370       0x34 ./Middlewares/ST/STM32_USB_Device_Library/Class/CDC/Src/usbd_cdc.o
 .text.USBD_CDC_DataIn
                0x00000000080073a4       0x54 ./Middlewares/ST/STM32_USB_Device_Library/Class/CDC/Src/usbd_cdc.o
 .text.USBD_CDC_Setup
                0x00000000080073f8       0xc8 ./Middlewares/ST/STM32_USB_Device_Library/Class/CDC/Src/usbd_cdc.o
 .text.USBD_CDC_DeInit
                0x00000000080074c0       0x46 ./Middlewares/ST/STM32_USB_Device_Library/Class/CDC/Src/usbd_cdc.o
 .text.USBD_CDC_Init
                0x0000000008007506       0xa4 ./Middlewares/ST/STM32_USB_Device_Library/Class/CDC/Src/usbd_cdc.o
 .text.USBD_CDC_RegisterInterface
                0x00000000080075aa       0x12 ./Middlewares/ST/STM32_USB_Device_Library/Class/CDC/Src/usbd_cdc.o
                0x00000000080075aa                USBD_CDC_RegisterInterface
 .text.USBD_CDC_SetTxBuffer
                0x00000000080075bc       0x16 ./Middlewares/ST/STM32_USB_Device_Library/Class/CDC/Src/usbd_cdc.o
                0x00000000080075bc                USBD_CDC_SetTxBuffer
 .text.USBD_CDC_SetRxBuffer
                0x00000000080075d2        0xe ./Middlewares/ST/STM32_USB_Device_Library/Class/CDC/Src/usbd_cdc.o
                0x00000000080075d2                USBD_CDC_SetRxBuffer
 .text.USBD_CDC_TransmitPacket
                0x00000000080075e0       0x38 ./Middlewares/ST/STM32_USB_Device_Library/Class/CDC/Src/usbd_cdc.o
                0x00000000080075e0                USBD_CDC_TransmitPacket
 .text.USBD_CDC_ReceivePacket
                0x0000000008007618       0x34 ./Middlewares/ST/STM32_USB_Device_Library/Class/CDC/Src/usbd_cdc.o
                0x0000000008007618                USBD_CDC_ReceivePacket
 .text.USBD_Init
                0x000000000800764c       0x34 ./Middlewares/ST/STM32_USB_Device_Library/Core/Src/usbd_core.o
                0x000000000800764c                USBD_Init
 .text.USBD_RegisterClass
                0x0000000008007680       0x12 ./Middlewares/ST/STM32_USB_Device_Library/Core/Src/usbd_core.o
                0x0000000008007680                USBD_RegisterClass
 .text.USBD_Start
                0x0000000008007692        0xa ./Middlewares/ST/STM32_USB_Device_Library/Core/Src/usbd_core.o
                0x0000000008007692                USBD_Start
 .text.USBD_SetClassConfig
                0x000000000800769c       0x1a ./Middlewares/ST/STM32_USB_Device_Library/Core/Src/usbd_core.o
                0x000000000800769c                USBD_SetClassConfig
 .text.USBD_ClrClassConfig
                0x00000000080076b6       0x10 ./Middlewares/ST/STM32_USB_Device_Library/Core/Src/usbd_core.o
                0x00000000080076b6                USBD_ClrClassConfig
 *fill*         0x00000000080076c6        0x2 
 .text.USBD_LL_SetupStage
                0x00000000080076c8       0x64 ./Middlewares/ST/STM32_USB_Device_Library/Core/Src/usbd_core.o
                0x00000000080076c8                USBD_LL_SetupStage
 .text.USBD_LL_DataOutStage
                0x000000000800772c       0x8c ./Middlewares/ST/STM32_USB_Device_Library/Core/Src/usbd_core.o
                0x000000000800772c                USBD_LL_DataOutStage
 .text.USBD_LL_DataInStage
                0x00000000080077b8       0xca ./Middlewares/ST/STM32_USB_Device_Library/Core/Src/usbd_core.o
                0x00000000080077b8                USBD_LL_DataInStage
 .text.USBD_LL_Reset
                0x0000000008007882       0x54 ./Middlewares/ST/STM32_USB_Device_Library/Core/Src/usbd_core.o
                0x0000000008007882                USBD_LL_Reset
 .text.USBD_LL_SetSpeed
                0x00000000080078d6        0x6 ./Middlewares/ST/STM32_USB_Device_Library/Core/Src/usbd_core.o
                0x00000000080078d6                USBD_LL_SetSpeed
 .text.USBD_LL_Suspend
                0x00000000080078dc       0x18 ./Middlewares/ST/STM32_USB_Device_Library/Core/Src/usbd_core.o
                0x00000000080078dc                USBD_LL_Suspend
 .text.USBD_LL_Resume
                0x00000000080078f4       0x18 ./Middlewares/ST/STM32_USB_Device_Library/Core/Src/usbd_core.o
                0x00000000080078f4                USBD_LL_Resume
 .text.USBD_LL_SOF
                0x000000000800790c       0x1e ./Middlewares/ST/STM32_USB_Device_Library/Core/Src/usbd_core.o
                0x000000000800790c                USBD_LL_SOF
 .text.USBD_CtlError.constprop.0
                0x000000000800792a       0x14 ./Middlewares/ST/STM32_USB_Device_Library/Core/Src/usbd_ctlreq.o
 *fill*         0x000000000800793e        0x2 
 .text.USBD_StdDevReq
                0x0000000008007940      0x26c ./Middlewares/ST/STM32_USB_Device_Library/Core/Src/usbd_ctlreq.o
                0x0000000008007940                USBD_StdDevReq
 .text.USBD_StdItfReq
                0x0000000008007bac       0x50 ./Middlewares/ST/STM32_USB_Device_Library/Core/Src/usbd_ctlreq.o
                0x0000000008007bac                USBD_StdItfReq
 .text.USBD_StdEPReq
                0x0000000008007bfc      0x12c ./Middlewares/ST/STM32_USB_Device_Library/Core/Src/usbd_ctlreq.o
                0x0000000008007bfc                USBD_StdEPReq
 .text.USBD_ParseSetupRequest
                0x0000000008007d28       0x28 ./Middlewares/ST/STM32_USB_Device_Library/Core/Src/usbd_ctlreq.o
                0x0000000008007d28                USBD_ParseSetupRequest
 .text.USBD_CtlError
                0x0000000008007d50       0x14 ./Middlewares/ST/STM32_USB_Device_Library/Core/Src/usbd_ctlreq.o
                0x0000000008007d50                USBD_CtlError
 .text.USBD_GetString
                0x0000000008007d64       0x3c ./Middlewares/ST/STM32_USB_Device_Library/Core/Src/usbd_ctlreq.o
                0x0000000008007d64                USBD_GetString
 .text.USBD_CtlSendData
                0x0000000008007da0       0x1c ./Middlewares/ST/STM32_USB_Device_Library/Core/Src/usbd_ioreq.o
                0x0000000008007da0                USBD_CtlSendData
 .text.USBD_CtlContinueSendData
                0x0000000008007dbc       0x10 ./Middlewares/ST/STM32_USB_Device_Library/Core/Src/usbd_ioreq.o
                0x0000000008007dbc                USBD_CtlContinueSendData
 .text.USBD_CtlPrepareRx
                0x0000000008007dcc       0x20 ./Middlewares/ST/STM32_USB_Device_Library/Core/Src/usbd_ioreq.o
                0x0000000008007dcc                USBD_CtlPrepareRx
 .text.USBD_CtlContinueRx
                0x0000000008007dec       0x10 ./Middlewares/ST/STM32_USB_Device_Library/Core/Src/usbd_ioreq.o
                0x0000000008007dec                USBD_CtlContinueRx
 .text.USBD_CtlSendStatus
                0x0000000008007dfc       0x18 ./Middlewares/ST/STM32_USB_Device_Library/Core/Src/usbd_ioreq.o
                0x0000000008007dfc                USBD_CtlSendStatus
 .text.USBD_CtlReceiveStatus
                0x0000000008007e14       0x18 ./Middlewares/ST/STM32_USB_Device_Library/Core/Src/usbd_ioreq.o
                0x0000000008007e14                USBD_CtlReceiveStatus
 .text.lfs_pair_isnull
                0x0000000008007e2c       0x14 ./Middlewares/littlefs/lfs.o
 .text.lfs_pair_cmp
                0x0000000008007e40       0x22 ./Middlewares/littlefs/lfs.o
 .text.lfs_pair_issync
                0x0000000008007e62       0x26 ./Middlewares/littlefs/lfs.o
 .text.lfs_tag_dsize
                0x0000000008007e88       0x16 ./Middlewares/littlefs/lfs.o
 .text.lfs_gstate_xor
                0x0000000008007e9e       0x14 ./Middlewares/littlefs/lfs.o
 .text.lfs_gstate_iszero
                0x0000000008007eb2       0x1c ./Middlewares/littlefs/lfs.o
 .text.lfs_gstate_hasmovehere
                0x0000000008007ece       0x1e ./Middlewares/littlefs/lfs.o
 .text.lfs_mlist_isopen
                0x0000000008007eec       0x12 ./Middlewares/littlefs/lfs.o
 .text.lfs_alloc_lookahead
                0x0000000008007efe       0x32 ./Middlewares/littlefs/lfs.o
 .text.lfs_dir_traverse_filter
                0x0000000008007f30       0x74 ./Middlewares/littlefs/lfs.o
 .text.lfs_dir_commit_size
                0x0000000008007fa4       0x14 ./Middlewares/littlefs/lfs.o
 .text.lfs_fs_size_count
                0x0000000008007fb8        0xa ./Middlewares/littlefs/lfs.o
 *fill*         0x0000000008007fc2        0x2 
 .text.lfs_fs_preporphans
                0x0000000008007fc4       0x60 ./Middlewares/littlefs/lfs.o
 .text.lfs_bd_read
                0x0000000008008024      0x1c4 ./Middlewares/littlefs/lfs.o
 .text.lfs_dir_getslice
                0x00000000080081e8      0x134 ./Middlewares/littlefs/lfs.o
 .text.lfs_dir_get
                0x000000000800831c       0x18 ./Middlewares/littlefs/lfs.o
 .text.lfs_dir_getgstate
                0x0000000008008334       0x34 ./Middlewares/littlefs/lfs.o
 .text.lfs_fs_parent_match
                0x0000000008008368       0x3a ./Middlewares/littlefs/lfs.o
 .text.lfs_deinit
                0x00000000080083a2       0x32 ./Middlewares/littlefs/lfs.o
 .text.lfs_dir_getinfo
                0x00000000080083d4       0x8c ./Middlewares/littlefs/lfs.o
 .text.lfs_bd_erase
                0x0000000008008460       0x3c ./Middlewares/littlefs/lfs.o
 .text.lfs_dir_traverse.constprop.0
                0x000000000800849c      0x2bc ./Middlewares/littlefs/lfs.o
 .text.lfs_dir_getread.constprop.0
                0x0000000008008758       0xc8 ./Middlewares/littlefs/lfs.o
 .text.lfs_bd_crc.constprop.0
                0x0000000008008820       0x5a ./Middlewares/littlefs/lfs.o
 *fill*         0x000000000800887a        0x2 
 .text.lfs_dir_fetchmatch
                0x000000000800887c      0x454 ./Middlewares/littlefs/lfs.o
 .text.lfs_fs_parent
                0x0000000008008cd0       0xb8 ./Middlewares/littlefs/lfs.o
 .text.lfs_dir_fetch
                0x0000000008008d88       0x18 ./Middlewares/littlefs/lfs.o
 .text.lfs_fs_pred
                0x0000000008008da0       0x90 ./Middlewares/littlefs/lfs.o
 .text.lfs_dir_find
                0x0000000008008e30      0x160 ./Middlewares/littlefs/lfs.o
 .text.lfs_bd_cmp.constprop.0
                0x0000000008008f90       0x62 ./Middlewares/littlefs/lfs.o
 .text.lfs_dir_find_match
                0x0000000008008ff2       0x3c ./Middlewares/littlefs/lfs.o
 .text.lfs_ctz_index.isra.0
                0x000000000800902e       0x3e ./Middlewares/littlefs/lfs.o
 .text.lfs_ctz_find.constprop.0
                0x000000000800906c       0x8c ./Middlewares/littlefs/lfs.o
 .text.lfs_file_flushedread
                0x00000000080090f8       0xf0 ./Middlewares/littlefs/lfs.o
 .text.lfs_ctz_traverse
                0x00000000080091e8       0x82 ./Middlewares/littlefs/lfs.o
 *fill*         0x000000000800926a        0x2 
 .text.lfs_fs_rawtraverse
                0x000000000800926c      0x198 ./Middlewares/littlefs/lfs.o
 .text.lfs_fs_rawgc
                0x0000000008009404       0x4c ./Middlewares/littlefs/lfs.o
 .text.lfs_alloc
                0x0000000008009450       0xb4 ./Middlewares/littlefs/lfs.o
 .text.lfs_dir_alloc
                0x0000000008009504       0x7a ./Middlewares/littlefs/lfs.o
 *fill*         0x000000000800957e        0x2 
 .text.lfs_fs_rawsize
                0x0000000008009580       0x1c ./Middlewares/littlefs/lfs.o
 .text.lfs_cache_zero.isra.0
                0x000000000800959c       0x16 ./Middlewares/littlefs/lfs.o
 *fill*         0x00000000080095b2        0x2 
 .text.lfs_init
                0x00000000080095b4      0x21c ./Middlewares/littlefs/lfs.o
 .text.lfs_bd_flush
                0x00000000080097d0       0xb4 ./Middlewares/littlefs/lfs.o
 .text.lfs_bd_prog
                0x0000000008009884       0xe4 ./Middlewares/littlefs/lfs.o
 .text.lfs_file_relocate
                0x0000000008009968       0xf4 ./Middlewares/littlefs/lfs.o
 .text.lfs_file_flushedwrite
                0x0000000008009a5c      0x28c ./Middlewares/littlefs/lfs.o
 .text.lfs_dir_commitprog
                0x0000000008009ce8       0x3e ./Middlewares/littlefs/lfs.o
 .text.lfs_dir_commitattr
                0x0000000008009d26       0xb8 ./Middlewares/littlefs/lfs.o
 .text.lfs_dir_commit_commit
                0x0000000008009dde        0xe ./Middlewares/littlefs/lfs.o
 .text.lfs_file_flush
                0x0000000008009dec       0xe8 ./Middlewares/littlefs/lfs.o
 .text.lfs_file_rawwrite
                0x0000000008009ed4       0xa8 ./Middlewares/littlefs/lfs.o
 .text.lfs_dir_commitcrc
                0x0000000008009f7c      0x204 ./Middlewares/littlefs/lfs.o
 .text.lfs_dir_compact
                0x000000000800a180      0x244 ./Middlewares/littlefs/lfs.o
 .text.lfs_dir_split
                0x000000000800a3c4       0x80 ./Middlewares/littlefs/lfs.o
 .text.lfs_dir_relocatingcommit
                0x000000000800a444      0x460 ./Middlewares/littlefs/lfs.o
 .text.lfs_dir_orphaningcommit
                0x000000000800a8a4      0x304 ./Middlewares/littlefs/lfs.o
 .text.lfs_fs_deorphan
                0x000000000800aba8      0x174 ./Middlewares/littlefs/lfs.o
 .text.lfs_dir_commit
                0x000000000800ad1c       0x18 ./Middlewares/littlefs/lfs.o
 .text.lfs_fs_forceconsistency
                0x000000000800ad34       0xe8 ./Middlewares/littlefs/lfs.o
 .text.lfs_dir_drop
                0x000000000800ae1c       0x3c ./Middlewares/littlefs/lfs.o
 .text.lfs_file_rawsync
                0x000000000800ae58       0xa8 ./Middlewares/littlefs/lfs.o
 .text.lfs_file_rawclose
                0x000000000800af00       0x36 ./Middlewares/littlefs/lfs.o
 *fill*         0x000000000800af36        0x2 
 .text.lfs_file_rawopencfg
                0x000000000800af38      0x220 ./Middlewares/littlefs/lfs.o
 .text.lfs_file_rawseek
                0x000000000800b158       0x8c ./Middlewares/littlefs/lfs.o
 .text.lfs_format
                0x000000000800b1e4       0xe8 ./Middlewares/littlefs/lfs.o
                0x000000000800b1e4                lfs_format
 .text.lfs_unmount
                0x000000000800b2cc        0x8 ./Middlewares/littlefs/lfs.o
                0x000000000800b2cc                lfs_unmount
 .text.lfs_mount
                0x000000000800b2d4      0x22c ./Middlewares/littlefs/lfs.o
                0x000000000800b2d4                lfs_mount
 .text.lfs_remove
                0x000000000800b500       0xe4 ./Middlewares/littlefs/lfs.o
                0x000000000800b500                lfs_remove
 .text.lfs_file_open
                0x000000000800b5e4       0x48 ./Middlewares/littlefs/lfs.o
                0x000000000800b5e4                lfs_file_open
 .text.lfs_file_close
                0x000000000800b62c       0x38 ./Middlewares/littlefs/lfs.o
                0x000000000800b62c                lfs_file_close
 .text.lfs_file_read
                0x000000000800b664       0x6c ./Middlewares/littlefs/lfs.o
                0x000000000800b664                lfs_file_read
 .text.lfs_file_write
                0x000000000800b6d0       0x40 ./Middlewares/littlefs/lfs.o
                0x000000000800b6d0                lfs_file_write
 .text.lfs_file_rewind
                0x000000000800b710       0x12 ./Middlewares/littlefs/lfs.o
                0x000000000800b710                lfs_file_rewind
 *fill*         0x000000000800b722        0x2 
 .text.lfs_dir_open
                0x000000000800b724       0xb0 ./Middlewares/littlefs/lfs.o
                0x000000000800b724                lfs_dir_open
 .text.lfs_dir_close
                0x000000000800b7d4       0x1c ./Middlewares/littlefs/lfs.o
                0x000000000800b7d4                lfs_dir_close
 .text.lfs_dir_read
                0x000000000800b7f0       0x90 ./Middlewares/littlefs/lfs.o
                0x000000000800b7f0                lfs_dir_read
 .text.lfs_fs_size
                0x000000000800b880        0x8 ./Middlewares/littlefs/lfs.o
                0x000000000800b880                lfs_fs_size
 .text.lfs_crc  0x000000000800b888       0x34 ./Middlewares/littlefs/lfs_util.o
                0x000000000800b888                lfs_crc
 .text.MX_USB_DEVICE_Init
                0x000000000800b8bc       0x58 ./USB_DEVICE/App/usb_device.o
                0x000000000800b8bc                MX_USB_DEVICE_Init
 .text.CDC_DeInit_FS
                0x000000000800b914        0x4 ./USB_DEVICE/App/usbd_cdc_if.o
 .text.CDC_Control_FS
                0x000000000800b918       0x14 ./USB_DEVICE/App/usbd_cdc_if.o
 .text.CDC_Receive_FS
                0x000000000800b92c       0x54 ./USB_DEVICE/App/usbd_cdc_if.o
 .text.CDC_Init_FS
                0x000000000800b980       0x28 ./USB_DEVICE/App/usbd_cdc_if.o
 .text.usb_char_waiting
                0x000000000800b9a8       0x1c ./USB_DEVICE/App/usbd_cdc_if.o
                0x000000000800b9a8                usb_char_waiting
 .text.usb_read_char
                0x000000000800b9c4       0x24 ./USB_DEVICE/App/usbd_cdc_if.o
                0x000000000800b9c4                usb_read_char
 .text.usb_is_configured
                0x000000000800b9e8        0xc ./USB_DEVICE/App/usbd_cdc_if.o
                0x000000000800b9e8                usb_is_configured
 .text.CDC_Transmit_FS
                0x000000000800b9f4       0x2c ./USB_DEVICE/App/usbd_cdc_if.o
                0x000000000800b9f4                CDC_Transmit_FS
 .text.usb_write_chars
                0x000000000800ba20       0x14 ./USB_DEVICE/App/usbd_cdc_if.o
                0x000000000800ba20                usb_write_chars
 .text.USBD_FS_DeviceDescriptor
                0x000000000800ba34        0xc ./USB_DEVICE/App/usbd_desc.o
                0x000000000800ba34                USBD_FS_DeviceDescriptor
 .text.USBD_FS_LangIDStrDescriptor
                0x000000000800ba40        0xc ./USB_DEVICE/App/usbd_desc.o
                0x000000000800ba40                USBD_FS_LangIDStrDescriptor
 .text.IntToUnicode
                0x000000000800ba4c       0x24 ./USB_DEVICE/App/usbd_desc.o
 .text.USBD_FS_SerialStrDescriptor
                0x000000000800ba70       0x44 ./USB_DEVICE/App/usbd_desc.o
                0x000000000800ba70                USBD_FS_SerialStrDescriptor
 .text.USBD_FS_ManufacturerStrDescriptor
                0x000000000800bab4       0x1c ./USB_DEVICE/App/usbd_desc.o
                0x000000000800bab4                USBD_FS_ManufacturerStrDescriptor
 .text.USBD_FS_ProductStrDescriptor
                0x000000000800bad0       0x1c ./USB_DEVICE/App/usbd_desc.o
                0x000000000800bad0                USBD_FS_ProductStrDescriptor
 .text.USBD_FS_ConfigStrDescriptor
                0x000000000800baec       0x1c ./USB_DEVICE/App/usbd_desc.o
                0x000000000800baec                USBD_FS_ConfigStrDescriptor
 .text.USBD_FS_InterfaceStrDescriptor
                0x000000000800bb08       0x1c ./USB_DEVICE/App/usbd_desc.o
                0x000000000800bb08                USBD_FS_InterfaceStrDescriptor
 .text.USBD_Get_USB_Status
                0x000000000800bb24       0x14 ./USB_DEVICE/Target/usbd_conf.o
 .text.HAL_PCD_MspInit
                0x000000000800bb38       0x38 ./USB_DEVICE/Target/usbd_conf.o
                0x000000000800bb38                HAL_PCD_MspInit
 .text.HAL_PCD_SetupStageCallback
                0x000000000800bb70       0x12 ./USB_DEVICE/Target/usbd_conf.o
                0x000000000800bb70                HAL_PCD_SetupStageCallback
 .text.HAL_PCD_DataOutStageCallback
                0x000000000800bb82       0x1a ./USB_DEVICE/Target/usbd_conf.o
                0x000000000800bb82                HAL_PCD_DataOutStageCallback
 .text.HAL_PCD_DataInStageCallback
                0x000000000800bb9c       0x16 ./USB_DEVICE/Target/usbd_conf.o
                0x000000000800bb9c                HAL_PCD_DataInStageCallback
 .text.HAL_PCD_SOFCallback
                0x000000000800bbb2        0xe ./USB_DEVICE/Target/usbd_conf.o
                0x000000000800bbb2                HAL_PCD_SOFCallback
 .text.HAL_PCD_ResetCallback
                0x000000000800bbc0       0x22 ./USB_DEVICE/Target/usbd_conf.o
                0x000000000800bbc0                HAL_PCD_ResetCallback
 *fill*         0x000000000800bbe2        0x2 
 .text.HAL_PCD_SuspendCallback
                0x000000000800bbe4       0x24 ./USB_DEVICE/Target/usbd_conf.o
                0x000000000800bbe4                HAL_PCD_SuspendCallback
 .text.HAL_PCD_ResumeCallback
                0x000000000800bc08       0x28 ./USB_DEVICE/Target/usbd_conf.o
                0x000000000800bc08                HAL_PCD_ResumeCallback
 .text.USBD_LL_Init
                0x000000000800bc30       0x80 ./USB_DEVICE/Target/usbd_conf.o
                0x000000000800bc30                USBD_LL_Init
 .text.USBD_LL_Start
                0x000000000800bcb0       0x12 ./USB_DEVICE/Target/usbd_conf.o
                0x000000000800bcb0                USBD_LL_Start
 .text.USBD_LL_OpenEP
                0x000000000800bcc2       0x18 ./USB_DEVICE/Target/usbd_conf.o
                0x000000000800bcc2                USBD_LL_OpenEP
 .text.USBD_LL_CloseEP
                0x000000000800bcda       0x12 ./USB_DEVICE/Target/usbd_conf.o
                0x000000000800bcda                USBD_LL_CloseEP
 .text.USBD_LL_StallEP
                0x000000000800bcec       0x12 ./USB_DEVICE/Target/usbd_conf.o
                0x000000000800bcec                USBD_LL_StallEP
 .text.USBD_LL_ClearStallEP
                0x000000000800bcfe       0x12 ./USB_DEVICE/Target/usbd_conf.o
                0x000000000800bcfe                USBD_LL_ClearStallEP
 .text.USBD_LL_IsStallEP
                0x000000000800bd10       0x2a ./USB_DEVICE/Target/usbd_conf.o
                0x000000000800bd10                USBD_LL_IsStallEP
 .text.USBD_LL_SetUSBAddress
                0x000000000800bd3a       0x12 ./USB_DEVICE/Target/usbd_conf.o
                0x000000000800bd3a                USBD_LL_SetUSBAddress
 .text.USBD_LL_Transmit
                0x000000000800bd4c       0x12 ./USB_DEVICE/Target/usbd_conf.o
                0x000000000800bd4c                USBD_LL_Transmit
 .text.USBD_LL_PrepareReceive
                0x000000000800bd5e       0x12 ./USB_DEVICE/Target/usbd_conf.o
                0x000000000800bd5e                USBD_LL_PrepareReceive
 .text.USBD_LL_GetRxDataSize
                0x000000000800bd70        0xe ./USB_DEVICE/Target/usbd_conf.o
                0x000000000800bd70                USBD_LL_GetRxDataSize
 *fill*         0x000000000800bd7e        0x2 
 .text.USBD_static_malloc
                0x000000000800bd80        0x8 ./USB_DEVICE/Target/usbd_conf.o
                0x000000000800bd80                USBD_static_malloc
 .text.USBD_static_free
                0x000000000800bd88        0x2 ./USB_DEVICE/Target/usbd_conf.o
                0x000000000800bd88                USBD_static_free
 *fill*         0x000000000800bd8a        0x2 
 .text.__assert_func
                0x000000000800bd8c       0x3c /opt/st/stm32cubeide_1.12.0/plugins/com.st.stm32cube.ide.mcu.externaltools.gnu-tools-for-stm32.10.3-2021.10.linux64_1.0.200.202301161003/tools/bin/../lib/gcc/arm-none-eabi/10.3.1/../../../../arm-none-eabi/lib/thumb/v6-m/nofp/libc_nano.a(lib_a-assert.o)
                0x000000000800bd8c                __assert_func
 .text.atof     0x000000000800bdc8        0xa /opt/st/stm32cubeide_1.12.0/plugins/com.st.stm32cube.ide.mcu.externaltools.gnu-tools-for-stm32.10.3-2021.10.linux64_1.0.200.202301161003/tools/bin/../lib/gcc/arm-none-eabi/10.3.1/../../../../arm-none-eabi/lib/thumb/v6-m/nofp/libc_nano.a(lib_a-atof.o)
                0x000000000800bdc8                atof
 .text.atoi     0x000000000800bdd2        0xc /opt/st/stm32cubeide_1.12.0/plugins/com.st.stm32cube.ide.mcu.externaltools.gnu-tools-for-stm32.10.3-2021.10.linux64_1.0.200.202301161003/tools/bin/../lib/gcc/arm-none-eabi/10.3.1/../../../../arm-none-eabi/lib/thumb/v6-m/nofp/libc_nano.a(lib_a-atoi.o)
                0x000000000800bdd2                atoi
 *fill*         0x000000000800bdde        0x2 
 .text.__errno  0x000000000800bde0        0xc /opt/st/stm32cubeide_1.12.0/plugins/com.st.stm32cube.ide.mcu.externaltools.gnu-tools-for-stm32.10.3-2021.10.linux64_1.0.200.202301161003/tools/bin/../lib/gcc/arm-none-eabi/10.3.1/../../../../arm-none-eabi/lib/thumb/v6-m/nofp/libc_nano.a(lib_a-errno.o)
                0x000000000800bde0                __errno
 .text.fprintf  0x000000000800bdec       0x20 /opt/st/stm32cubeide_1.12.0/plugins/com.st.stm32cube.ide.mcu.externaltools.gnu-tools-for-stm32.10.3-2021.10.linux64_1.0.200.202301161003/tools/bin/../lib/gcc/arm-none-eabi/10.3.1/../../../../arm-none-eabi/lib/thumb/v6-m/nofp/libc_nano.a(lib_a-fprintf.o)
                0x000000000800bdec                fprintf
                0x000000000800bdec                fiprintf
 .text.getchar  0x000000000800be0c       0x24 /opt/st/stm32cubeide_1.12.0/plugins/com.st.stm32cube.ide.mcu.externaltools.gnu-tools-for-stm32.10.3-2021.10.linux64_1.0.200.202301161003/tools/bin/../lib/gcc/arm-none-eabi/10.3.1/../../../../arm-none-eabi/lib/thumb/v6-m/nofp/libc_nano.a(lib_a-getchar.o)
                0x000000000800be0c                getchar
 .text.__libc_init_array
                0x000000000800be30       0x48 /opt/st/stm32cubeide_1.12.0/plugins/com.st.stm32cube.ide.mcu.externaltools.gnu-tools-for-stm32.10.3-2021.10.linux64_1.0.200.202301161003/tools/bin/../lib/gcc/arm-none-eabi/10.3.1/../../../../arm-none-eabi/lib/thumb/v6-m/nofp/libc_nano.a(lib_a-init.o)
                0x000000000800be30                __libc_init_array
 .text.malloc   0x000000000800be78       0x14 /opt/st/stm32cubeide_1.12.0/plugins/com.st.stm32cube.ide.mcu.externaltools.gnu-tools-for-stm32.10.3-2021.10.linux64_1.0.200.202301161003/tools/bin/../lib/gcc/arm-none-eabi/10.3.1/../../../../arm-none-eabi/lib/thumb/v6-m/nofp/libc_nano.a(lib_a-malloc.o)
                0x000000000800be78                malloc
 .text.free     0x000000000800be8c       0x14 /opt/st/stm32cubeide_1.12.0/plugins/com.st.stm32cube.ide.mcu.externaltools.gnu-tools-for-stm32.10.3-2021.10.linux64_1.0.200.202301161003/tools/bin/../lib/gcc/arm-none-eabi/10.3.1/../../../../arm-none-eabi/lib/thumb/v6-m/nofp/libc_nano.a(lib_a-malloc.o)
                0x000000000800be8c                free
 .text.memcmp   0x000000000800bea0       0x1c /opt/st/stm32cubeide_1.12.0/plugins/com.st.stm32cube.ide.mcu.externaltools.gnu-tools-for-stm32.10.3-2021.10.linux64_1.0.200.202301161003/tools/bin/../lib/gcc/arm-none-eabi/10.3.1/../../../../arm-none-eabi/lib/thumb/v6-m/nofp/libc_nano.a(lib_a-memcmp.o)
                0x000000000800bea0                memcmp
 .text.memcpy   0x000000000800bebc       0x12 /opt/st/stm32cubeide_1.12.0/plugins/com.st.stm32cube.ide.mcu.externaltools.gnu-tools-for-stm32.10.3-2021.10.linux64_1.0.200.202301161003/tools/bin/../lib/gcc/arm-none-eabi/10.3.1/../../../../arm-none-eabi/lib/thumb/v6-m/nofp/libc_nano.a(lib_a-memcpy-stub.o)
                0x000000000800bebc                memcpy
 .text.memset   0x000000000800bece       0x10 /opt/st/stm32cubeide_1.12.0/plugins/com.st.stm32cube.ide.mcu.externaltools.gnu-tools-for-stm32.10.3-2021.10.linux64_1.0.200.202301161003/tools/bin/../lib/gcc/arm-none-eabi/10.3.1/../../../../arm-none-eabi/lib/thumb/v6-m/nofp/libc_nano.a(lib_a-memset.o)
                0x000000000800bece                memset
 *fill*         0x000000000800bede        0x2 
 .text._free_r  0x000000000800bee0       0x94 /opt/st/stm32cubeide_1.12.0/plugins/com.st.stm32cube.ide.mcu.externaltools.gnu-tools-for-stm32.10.3-2021.10.linux64_1.0.200.202301161003/tools/bin/../lib/gcc/arm-none-eabi/10.3.1/../../../../arm-none-eabi/lib/thumb/v6-m/nofp/libc_nano.a(lib_a-nano-freer.o)
                0x000000000800bee0                _free_r
 .text.sbrk_aligned
                0x000000000800bf74       0x44 /opt/st/stm32cubeide_1.12.0/plugins/com.st.stm32cube.ide.mcu.externaltools.gnu-tools-for-stm32.10.3-2021.10.linux64_1.0.200.202301161003/tools/bin/../lib/gcc/arm-none-eabi/10.3.1/../../../../arm-none-eabi/lib/thumb/v6-m/nofp/libc_nano.a(lib_a-nano-mallocr.o)
 .text._malloc_r
                0x000000000800bfb8       0xec /opt/st/stm32cubeide_1.12.0/plugins/com.st.stm32cube.ide.mcu.externaltools.gnu-tools-for-stm32.10.3-2021.10.linux64_1.0.200.202301161003/tools/bin/../lib/gcc/arm-none-eabi/10.3.1/../../../../arm-none-eabi/lib/thumb/v6-m/nofp/libc_nano.a(lib_a-nano-mallocr.o)
                0x000000000800bfb8                _malloc_r
 .text.__sfputc_r
                0x000000000800c0a4       0x2a /opt/st/stm32cubeide_1.12.0/plugins/com.st.stm32cube.ide.mcu.externaltools.gnu-tools-for-stm32.10.3-2021.10.linux64_1.0.200.202301161003/tools/bin/../lib/gcc/arm-none-eabi/10.3.1/../../../../arm-none-eabi/lib/thumb/v6-m/nofp/libc_nano.a(lib_a-nano-vfprintf.o)
 .text.__sfputs_r
                0x000000000800c0ce       0x24 /opt/st/stm32cubeide_1.12.0/plugins/com.st.stm32cube.ide.mcu.externaltools.gnu-tools-for-stm32.10.3-2021.10.linux64_1.0.200.202301161003/tools/bin/../lib/gcc/arm-none-eabi/10.3.1/../../../../arm-none-eabi/lib/thumb/v6-m/nofp/libc_nano.a(lib_a-nano-vfprintf.o)
                0x000000000800c0ce                __sfputs_r
 *fill*         0x000000000800c0f2        0x2 
 .text._vfprintf_r
                0x000000000800c0f4      0x274 /opt/st/stm32cubeide_1.12.0/plugins/com.st.stm32cube.ide.mcu.externaltools.gnu-tools-for-stm32.10.3-2021.10.linux64_1.0.200.202301161003/tools/bin/../lib/gcc/arm-none-eabi/10.3.1/../../../../arm-none-eabi/lib/thumb/v6-m/nofp/libc_nano.a(lib_a-nano-vfprintf.o)
                0x000000000800c0f4                _vfiprintf_r
                0x000000000800c0f4                _vfprintf_r
 .text.__cvt    0x000000000800c368       0xc6 /opt/st/stm32cubeide_1.12.0/plugins/com.st.stm32cube.ide.mcu.externaltools.gnu-tools-for-stm32.10.3-2021.10.linux64_1.0.200.202301161003/tools/bin/../lib/gcc/arm-none-eabi/10.3.1/../../../../arm-none-eabi/lib/thumb/v6-m/nofp/libc_nano.a(lib_a-nano-vfprintf_float.o)
                0x000000000800c368                __cvt
 .text.__exponent
                0x000000000800c42e       0x8e /opt/st/stm32cubeide_1.12.0/plugins/com.st.stm32cube.ide.mcu.externaltools.gnu-tools-for-stm32.10.3-2021.10.linux64_1.0.200.202301161003/tools/bin/../lib/gcc/arm-none-eabi/10.3.1/../../../../arm-none-eabi/lib/thumb/v6-m/nofp/libc_nano.a(lib_a-nano-vfprintf_float.o)
                0x000000000800c42e                __exponent
 .text._printf_float
                0x000000000800c4bc      0x484 /opt/st/stm32cubeide_1.12.0/plugins/com.st.stm32cube.ide.mcu.externaltools.gnu-tools-for-stm32.10.3-2021.10.linux64_1.0.200.202301161003/tools/bin/../lib/gcc/arm-none-eabi/10.3.1/../../../../arm-none-eabi/lib/thumb/v6-m/nofp/libc_nano.a(lib_a-nano-vfprintf_float.o)
                0x000000000800c4bc                _printf_float
 .text._printf_common
                0x000000000800c940       0xde /opt/st/stm32cubeide_1.12.0/plugins/com.st.stm32cube.ide.mcu.externaltools.gnu-tools-for-stm32.10.3-2021.10.linux64_1.0.200.202301161003/tools/bin/../lib/gcc/arm-none-eabi/10.3.1/../../../../arm-none-eabi/lib/thumb/v6-m/nofp/libc_nano.a(lib_a-nano-vfprintf_i.o)
                0x000000000800c940                _printf_common
 *fill*         0x000000000800ca1e        0x2 
 .text._printf_i
                0x000000000800ca20      0x224 /opt/st/stm32cubeide_1.12.0/plugins/com.st.stm32cube.ide.mcu.externaltools.gnu-tools-for-stm32.10.3-2021.10.linux64_1.0.200.202301161003/tools/bin/../lib/gcc/arm-none-eabi/10.3.1/../../../../arm-none-eabi/lib/thumb/v6-m/nofp/libc_nano.a(lib_a-nano-vfprintf_i.o)
                0x000000000800ca20                _printf_i
 .text._scanf_float
                0x000000000800cc44      0x410 /opt/st/stm32cubeide_1.12.0/plugins/com.st.stm32cube.ide.mcu.externaltools.gnu-tools-for-stm32.10.3-2021.10.linux64_1.0.200.202301161003/tools/bin/../lib/gcc/arm-none-eabi/10.3.1/../../../../arm-none-eabi/lib/thumb/v6-m/nofp/libc_nano.a(lib_a-nano-vfscanf_float.o)
                0x000000000800cc44                _scanf_float
 .text.printf   0x000000000800d054       0x34 /opt/st/stm32cubeide_1.12.0/plugins/com.st.stm32cube.ide.mcu.externaltools.gnu-tools-for-stm32.10.3-2021.10.linux64_1.0.200.202301161003/tools/bin/../lib/gcc/arm-none-eabi/10.3.1/../../../../arm-none-eabi/lib/thumb/v6-m/nofp/libc_nano.a(lib_a-printf.o)
                0x000000000800d054                printf
                0x000000000800d054                iprintf
 .text.putchar  0x000000000800d088       0x28 /opt/st/stm32cubeide_1.12.0/plugins/com.st.stm32cube.ide.mcu.externaltools.gnu-tools-for-stm32.10.3-2021.10.linux64_1.0.200.202301161003/tools/bin/../lib/gcc/arm-none-eabi/10.3.1/../../../../arm-none-eabi/lib/thumb/v6-m/nofp/libc_nano.a(lib_a-putchar.o)
                0x000000000800d088                putchar
 .text._puts_r  0x000000000800d0b0       0xe4 /opt/st/stm32cubeide_1.12.0/plugins/com.st.stm32cube.ide.mcu.externaltools.gnu-tools-for-stm32.10.3-2021.10.linux64_1.0.200.202301161003/tools/bin/../lib/gcc/arm-none-eabi/10.3.1/../../../../arm-none-eabi/lib/thumb/v6-m/nofp/libc_nano.a(lib_a-puts.o)
                0x000000000800d0b0                _puts_r
 .text.puts     0x000000000800d194       0x14 /opt/st/stm32cubeide_1.12.0/plugins/com.st.stm32cube.ide.mcu.externaltools.gnu-tools-for-stm32.10.3-2021.10.linux64_1.0.200.202301161003/tools/bin/../lib/gcc/arm-none-eabi/10.3.1/../../../../arm-none-eabi/lib/thumb/v6-m/nofp/libc_nano.a(lib_a-puts.o)
                0x000000000800d194                puts
 .text._sbrk_r  0x000000000800d1a8       0x24 /opt/st/stm32cubeide_1.12.0/plugins/com.st.stm32cube.ide.mcu.externaltools.gnu-tools-for-stm32.10.3-2021.10.linux64_1.0.200.202301161003/tools/bin/../lib/gcc/arm-none-eabi/10.3.1/../../../../arm-none-eabi/lib/thumb/v6-m/nofp/libc_nano.a(lib_a-sbrkr.o)
                0x000000000800d1a8                _sbrk_r
 .text.setvbuf  0x000000000800d1cc      0x190 /opt/st/stm32cubeide_1.12.0/plugins/com.st.stm32cube.ide.mcu.externaltools.gnu-tools-for-stm32.10.3-2021.10.linux64_1.0.200.202301161003/tools/bin/../lib/gcc/arm-none-eabi/10.3.1/../../../../arm-none-eabi/lib/thumb/v6-m/nofp/libc_nano.a(lib_a-setvbuf.o)
                0x000000000800d1cc                setvbuf
 .text.nanf     0x000000000800d35c        0x8 /opt/st/stm32cubeide_1.12.0/plugins/com.st.stm32cube.ide.mcu.externaltools.gnu-tools-for-stm32.10.3-2021.10.linux64_1.0.200.202301161003/tools/bin/../lib/gcc/arm-none-eabi/10.3.1/../../../../arm-none-eabi/lib/thumb/v6-m/nofp/libc_nano.a(lib_a-sf_nan.o)
                0x000000000800d35c                nanf
 .text.snprintf
                0x000000000800d364       0x68 /opt/st/stm32cubeide_1.12.0/plugins/com.st.stm32cube.ide.mcu.externaltools.gnu-tools-for-stm32.10.3-2021.10.linux64_1.0.200.202301161003/tools/bin/../lib/gcc/arm-none-eabi/10.3.1/../../../../arm-none-eabi/lib/thumb/v6-m/nofp/libc_nano.a(lib_a-snprintf.o)
                0x000000000800d364                snprintf
                0x000000000800d364                sniprintf
 .text.sprintf  0x000000000800d3cc       0x40 /opt/st/stm32cubeide_1.12.0/plugins/com.st.stm32cube.ide.mcu.externaltools.gnu-tools-for-stm32.10.3-2021.10.linux64_1.0.200.202301161003/tools/bin/../lib/gcc/arm-none-eabi/10.3.1/../../../../arm-none-eabi/lib/thumb/v6-m/nofp/libc_nano.a(lib_a-sprintf.o)
                0x000000000800d3cc                sprintf
                0x000000000800d3cc                siprintf
 .text.sscanf   0x000000000800d40c       0x50 /opt/st/stm32cubeide_1.12.0/plugins/com.st.stm32cube.ide.mcu.externaltools.gnu-tools-for-stm32.10.3-2021.10.linux64_1.0.200.202301161003/tools/bin/../lib/gcc/arm-none-eabi/10.3.1/../../../../arm-none-eabi/lib/thumb/v6-m/nofp/libc_nano.a(lib_a-sscanf.o)
                0x000000000800d40c                sscanf
                0x000000000800d40c                siscanf
 .text.__sread  0x000000000800d45c       0x28 /opt/st/stm32cubeide_1.12.0/plugins/com.st.stm32cube.ide.mcu.externaltools.gnu-tools-for-stm32.10.3-2021.10.linux64_1.0.200.202301161003/tools/bin/../lib/gcc/arm-none-eabi/10.3.1/../../../../arm-none-eabi/lib/thumb/v6-m/nofp/libc_nano.a(lib_a-stdio.o)
                0x000000000800d45c                __sread
 .text.__seofread
                0x000000000800d484        0x4 /opt/st/stm32cubeide_1.12.0/plugins/com.st.stm32cube.ide.mcu.externaltools.gnu-tools-for-stm32.10.3-2021.10.linux64_1.0.200.202301161003/tools/bin/../lib/gcc/arm-none-eabi/10.3.1/../../../../arm-none-eabi/lib/thumb/v6-m/nofp/libc_nano.a(lib_a-stdio.o)
                0x000000000800d484                __seofread
 .text.__swrite
                0x000000000800d488       0x38 /opt/st/stm32cubeide_1.12.0/plugins/com.st.stm32cube.ide.mcu.externaltools.gnu-tools-for-stm32.10.3-2021.10.linux64_1.0.200.202301161003/tools/bin/../lib/gcc/arm-none-eabi/10.3.1/../../../../arm-none-eabi/lib/thumb/v6-m/nofp/libc_nano.a(lib_a-stdio.o)
                0x000000000800d488                __swrite
 .text.__sseek  0x000000000800d4c0       0x2c /opt/st/stm32cubeide_1.12.0/plugins/com.st.stm32cube.ide.mcu.externaltools.gnu-tools-for-stm32.10.3-2021.10.linux64_1.0.200.202301161003/tools/bin/../lib/gcc/arm-none-eabi/10.3.1/../../../../arm-none-eabi/lib/thumb/v6-m/nofp/libc_nano.a(lib_a-stdio.o)
                0x000000000800d4c0                __sseek
 .text.__sclose
                0x000000000800d4ec        0xc /opt/st/stm32cubeide_1.12.0/plugins/com.st.stm32cube.ide.mcu.externaltools.gnu-tools-for-stm32.10.3-2021.10.linux64_1.0.200.202301161003/tools/bin/../lib/gcc/arm-none-eabi/10.3.1/../../../../arm-none-eabi/lib/thumb/v6-m/nofp/libc_nano.a(lib_a-stdio.o)
                0x000000000800d4ec                __sclose
 .text.strchr   0x000000000800d4f8       0x1c /opt/st/stm32cubeide_1.12.0/plugins/com.st.stm32cube.ide.mcu.externaltools.gnu-tools-for-stm32.10.3-2021.10.linux64_1.0.200.202301161003/tools/bin/../lib/gcc/arm-none-eabi/10.3.1/../../../../arm-none-eabi/lib/thumb/v6-m/nofp/libc_nano.a(lib_a-strchr.o)
                0x000000000800d4f8                strchr
 .text.strcpy   0x000000000800d514       0x10 /opt/st/stm32cubeide_1.12.0/plugins/com.st.stm32cube.ide.mcu.externaltools.gnu-tools-for-stm32.10.3-2021.10.linux64_1.0.200.202301161003/tools/bin/../lib/gcc/arm-none-eabi/10.3.1/../../../../arm-none-eabi/lib/thumb/v6-m/nofp/libc_nano.a(lib_a-strcpy.o)
                0x000000000800d514                strcpy
 .text.strcspn  0x000000000800d524       0x22 /opt/st/stm32cubeide_1.12.0/plugins/com.st.stm32cube.ide.mcu.externaltools.gnu-tools-for-stm32.10.3-2021.10.linux64_1.0.200.202301161003/tools/bin/../lib/gcc/arm-none-eabi/10.3.1/../../../../arm-none-eabi/lib/thumb/v6-m/nofp/libc_nano.a(lib_a-strcspn.o)
                0x000000000800d524                strcspn
 .text.strncmp  0x000000000800d546       0x24 /opt/st/stm32cubeide_1.12.0/plugins/com.st.stm32cube.ide.mcu.externaltools.gnu-tools-for-stm32.10.3-2021.10.linux64_1.0.200.202301161003/tools/bin/../lib/gcc/arm-none-eabi/10.3.1/../../../../arm-none-eabi/lib/thumb/v6-m/nofp/libc_nano.a(lib_a-strncmp.o)
                0x000000000800d546                strncmp
 .text.strncpy  0x000000000800d56a       0x28 /opt/st/stm32cubeide_1.12.0/plugins/com.st.stm32cube.ide.mcu.externaltools.gnu-tools-for-stm32.10.3-2021.10.linux64_1.0.200.202301161003/tools/bin/../lib/gcc/arm-none-eabi/10.3.1/../../../../arm-none-eabi/lib/thumb/v6-m/nofp/libc_nano.a(lib_a-strncpy.o)
                0x000000000800d56a                strncpy
 .text.strspn   0x000000000800d592       0x22 /opt/st/stm32cubeide_1.12.0/plugins/com.st.stm32cube.ide.mcu.externaltools.gnu-tools-for-stm32.10.3-2021.10.linux64_1.0.200.202301161003/tools/bin/../lib/gcc/arm-none-eabi/10.3.1/../../../../arm-none-eabi/lib/thumb/v6-m/nofp/libc_nano.a(lib_a-strspn.o)
                0x000000000800d592                strspn
 .text.sulp     0x000000000800d5b4       0x30 /opt/st/stm32cubeide_1.12.0/plugins/com.st.stm32cube.ide.mcu.externaltools.gnu-tools-for-stm32.10.3-2021.10.linux64_1.0.200.202301161003/tools/bin/../lib/gcc/arm-none-eabi/10.3.1/../../../../arm-none-eabi/lib/thumb/v6-m/nofp/libc_nano.a(lib_a-strtod.o)
 .text._strtod_l
                0x000000000800d5e4      0xc28 /opt/st/stm32cubeide_1.12.0/plugins/com.st.stm32cube.ide.mcu.externaltools.gnu-tools-for-stm32.10.3-2021.10.linux64_1.0.200.202301161003/tools/bin/../lib/gcc/arm-none-eabi/10.3.1/../../../../arm-none-eabi/lib/thumb/v6-m/nofp/libc_nano.a(lib_a-strtod.o)
                0x000000000800d5e4                _strtod_l
 .text._strtod_r
                0x000000000800e20c       0x10 /opt/st/stm32cubeide_1.12.0/plugins/com.st.stm32cube.ide.mcu.externaltools.gnu-tools-for-stm32.10.3-2021.10.linux64_1.0.200.202301161003/tools/bin/../lib/gcc/arm-none-eabi/10.3.1/../../../../arm-none-eabi/lib/thumb/v6-m/nofp/libc_nano.a(lib_a-strtod.o)
                0x000000000800e20c                _strtod_r
 .text.strtod   0x000000000800e21c       0x1c /opt/st/stm32cubeide_1.12.0/plugins/com.st.stm32cube.ide.mcu.externaltools.gnu-tools-for-stm32.10.3-2021.10.linux64_1.0.200.202301161003/tools/bin/../lib/gcc/arm-none-eabi/10.3.1/../../../../arm-none-eabi/lib/thumb/v6-m/nofp/libc_nano.a(lib_a-strtod.o)
                0x000000000800e21c                strtod
 .text._strtol_l.constprop.0
                0x000000000800e238      0x11c /opt/st/stm32cubeide_1.12.0/plugins/com.st.stm32cube.ide.mcu.externaltools.gnu-tools-for-stm32.10.3-2021.10.linux64_1.0.200.202301161003/tools/bin/../lib/gcc/arm-none-eabi/10.3.1/../../../../arm-none-eabi/lib/thumb/v6-m/nofp/libc_nano.a(lib_a-strtol.o)
 .text._strtol_r
                0x000000000800e354        0x8 /opt/st/stm32cubeide_1.12.0/plugins/com.st.stm32cube.ide.mcu.externaltools.gnu-tools-for-stm32.10.3-2021.10.linux64_1.0.200.202301161003/tools/bin/../lib/gcc/arm-none-eabi/10.3.1/../../../../arm-none-eabi/lib/thumb/v6-m/nofp/libc_nano.a(lib_a-strtol.o)
                0x000000000800e354                _strtol_r
 .text.strtol   0x000000000800e35c       0x18 /opt/st/stm32cubeide_1.12.0/plugins/com.st.stm32cube.ide.mcu.externaltools.gnu-tools-for-stm32.10.3-2021.10.linux64_1.0.200.202301161003/tools/bin/../lib/gcc/arm-none-eabi/10.3.1/../../../../arm-none-eabi/lib/thumb/v6-m/nofp/libc_nano.a(lib_a-strtol.o)
                0x000000000800e35c                strtol
 .text._strtoul_l.constprop.0
                0x000000000800e374      0x114 /opt/st/stm32cubeide_1.12.0/plugins/com.st.stm32cube.ide.mcu.externaltools.gnu-tools-for-stm32.10.3-2021.10.linux64_1.0.200.202301161003/tools/bin/../lib/gcc/arm-none-eabi/10.3.1/../../../../arm-none-eabi/lib/thumb/v6-m/nofp/libc_nano.a(lib_a-strtoul.o)
 .text._strtoul_r
                0x000000000800e488        0x8 /opt/st/stm32cubeide_1.12.0/plugins/com.st.stm32cube.ide.mcu.externaltools.gnu-tools-for-stm32.10.3-2021.10.linux64_1.0.200.202301161003/tools/bin/../lib/gcc/arm-none-eabi/10.3.1/../../../../arm-none-eabi/lib/thumb/v6-m/nofp/libc_nano.a(lib_a-strtoul.o)
                0x000000000800e488                _strtoul_r
 .text.strtoul  0x000000000800e490       0x18 /opt/st/stm32cubeide_1.12.0/plugins/com.st.stm32cube.ide.mcu.externaltools.gnu-tools-for-stm32.10.3-2021.10.linux64_1.0.200.202301161003/tools/bin/../lib/gcc/arm-none-eabi/10.3.1/../../../../arm-none-eabi/lib/thumb/v6-m/nofp/libc_nano.a(lib_a-strtoul.o)
                0x000000000800e490                strtoul
 .text.__swbuf_r
                0x000000000800e4a8       0xac /opt/st/stm32cubeide_1.12.0/plugins/com.st.stm32cube.ide.mcu.externaltools.gnu-tools-for-stm32.10.3-2021.10.linux64_1.0.200.202301161003/tools/bin/../lib/gcc/arm-none-eabi/10.3.1/../../../../arm-none-eabi/lib/thumb/v6-m/nofp/libc_nano.a(lib_a-wbuf.o)
                0x000000000800e4a8                __swbuf_r
 .text._write_r
                0x000000000800e554       0x28 /opt/st/stm32cubeide_1.12.0/plugins/com.st.stm32cube.ide.mcu.externaltools.gnu-tools-for-stm32.10.3-2021.10.linux64_1.0.200.202301161003/tools/bin/../lib/gcc/arm-none-eabi/10.3.1/../../../../arm-none-eabi/lib/thumb/v6-m/nofp/libc_nano.a(lib_a-writer.o)
                0x000000000800e554                _write_r
 .text.__swsetup_r
                0x000000000800e57c       0xf0 /opt/st/stm32cubeide_1.12.0/plugins/com.st.stm32cube.ide.mcu.externaltools.gnu-tools-for-stm32.10.3-2021.10.linux64_1.0.200.202301161003/tools/bin/../lib/gcc/arm-none-eabi/10.3.1/../../../../arm-none-eabi/lib/thumb/v6-m/nofp/libc_nano.a(lib_a-wsetup.o)
                0x000000000800e57c                __swsetup_r
 .text.abort    0x000000000800e66c        0xe /opt/st/stm32cubeide_1.12.0/plugins/com.st.stm32cube.ide.mcu.externaltools.gnu-tools-for-stm32.10.3-2021.10.linux64_1.0.200.202301161003/tools/bin/../lib/gcc/arm-none-eabi/10.3.1/../../../../arm-none-eabi/lib/thumb/v6-m/nofp/libc_nano.a(lib_a-abort.o)
                0x000000000800e66c                abort
 *fill*         0x000000000800e67a        0x2 
 .text._close_r
                0x000000000800e67c       0x24 /opt/st/stm32cubeide_1.12.0/plugins/com.st.stm32cube.ide.mcu.externaltools.gnu-tools-for-stm32.10.3-2021.10.linux64_1.0.200.202301161003/tools/bin/../lib/gcc/arm-none-eabi/10.3.1/../../../../arm-none-eabi/lib/thumb/v6-m/nofp/libc_nano.a(lib_a-closer.o)
                0x000000000800e67c                _close_r
 .text.quorem   0x000000000800e6a0      0x116 /opt/st/stm32cubeide_1.12.0/plugins/com.st.stm32cube.ide.mcu.externaltools.gnu-tools-for-stm32.10.3-2021.10.linux64_1.0.200.202301161003/tools/bin/../lib/gcc/arm-none-eabi/10.3.1/../../../../arm-none-eabi/lib/thumb/v6-m/nofp/libc_nano.a(lib_a-dtoa.o)
 *fill*         0x000000000800e7b6        0x2 
 .text._dtoa_r  0x000000000800e7b8      0xc34 /opt/st/stm32cubeide_1.12.0/plugins/com.st.stm32cube.ide.mcu.externaltools.gnu-tools-for-stm32.10.3-2021.10.linux64_1.0.200.202301161003/tools/bin/../lib/gcc/arm-none-eabi/10.3.1/../../../../arm-none-eabi/lib/thumb/v6-m/nofp/libc_nano.a(lib_a-dtoa.o)
                0x000000000800e7b8                _dtoa_r
 .text.__sflush_r